<?xml version="1.0" encoding="utf-8"?>
<TestRun id="ef6500cf-5669-4f4b-9939-4a8a5e1f3f0a" name="DevStar@DEVSTAR 2025-06-14 22:27:07" runUser="DEVSTAR\DevStar" xmlns="http://microsoft.com/schemas/VisualStudio/TeamTest/2010">
  <Times creation="2025-06-14T22:27:07.2498477+10:00" queuing="2025-06-14T22:27:07.2498483+10:00" start="2025-06-14T22:27:06.1328069+10:00" finish="2025-06-14T22:27:07.9645062+10:00" />
  <TestSettings name="default" id="29fb85f6-9e0f-46d2-a4ce-5aa29f103c4c">
    <Deployment runDeploymentRoot="DevStar_DEVSTAR_2025-06-14_22_27_07" />
  </TestSettings>
  <Results>
    <UnitTestResult executionId="bd912d5d-b21a-46eb-88c5-64a66dd27730" testId="5c2a1970-68cc-7b2d-ec33-252445960660" testName="FlinkDotNet.Storage.FileSystem.Tests.FileSystemSnapshotReaderTests.GetStateInputStream_NonExistentState_ThrowsFileNotFoundException" computerName="DEVSTAR" duration="00:00:00.0042879" startTime="2025-06-14T22:27:07.2423878+10:00" endTime="2025-06-14T22:27:07.2466492+10:00" testType="13cdc9d9-ddb5-4fa4-a97d-d965ccfc6d4b" outcome="Passed" testListId="8c84fa94-04c1-424b-9868-57a2d4851a1d" relativeResultsDirectory="bd912d5d-b21a-46eb-88c5-64a66dd27730" />
    <UnitTestResult executionId="ce9a8d86-8bcb-4dc8-bd1c-98184c16ac88" testId="b037a408-1c76-f4a4-dd51-e9f3c329926a" testName="FlinkDotNet.Storage.FileSystem.Tests.FileSystemSnapshotWriterTests.DisposeAsync_UnclosedKeyedState_ClosesStates" computerName="DEVSTAR" duration="00:00:00.0147720" startTime="2025-06-14T22:27:07.9066129+10:00" endTime="2025-06-14T22:27:07.9213856+10:00" testType="13cdc9d9-ddb5-4fa4-a97d-d965ccfc6d4b" outcome="Passed" testListId="8c84fa94-04c1-424b-9868-57a2d4851a1d" relativeResultsDirectory="ce9a8d86-8bcb-4dc8-bd1c-98184c16ac88" />
    <UnitTestResult executionId="63c780eb-de83-407f-ab7a-77b45e4f09db" testId="5fe6a0d2-d86c-fb6e-3407-3ea084306fcf" testName="FlinkDotNet.Storage.FileSystem.Tests.DisaggregatedStateBackendTests.Constructor_EmptyBasePath_ThrowsArgumentException" computerName="DEVSTAR" duration="00:00:00.0009730" startTime="2025-06-14T22:27:07.1974604+10:00" endTime="2025-06-14T22:27:07.1975053+10:00" testType="13cdc9d9-ddb5-4fa4-a97d-d965ccfc6d4b" outcome="Passed" testListId="8c84fa94-04c1-424b-9868-57a2d4851a1d" relativeResultsDirectory="63c780eb-de83-407f-ab7a-77b45e4f09db" />
    <UnitTestResult executionId="7052e482-210d-4f06-9d5f-8a5627fa5d2d" testId="8795a134-ae60-95dc-1397-3a09fb8cbdf7" testName="FlinkDotNet.Storage.FileSystem.Tests.FileSystemSnapshotStoreTests.CreateWriter_SanitizesPathComponents" computerName="DEVSTAR" duration="00:00:00.0041414" startTime="2025-06-14T22:27:07.2246651+10:00" endTime="2025-06-14T22:27:07.2247185+10:00" testType="13cdc9d9-ddb5-4fa4-a97d-d965ccfc6d4b" outcome="Passed" testListId="8c84fa94-04c1-424b-9868-57a2d4851a1d" relativeResultsDirectory="7052e482-210d-4f06-9d5f-8a5627fa5d2d" />
    <UnitTestResult executionId="daea113f-dc2e-4787-a9bb-76e0c527a970" testId="bed1b621-8d1d-9228-6866-02e2911ccb7d" testName="FlinkDotNet.Storage.FileSystem.Tests.FileSystemSnapshotReaderTests.GetStateInputStream_ExistingState_ReturnsStream" computerName="DEVSTAR" duration="00:00:00.0030760" startTime="2025-06-14T22:27:07.2634208+10:00" endTime="2025-06-14T22:27:07.2664552+10:00" testType="13cdc9d9-ddb5-4fa4-a97d-d965ccfc6d4b" outcome="Passed" testListId="8c84fa94-04c1-424b-9868-57a2d4851a1d" relativeResultsDirectory="daea113f-dc2e-4787-a9bb-76e0c527a970" />
    <UnitTestResult executionId="7cd5aa83-812a-4e1c-89f1-b3ecd92f008c" testId="ec8829be-b3f7-0b7d-c895-de0dde230ff8" testName="FlinkDotNet.Storage.FileSystem.Tests.FileSystemSnapshotReaderTests.GetStateInputStream_EmptyReader_ThrowsFileNotFoundException" computerName="DEVSTAR" duration="00:00:00.0009520" startTime="2025-06-14T22:27:07.2507010+10:00" endTime="2025-06-14T22:27:07.2516104+10:00" testType="13cdc9d9-ddb5-4fa4-a97d-d965ccfc6d4b" outcome="Passed" testListId="8c84fa94-04c1-424b-9868-57a2d4851a1d" relativeResultsDirectory="7cd5aa83-812a-4e1c-89f1-b3ecd92f008c" />
    <UnitTestResult executionId="a77dcb60-da67-44dc-9268-dcae084e3cf3" testId="2574ddad-cf9f-aff1-7e99-84869e9d068a" testName="FlinkDotNet.Storage.FileSystem.Tests.FileSystemSnapshotWriterTests.WriteKeyedEntry_ValidData_WritesEntry" computerName="DEVSTAR" duration="00:00:00.1052403" startTime="2025-06-14T22:27:07.1037203+10:00" endTime="2025-06-14T22:27:07.2250998+10:00" testType="13cdc9d9-ddb5-4fa4-a97d-d965ccfc6d4b" outcome="Passed" testListId="8c84fa94-04c1-424b-9868-57a2d4851a1d" relativeResultsDirectory="a77dcb60-da67-44dc-9268-dcae084e3cf3" />
    <UnitTestResult executionId="59849838-83c7-4f2e-ba0a-c83bc3ef70bc" testId="c6ff001c-09f4-14b7-9f89-aa64a0b5b280" testName="FlinkDotNet.Storage.FileSystem.Tests.FileSystemSnapshotReaderTests.ReadKeyedStateEntries_BinaryData_HandlesCorrectly" computerName="DEVSTAR" duration="00:00:00.0884808" startTime="2025-06-14T22:27:07.1054395+10:00" endTime="2025-06-14T22:27:07.2203832+10:00" testType="13cdc9d9-ddb5-4fa4-a97d-d965ccfc6d4b" outcome="Passed" testListId="8c84fa94-04c1-424b-9868-57a2d4851a1d" relativeResultsDirectory="59849838-83c7-4f2e-ba0a-c83bc3ef70bc" />
    <UnitTestResult executionId="9712f5e2-b2e9-486c-a2c1-17f4db6a8059" testId="f878a5fb-4422-f99e-673f-1178d50fbe0d" testName="FlinkDotNet.Storage.FileSystem.Tests.FileSystemSnapshotWriterTests.CompleteWorkflow_RawAndKeyedState_CreatesAllFiles" computerName="DEVSTAR" duration="00:00:00.0302817" startTime="2025-06-14T22:27:07.7362835+10:00" endTime="2025-06-14T22:27:07.7665920+10:00" testType="13cdc9d9-ddb5-4fa4-a97d-d965ccfc6d4b" outcome="Passed" testListId="8c84fa94-04c1-424b-9868-57a2d4851a1d" relativeResultsDirectory="9712f5e2-b2e9-486c-a2c1-17f4db6a8059" />
    <UnitTestResult executionId="40d86c6c-bb94-41ec-bb16-4e7ef9381b2f" testId="5fa8cd30-6162-5771-2ee1-63c93f5c0e6e" testName="FlinkDotNet.Storage.FileSystem.Tests.FileSystemSnapshotWriterTests.EndKeyedState_ValidState_EndsState" computerName="DEVSTAR" duration="00:00:00.1239053" startTime="2025-06-14T22:27:07.2730350+10:00" endTime="2025-06-14T22:27:07.3965896+10:00" testType="13cdc9d9-ddb5-4fa4-a97d-d965ccfc6d4b" outcome="Passed" testListId="8c84fa94-04c1-424b-9868-57a2d4851a1d" relativeResultsDirectory="40d86c6c-bb94-41ec-bb16-4e7ef9381b2f" />
    <UnitTestResult executionId="9014b24a-dd6e-47cb-8527-5d3215c0ad6c" testId="a3b02fc7-ea2a-ac09-6f27-e1e5994b6c6d" testName="FlinkDotNet.Storage.FileSystem.Tests.FileSystemSnapshotStoreTests.RetrieveSnapshot_NullHandle_ReturnsNull" computerName="DEVSTAR" duration="00:00:00.0011312" startTime="2025-06-14T22:27:07.2206408+10:00" endTime="2025-06-14T22:27:07.2223398+10:00" testType="13cdc9d9-ddb5-4fa4-a97d-d965ccfc6d4b" outcome="Passed" testListId="8c84fa94-04c1-424b-9868-57a2d4851a1d" relativeResultsDirectory="9014b24a-dd6e-47cb-8527-5d3215c0ad6c" />
    <UnitTestResult executionId="48502ed8-7c27-4ca9-9231-01f76b50ce8c" testId="b9b70349-2f10-5095-4c9b-535bdd4bd780" testName="FlinkDotNet.Storage.FileSystem.Tests.FileSystemSnapshotStoreTests.CreateReader_NonExistentDirectory_ReturnsEmptyReader" computerName="DEVSTAR" duration="00:00:00.0790304" startTime="2025-06-14T22:27:07.1047333+10:00" endTime="2025-06-14T22:27:07.1865539+10:00" testType="13cdc9d9-ddb5-4fa4-a97d-d965ccfc6d4b" outcome="Passed" testListId="8c84fa94-04c1-424b-9868-57a2d4851a1d" relativeResultsDirectory="48502ed8-7c27-4ca9-9231-01f76b50ce8c" />
    <UnitTestResult executionId="2723abe1-05cb-446f-8dd6-4143ff23db11" testId="314b3a2e-7896-c53a-af49-3c1b49498b77" testName="FlinkDotNet.Storage.FileSystem.Tests.FileSystemSnapshotStoreTests.CreateReader_EmptyHandle_ReturnsEmptyReader" computerName="DEVSTAR" duration="00:00:00.0008061" startTime="2025-06-14T22:27:07.2271376+10:00" endTime="2025-06-14T22:27:07.2272005+10:00" testType="13cdc9d9-ddb5-4fa4-a97d-d965ccfc6d4b" outcome="Passed" testListId="8c84fa94-04c1-424b-9868-57a2d4851a1d" relativeResultsDirectory="2723abe1-05cb-446f-8dd6-4143ff23db11" />
    <UnitTestResult executionId="a5049449-2d48-4925-b2d1-dc85e22ffca8" testId="1bc7508d-0952-710e-6ae6-b3f28f81416e" testName="FlinkDotNet.Storage.FileSystem.Tests.FileSystemSnapshotWriterTests.WriteKeyedEntry_NoActiveState_ThrowsException" computerName="DEVSTAR" duration="00:00:00.0155224" startTime="2025-06-14T22:27:07.8909642+10:00" endTime="2025-06-14T22:27:07.9064839+10:00" testType="13cdc9d9-ddb5-4fa4-a97d-d965ccfc6d4b" outcome="Passed" testListId="8c84fa94-04c1-424b-9868-57a2d4851a1d" relativeResultsDirectory="a5049449-2d48-4925-b2d1-dc85e22ffca8" />
    <UnitTestResult executionId="e66c436e-ab2b-4b0b-ae61-9548c5c637ef" testId="e39b5a25-56a7-cddd-93c6-e30a6b4d9276" testName="FlinkDotNet.Storage.FileSystem.Tests.FileSystemSnapshotReaderTests.HasState_EmptyReader_ReturnsFalse" computerName="DEVSTAR" duration="00:00:00.0008673" startTime="2025-06-14T22:27:07.2243142+10:00" endTime="2025-06-14T22:27:07.2244109+10:00" testType="13cdc9d9-ddb5-4fa4-a97d-d965ccfc6d4b" outcome="Passed" testListId="8c84fa94-04c1-424b-9868-57a2d4851a1d" relativeResultsDirectory="e66c436e-ab2b-4b0b-ae61-9548c5c637ef" />
    <UnitTestResult executionId="55687815-50bc-4988-9eaa-a9b04fd45c51" testId="a5173ef4-025b-c328-8842-de0277cfe1c2" testName="FlinkDotNet.Storage.FileSystem.Tests.FileSystemSnapshotWriterTests.CommitAndGetHandleAsync_ReturnsCorrectHandle" computerName="DEVSTAR" duration="00:00:00.0156879" startTime="2025-06-14T22:27:07.6732560+10:00" endTime="2025-06-14T22:27:07.6888543+10:00" testType="13cdc9d9-ddb5-4fa4-a97d-d965ccfc6d4b" outcome="Passed" testListId="8c84fa94-04c1-424b-9868-57a2d4851a1d" relativeResultsDirectory="55687815-50bc-4988-9eaa-a9b04fd45c51" />
    <UnitTestResult executionId="37056126-b2e2-4306-a674-82846d23965f" testId="9dfd4aea-e22a-0c6c-46eb-13dc8bf60695" testName="FlinkDotNet.Storage.FileSystem.Tests.FileSystemSnapshotReaderTests.ReadKeyedStateEntries_ExistingState_ReturnsAllEntries" computerName="DEVSTAR" duration="00:00:00.0075326" startTime="2025-06-14T22:27:07.2345862+10:00" endTime="2025-06-14T22:27:07.2422483+10:00" testType="13cdc9d9-ddb5-4fa4-a97d-d965ccfc6d4b" outcome="Passed" testListId="8c84fa94-04c1-424b-9868-57a2d4851a1d" relativeResultsDirectory="37056126-b2e2-4306-a674-82846d23965f" />
    <UnitTestResult executionId="fb6705c1-68c6-419d-83af-2af70137860c" testId="f9d1a5a2-08ba-77fe-4edc-6d503047713a" testName="FlinkDotNet.Storage.FileSystem.Tests.DisaggregatedStateBackendTests.Constructor_WhitespaceBasePath_CreatesDirectoryInCurrentLocation(basePath: &quot;\t&quot;)" computerName="DEVSTAR" duration="00:00:00.0015348" startTime="2025-06-14T22:27:07.2190738+10:00" endTime="2025-06-14T22:27:07.2192160+10:00" testType="13cdc9d9-ddb5-4fa4-a97d-d965ccfc6d4b" outcome="Passed" testListId="8c84fa94-04c1-424b-9868-57a2d4851a1d" relativeResultsDirectory="fb6705c1-68c6-419d-83af-2af70137860c" />
    <UnitTestResult executionId="7f5e8b38-ef34-4b74-9e54-f9b2ec8c549a" testId="b34d8568-fd48-62f4-9469-a72ca0d580f7" testName="FlinkDotNet.Storage.FileSystem.Tests.FileSystemSnapshotWriterTests.CommitAndGetHandleAsync_UnclosedKeyedState_AutoCloses" computerName="DEVSTAR" duration="00:00:00.0150843" startTime="2025-06-14T22:27:07.2580835+10:00" endTime="2025-06-14T22:27:07.2726419+10:00" testType="13cdc9d9-ddb5-4fa4-a97d-d965ccfc6d4b" outcome="Passed" testListId="8c84fa94-04c1-424b-9868-57a2d4851a1d" relativeResultsDirectory="7f5e8b38-ef34-4b74-9e54-f9b2ec8c549a" />
    <UnitTestResult executionId="d22fa207-a733-46f5-b9e1-702eced486be" testId="c272a40c-7e27-c6f3-6dc2-bda6c064fa6d" testName="FlinkDotNet.Storage.FileSystem.Tests.FileSystemSnapshotStoreTests.CreateWriter_CreatesDirectoryStructure" computerName="DEVSTAR" duration="00:00:00.0028330" startTime="2025-06-14T22:27:07.2266162+10:00" endTime="2025-06-14T22:27:07.2268583+10:00" testType="13cdc9d9-ddb5-4fa4-a97d-d965ccfc6d4b" outcome="Passed" testListId="8c84fa94-04c1-424b-9868-57a2d4851a1d" relativeResultsDirectory="d22fa207-a733-46f5-b9e1-702eced486be" />
    <UnitTestResult executionId="6ad50265-4c6f-4e46-9442-95c5a3f93fba" testId="0e4b2331-3cbf-1d46-9dac-0fc8c0ae9fac" testName="FlinkDotNet.Storage.FileSystem.Tests.FileSystemSnapshotStoreTests.StoreSnapshot_CreatesCorrectDirectoryStructure" computerName="DEVSTAR" duration="00:00:00.0039925" startTime="2025-06-14T22:27:07.2450592+10:00" endTime="2025-06-14T22:27:07.2485986+10:00" testType="13cdc9d9-ddb5-4fa4-a97d-d965ccfc6d4b" outcome="Passed" testListId="8c84fa94-04c1-424b-9868-57a2d4851a1d" relativeResultsDirectory="6ad50265-4c6f-4e46-9442-95c5a3f93fba" />
    <UnitTestResult executionId="5eb9ac27-29a2-45e1-ad09-0ba4d24e36d9" testId="7ab1e4b6-6a71-8872-ae79-eab478c8b9a6" testName="FlinkDotNet.Storage.FileSystem.Tests.DisaggregatedStateBackendTests.Constructor_ValidPath_CreatesDirectoryAndInitializesProperties" computerName="DEVSTAR" duration="00:00:00.0794323" startTime="2025-06-14T22:27:07.1054661+10:00" endTime="2025-06-14T22:27:07.1970214+10:00" testType="13cdc9d9-ddb5-4fa4-a97d-d965ccfc6d4b" outcome="Passed" testListId="8c84fa94-04c1-424b-9868-57a2d4851a1d" relativeResultsDirectory="5eb9ac27-29a2-45e1-ad09-0ba4d24e36d9" />
    <UnitTestResult executionId="57c9917f-1c1b-47d2-9ef5-a59f43510305" testId="1a639d8c-b1a4-cd30-64d0-46faf3b5a2a7" testName="FlinkDotNet.Storage.FileSystem.Tests.DisaggregatedStateBackendTests.SnapshotStore_IsReadOnly" computerName="DEVSTAR" duration="00:00:00.0014089" startTime="2025-06-14T22:27:07.1973403+10:00" endTime="2025-06-14T22:27:07.1973919+10:00" testType="13cdc9d9-ddb5-4fa4-a97d-d965ccfc6d4b" outcome="Passed" testListId="8c84fa94-04c1-424b-9868-57a2d4851a1d" relativeResultsDirectory="57c9917f-1c1b-47d2-9ef5-a59f43510305" />
    <UnitTestResult executionId="64a7dcdd-a935-4349-a3c3-8a3d9b2b963e" testId="1d71a1b4-d718-4050-6b17-091fc8b60ad3" testName="FlinkDotNet.Storage.FileSystem.Tests.FileSystemSnapshotStoreTests.CreateReader_ValidDirectory_ReturnsReader" computerName="DEVSTAR" duration="00:00:00.0062088" startTime="2025-06-14T22:27:07.1969615+10:00" endTime="2025-06-14T22:27:07.2203314+10:00" testType="13cdc9d9-ddb5-4fa4-a97d-d965ccfc6d4b" outcome="Passed" testListId="8c84fa94-04c1-424b-9868-57a2d4851a1d" relativeResultsDirectory="64a7dcdd-a935-4349-a3c3-8a3d9b2b963e" />
    <UnitTestResult executionId="d9113621-d44a-4ce2-a71e-dd4f63a30c78" testId="a760b883-4763-7135-21a0-fb7dedfad01a" testName="FlinkDotNet.Storage.FileSystem.Tests.FileSystemSnapshotReaderTests.HasState_ExistingState_ReturnsTrue" computerName="DEVSTAR" duration="00:00:00.0058025" startTime="2025-06-14T22:27:07.2284772+10:00" endTime="2025-06-14T22:27:07.2308166+10:00" testType="13cdc9d9-ddb5-4fa4-a97d-d965ccfc6d4b" outcome="Passed" testListId="8c84fa94-04c1-424b-9868-57a2d4851a1d" relativeResultsDirectory="d9113621-d44a-4ce2-a71e-dd4f63a30c78" />
    <UnitTestResult executionId="88a90887-4ea4-4368-9d25-e67f16ddf727" testId="69104598-873f-2a5e-be96-9743a344de32" testName="FlinkDotNet.Storage.FileSystem.Tests.FileSystemSnapshotReaderTests.ReadKeyedStateEntries_UnsupportedVersion_ThrowsIOException" computerName="DEVSTAR" duration="00:00:00.0078958" startTime="2025-06-14T22:27:07.2520157+10:00" endTime="2025-06-14T22:27:07.2597065+10:00" testType="13cdc9d9-ddb5-4fa4-a97d-d965ccfc6d4b" outcome="Passed" testListId="8c84fa94-04c1-424b-9868-57a2d4851a1d" relativeResultsDirectory="88a90887-4ea4-4368-9d25-e67f16ddf727" />
    <UnitTestResult executionId="358b6005-0ec8-414d-8c2c-86c2941726b5" testId="5065cbc2-7931-6c50-e397-f7723bfdd9bd" testName="FlinkDotNet.Storage.FileSystem.Tests.FileSystemSnapshotReaderTests.HasKeyedState_NonExistentState_ReturnsFalse" computerName="DEVSTAR" duration="00:00:00.0036947" startTime="2025-06-14T22:27:07.2467834+10:00" endTime="2025-06-14T22:27:07.2505011+10:00" testType="13cdc9d9-ddb5-4fa4-a97d-d965ccfc6d4b" outcome="Passed" testListId="8c84fa94-04c1-424b-9868-57a2d4851a1d" relativeResultsDirectory="358b6005-0ec8-414d-8c2c-86c2941726b5" />
    <UnitTestResult executionId="ac1cb863-d8ad-4502-b38f-714487c62f15" testId="4582e39e-f861-b2d6-df57-1983b90dff70" testName="FlinkDotNet.Storage.FileSystem.Tests.FileSystemSnapshotStoreTests.StoreAndRetrieve_EmptyData_WorksCorrectly" computerName="DEVSTAR" duration="00:00:00.0052463" startTime="2025-06-14T22:27:07.2282214+10:00" endTime="2025-06-14T22:27:07.2287416+10:00" testType="13cdc9d9-ddb5-4fa4-a97d-d965ccfc6d4b" outcome="Passed" testListId="8c84fa94-04c1-424b-9868-57a2d4851a1d" relativeResultsDirectory="ac1cb863-d8ad-4502-b38f-714487c62f15" />
    <UnitTestResult executionId="56802809-b6da-4711-8d88-84adbdc5b2ab" testId="60d19a49-dcdf-e9e6-0066-1211488a8ab1" testName="FlinkDotNet.Storage.FileSystem.Tests.FileSystemSnapshotStoreTests.CreateWriter_ValidParameters_ReturnsWriter" computerName="DEVSTAR" duration="00:00:00.0015854" startTime="2025-06-14T22:27:07.2241415+10:00" endTime="2025-06-14T22:27:07.2245802+10:00" testType="13cdc9d9-ddb5-4fa4-a97d-d965ccfc6d4b" outcome="Passed" testListId="8c84fa94-04c1-424b-9868-57a2d4851a1d" relativeResultsDirectory="56802809-b6da-4711-8d88-84adbdc5b2ab" />
    <UnitTestResult executionId="443142e2-fca7-48c8-9d16-e8fd1c5ee5a6" testId="a077d05d-440c-7167-768e-82257ce83c69" testName="FlinkDotNet.Storage.FileSystem.Tests.FileSystemSnapshotReaderTests.Dispose_ValidReader_DoesNotThrow" computerName="DEVSTAR" duration="00:00:00.0034304" startTime="2025-06-14T22:27:07.2309806+10:00" endTime="2025-06-14T22:27:07.2343867+10:00" testType="13cdc9d9-ddb5-4fa4-a97d-d965ccfc6d4b" outcome="Passed" testListId="8c84fa94-04c1-424b-9868-57a2d4851a1d" relativeResultsDirectory="443142e2-fca7-48c8-9d16-e8fd1c5ee5a6" />
    <UnitTestResult executionId="4eb126db-255b-4423-8be5-fa0fcb6b9636" testId="d4d295f7-18cb-833d-e395-9b0b0a8613d7" testName="FlinkDotNet.Storage.FileSystem.Tests.FileSystemSnapshotStoreTests.Constructor_ValidPath_CreatesDirectory" computerName="DEVSTAR" duration="00:00:00.0009737" startTime="2025-06-14T22:27:07.2269725+10:00" endTime="2025-06-14T22:27:07.2270364+10:00" testType="13cdc9d9-ddb5-4fa4-a97d-d965ccfc6d4b" outcome="Passed" testListId="8c84fa94-04c1-424b-9868-57a2d4851a1d" relativeResultsDirectory="4eb126db-255b-4423-8be5-fa0fcb6b9636" />
    <UnitTestResult executionId="66ed8997-be16-48bb-8c07-f5fae4073c05" testId="2b724d83-a445-f631-94cf-98b0d13fd28d" testName="FlinkDotNet.Storage.FileSystem.Tests.FileSystemSnapshotWriterTests.BeginKeyedState_TwoStatesSimultaneously_ThrowsException" computerName="DEVSTAR" duration="00:00:00.1214871" startTime="2025-06-14T22:27:07.4130026+10:00" endTime="2025-06-14T22:27:07.5346857+10:00" testType="13cdc9d9-ddb5-4fa4-a97d-d965ccfc6d4b" outcome="Passed" testListId="8c84fa94-04c1-424b-9868-57a2d4851a1d" relativeResultsDirectory="66ed8997-be16-48bb-8c07-f5fae4073c05" />
    <UnitTestResult executionId="f189d765-583e-4e3b-a111-3b2eb371cae3" testId="9cf398e8-297d-fb70-5a43-948281d95dca" testName="FlinkDotNet.Storage.FileSystem.Tests.DisaggregatedStateBackendTests.BasePath_IsReadOnly" computerName="DEVSTAR" duration="00:00:00.0006082" startTime="2025-06-14T22:27:07.2198136+10:00" endTime="2025-06-14T22:27:07.2199028+10:00" testType="13cdc9d9-ddb5-4fa4-a97d-d965ccfc6d4b" outcome="Passed" testListId="8c84fa94-04c1-424b-9868-57a2d4851a1d" relativeResultsDirectory="f189d765-583e-4e3b-a111-3b2eb371cae3" />
    <UnitTestResult executionId="e92f3e3e-5d42-44be-b1d1-5fae8695fad8" testId="e86fb3d3-4f1c-32f2-5ac8-8deb92699139" testName="FlinkDotNet.Storage.FileSystem.Tests.FileSystemSnapshotWriterTests.CommitAndGetHandleAsync_WritesKeyedStateFile" computerName="DEVSTAR" duration="00:00:00.0305180" startTime="2025-06-14T22:27:07.2286906+10:00" endTime="2025-06-14T22:27:07.2573590+10:00" testType="13cdc9d9-ddb5-4fa4-a97d-d965ccfc6d4b" outcome="Passed" testListId="8c84fa94-04c1-424b-9868-57a2d4851a1d" relativeResultsDirectory="e92f3e3e-5d42-44be-b1d1-5fae8695fad8" />
    <UnitTestResult executionId="957dd04d-e641-43b9-b967-e9d2176b6637" testId="9f0535bc-00f0-639d-7f1b-2f5663e0d5cb" testName="FlinkDotNet.Storage.FileSystem.Tests.FileSystemSnapshotReaderTests.ReadKeyedStateEntries_EmptyFile_ReturnsEmpty" computerName="DEVSTAR" duration="00:00:00.0038960" startTime="2025-06-14T22:27:07.2249276+10:00" endTime="2025-06-14T22:27:07.2249736+10:00" testType="13cdc9d9-ddb5-4fa4-a97d-d965ccfc6d4b" outcome="Passed" testListId="8c84fa94-04c1-424b-9868-57a2d4851a1d" relativeResultsDirectory="957dd04d-e641-43b9-b967-e9d2176b6637" />
    <UnitTestResult executionId="3800efa2-c920-4b21-b459-0755b0324fe0" testId="6eba11bd-bff2-60e4-b64c-005eefb06129" testName="FlinkDotNet.Storage.FileSystem.Tests.FileSystemSnapshotReaderTests.ReadKeyedStateEntries_NonExistentState_ReturnsEmpty" computerName="DEVSTAR" duration="00:00:00.0040836" startTime="2025-06-14T22:27:07.2264353+10:00" endTime="2025-06-14T22:27:07.2266811+10:00" testType="13cdc9d9-ddb5-4fa4-a97d-d965ccfc6d4b" outcome="Passed" testListId="8c84fa94-04c1-424b-9868-57a2d4851a1d" relativeResultsDirectory="3800efa2-c920-4b21-b459-0755b0324fe0" />
    <UnitTestResult executionId="f9e06dad-d67d-4bff-b4e2-137b5c05848a" testId="0f698183-1c7b-449a-2641-58193576caf7" testName="FlinkDotNet.Storage.FileSystem.Tests.FileSystemSnapshotStoreTests.RetrieveSnapshot_NonExistentFile_ReturnsNull" computerName="DEVSTAR" duration="00:00:00.0009848" startTime="2025-06-14T22:27:07.2273239+10:00" endTime="2025-06-14T22:27:07.2273882+10:00" testType="13cdc9d9-ddb5-4fa4-a97d-d965ccfc6d4b" outcome="Passed" testListId="8c84fa94-04c1-424b-9868-57a2d4851a1d" relativeResultsDirectory="f9e06dad-d67d-4bff-b4e2-137b5c05848a" />
    <UnitTestResult executionId="755927ce-2199-40b0-860c-cf448013d28d" testId="9777c817-3acc-0cb4-f5e3-9e2ad73e667d" testName="FlinkDotNet.Storage.FileSystem.Tests.FileSystemSnapshotWriterTests.GetStateOutputStream_SanitizesStateName" computerName="DEVSTAR" duration="00:00:00.0162615" startTime="2025-06-14T22:27:07.6890003+10:00" endTime="2025-06-14T22:27:07.7052282+10:00" testType="13cdc9d9-ddb5-4fa4-a97d-d965ccfc6d4b" outcome="Passed" testListId="8c84fa94-04c1-424b-9868-57a2d4851a1d" relativeResultsDirectory="755927ce-2199-40b0-860c-cf448013d28d" />
    <UnitTestResult executionId="068368d1-74a1-4641-a128-bd8da56b7bc2" testId="8fe644bc-d652-7522-d70d-b93d77e83654" testName="FlinkDotNet.Storage.FileSystem.Tests.FileSystemSnapshotStoreTests.StoreSnapshot_ValidData_StoresFile" computerName="DEVSTAR" duration="00:00:00.0065820" startTime="2025-06-14T22:27:07.2248043+10:00" endTime="2025-06-14T22:27:07.2260656+10:00" testType="13cdc9d9-ddb5-4fa4-a97d-d965ccfc6d4b" outcome="Passed" testListId="8c84fa94-04c1-424b-9868-57a2d4851a1d" relativeResultsDirectory="068368d1-74a1-4641-a128-bd8da56b7bc2" />
    <UnitTestResult executionId="e683d414-7176-4071-b579-bd12ee3f7584" testId="486b2579-2c97-8947-6d90-c37534185318" testName="FlinkDotNet.Storage.FileSystem.Tests.FileSystemSnapshotWriterTests.GetStateOutputStream_WriteData_CreatesFile" computerName="DEVSTAR" duration="00:00:00.0304929" startTime="2025-06-14T22:27:07.7053688+10:00" endTime="2025-06-14T22:27:07.7361616+10:00" testType="13cdc9d9-ddb5-4fa4-a97d-d965ccfc6d4b" outcome="Passed" testListId="8c84fa94-04c1-424b-9868-57a2d4851a1d" relativeResultsDirectory="e683d414-7176-4071-b579-bd12ee3f7584" />
    <UnitTestResult executionId="5ea9406b-1a80-44ac-a593-f3c43db84b36" testId="6c0520d7-18ff-07c0-9b13-56fbf16c2c4f" testName="FlinkDotNet.Storage.FileSystem.Tests.FileSystemSnapshotReaderTests.ReadKeyedStateEntries_EmptyReader_ReturnsEmpty" computerName="DEVSTAR" duration="00:00:00.0020609" startTime="2025-06-14T22:27:07.2206830+10:00" endTime="2025-06-14T22:27:07.2241901+10:00" testType="13cdc9d9-ddb5-4fa4-a97d-d965ccfc6d4b" outcome="Passed" testListId="8c84fa94-04c1-424b-9868-57a2d4851a1d" relativeResultsDirectory="5ea9406b-1a80-44ac-a593-f3c43db84b36" />
    <UnitTestResult executionId="9f4991a5-60bc-4065-af2a-35d2a60a45be" testId="8bd37d9e-e2ab-3040-fbd6-19c581cc7789" testName="FlinkDotNet.Storage.FileSystem.Tests.FileSystemSnapshotWriterTests.EndKeyedState_NonActiveState_ThrowsException" computerName="DEVSTAR" duration="00:00:00.0168449" startTime="2025-06-14T22:27:07.5350568+10:00" endTime="2025-06-14T22:27:07.5515895+10:00" testType="13cdc9d9-ddb5-4fa4-a97d-d965ccfc6d4b" outcome="Passed" testListId="8c84fa94-04c1-424b-9868-57a2d4851a1d" relativeResultsDirectory="9f4991a5-60bc-4065-af2a-35d2a60a45be" />
    <UnitTestResult executionId="942878db-f8fe-42d2-a2e4-a30035c241bd" testId="c64f92ca-97be-ef6c-3833-bd775c2ccc05" testName="FlinkDotNet.Storage.FileSystem.Tests.FileSystemSnapshotReaderTests.HasKeyedState_ExistingState_ReturnsTrue" computerName="DEVSTAR" duration="00:00:00.0030780" startTime="2025-06-14T22:27:07.2665867+10:00" endTime="2025-06-14T22:27:07.2696574+10:00" testType="13cdc9d9-ddb5-4fa4-a97d-d965ccfc6d4b" outcome="Passed" testListId="8c84fa94-04c1-424b-9868-57a2d4851a1d" relativeResultsDirectory="942878db-f8fe-42d2-a2e4-a30035c241bd" />
    <UnitTestResult executionId="1f8dd55b-8c27-402c-8fdc-c8c70c3ac098" testId="22dfa92c-ed48-d1b7-7a15-bfebf010e0c6" testName="FlinkDotNet.Storage.FileSystem.Tests.FileSystemSnapshotWriterTests.BeginKeyedState_DuplicateState_ThrowsException" computerName="DEVSTAR" duration="00:00:00.1241457" startTime="2025-06-14T22:27:07.7667197+10:00" endTime="2025-06-14T22:27:07.8908417+10:00" testType="13cdc9d9-ddb5-4fa4-a97d-d965ccfc6d4b" outcome="Passed" testListId="8c84fa94-04c1-424b-9868-57a2d4851a1d" relativeResultsDirectory="1f8dd55b-8c27-402c-8fdc-c8c70c3ac098" />
    <UnitTestResult executionId="414801d8-8433-4077-b9aa-9e2412fb7354" testId="7c7c3bdb-1f3f-dbcf-b8ea-73b50c64e481" testName="FlinkDotNet.Storage.FileSystem.Tests.FileSystemSnapshotWriterTests.BeginKeyedState_ValidStateName_StartsKeyedState" computerName="DEVSTAR" duration="00:00:00.1213919" startTime="2025-06-14T22:27:07.5524695+10:00" endTime="2025-06-14T22:27:07.6730708+10:00" testType="13cdc9d9-ddb5-4fa4-a97d-d965ccfc6d4b" outcome="Passed" testListId="8c84fa94-04c1-424b-9868-57a2d4851a1d" relativeResultsDirectory="414801d8-8433-4077-b9aa-9e2412fb7354" />
    <UnitTestResult executionId="31b3d8c0-3b05-46d9-a080-98bc22a4e6c7" testId="d1712d09-3d14-5da3-dac7-46859e2dcbd1" testName="FlinkDotNet.Storage.FileSystem.Tests.FileSystemSnapshotReaderTests.ReadKeyedStateEntries_CorruptedMagicNumber_ThrowsIOException" computerName="DEVSTAR" duration="00:00:00.0082444" startTime="2025-06-14T22:27:07.2267739+10:00" endTime="2025-06-14T22:27:07.2283199+10:00" testType="13cdc9d9-ddb5-4fa4-a97d-d965ccfc6d4b" outcome="Passed" testListId="8c84fa94-04c1-424b-9868-57a2d4851a1d" relativeResultsDirectory="31b3d8c0-3b05-46d9-a080-98bc22a4e6c7" />
    <UnitTestResult executionId="046a8e09-e2e4-4c7c-9b0e-2d720bffea75" testId="eb40f6b7-b105-a09a-c0a4-3675657cf10f" testName="FlinkDotNet.Storage.FileSystem.Tests.FileSystemSnapshotReaderTests.HasKeyedState_EmptyReader_ReturnsFalse" computerName="DEVSTAR" duration="00:00:00.0017616" startTime="2025-06-14T22:27:07.2250564+10:00" endTime="2025-06-14T22:27:07.2262908+10:00" testType="13cdc9d9-ddb5-4fa4-a97d-d965ccfc6d4b" outcome="Passed" testListId="8c84fa94-04c1-424b-9868-57a2d4851a1d" relativeResultsDirectory="046a8e09-e2e4-4c7c-9b0e-2d720bffea75" />
    <UnitTestResult executionId="8cca38cc-688b-4f01-ac88-89b8523f8eaf" testId="6ba2053d-1c61-e233-c32f-2d9ac62e40d1" testName="FlinkDotNet.Storage.FileSystem.Tests.FileSystemSnapshotStoreTests.RetrieveSnapshot_EmptyHandle_ReturnsNull" computerName="DEVSTAR" duration="00:00:00.0006700" startTime="2025-06-14T22:27:07.2547288+10:00" endTime="2025-06-14T22:27:07.2550158+10:00" testType="13cdc9d9-ddb5-4fa4-a97d-d965ccfc6d4b" outcome="Passed" testListId="8c84fa94-04c1-424b-9868-57a2d4851a1d" relativeResultsDirectory="8cca38cc-688b-4f01-ac88-89b8523f8eaf" />
    <UnitTestResult executionId="95aca885-9416-496d-b682-3d547c02e104" testId="de1ead09-7d2d-c5e7-47eb-4160ec5f6ed3" testName="FlinkDotNet.Storage.FileSystem.Tests.FileSystemSnapshotReaderTests.GetStateInputStream_ReadData_ReturnsCorrectContent" computerName="DEVSTAR" duration="00:00:00.0063581" startTime="2025-06-14T22:27:07.2245440+10:00" endTime="2025-06-14T22:27:07.2248476+10:00" testType="13cdc9d9-ddb5-4fa4-a97d-d965ccfc6d4b" outcome="Passed" testListId="8c84fa94-04c1-424b-9868-57a2d4851a1d" relativeResultsDirectory="95aca885-9416-496d-b682-3d547c02e104" />
    <UnitTestResult executionId="f2fec837-3bae-4773-a0d1-61e17c423330" testId="8fe3920c-e702-5da7-9507-a55f5062b409" testName="FlinkDotNet.Storage.FileSystem.Tests.FileSystemSnapshotReaderTests.HasState_NonExistentState_ReturnsFalse" computerName="DEVSTAR" duration="00:00:00.0034199" startTime="2025-06-14T22:27:07.2598426+10:00" endTime="2025-06-14T22:27:07.2632920+10:00" testType="13cdc9d9-ddb5-4fa4-a97d-d965ccfc6d4b" outcome="Passed" testListId="8c84fa94-04c1-424b-9868-57a2d4851a1d" relativeResultsDirectory="f2fec837-3bae-4773-a0d1-61e17c423330" />
    <UnitTestResult executionId="b69b7e10-477c-445f-b704-b0907cb3bcc4" testId="d734c9ee-324e-014b-c969-8307c924bf5f" testName="FlinkDotNet.Storage.FileSystem.Tests.FileSystemSnapshotStoreTests.CreateReader_NullHandle_ReturnsEmptyReader" computerName="DEVSTAR" duration="00:00:00.0009004" startTime="2025-06-14T22:27:07.2534075+10:00" endTime="2025-06-14T22:27:07.2543582+10:00" testType="13cdc9d9-ddb5-4fa4-a97d-d965ccfc6d4b" outcome="Passed" testListId="8c84fa94-04c1-424b-9868-57a2d4851a1d" relativeResultsDirectory="b69b7e10-477c-445f-b704-b0907cb3bcc4" />
    <UnitTestResult executionId="5a6f5c67-62c8-406c-ad75-512f6f41ad19" testId="9cfc3e77-72cb-39f5-6ae0-0e79d6287e8d" testName="FlinkDotNet.Storage.FileSystem.Tests.DisaggregatedStateBackendTests.Constructor_NestedPath_CreatesNestedDirectories" computerName="DEVSTAR" duration="00:00:00.0010474" startTime="2025-06-14T22:27:07.2202576+10:00" endTime="2025-06-14T22:27:07.2205548+10:00" testType="13cdc9d9-ddb5-4fa4-a97d-d965ccfc6d4b" outcome="Passed" testListId="8c84fa94-04c1-424b-9868-57a2d4851a1d" relativeResultsDirectory="5a6f5c67-62c8-406c-ad75-512f6f41ad19" />
    <UnitTestResult executionId="0c9e616a-3c85-4734-8260-d90be944e758" testId="b3117544-6137-ec7f-9f36-961ca30dbe11" testName="FlinkDotNet.Storage.FileSystem.Tests.FileSystemSnapshotWriterTests.GetStateOutputStream_ValidStateName_ReturnsStream" computerName="DEVSTAR" duration="00:00:00.0161436" startTime="2025-06-14T22:27:07.3967286+10:00" endTime="2025-06-14T22:27:07.4128525+10:00" testType="13cdc9d9-ddb5-4fa4-a97d-d965ccfc6d4b" outcome="Passed" testListId="8c84fa94-04c1-424b-9868-57a2d4851a1d" relativeResultsDirectory="0c9e616a-3c85-4734-8260-d90be944e758" />
    <UnitTestResult executionId="b09367f4-977c-4818-bff7-f7910b365215" testId="a27d9ff1-980a-1c63-7813-d1ce254e9c05" testName="FlinkDotNet.Storage.FileSystem.Tests.DisaggregatedStateBackendTests.Constructor_RelativePath_ConvertsToAbsolutePath" computerName="DEVSTAR" duration="00:00:00.0012715" startTime="2025-06-14T22:27:07.2195847+10:00" endTime="2025-06-14T22:27:07.2196874+10:00" testType="13cdc9d9-ddb5-4fa4-a97d-d965ccfc6d4b" outcome="Passed" testListId="8c84fa94-04c1-424b-9868-57a2d4851a1d" relativeResultsDirectory="b09367f4-977c-4818-bff7-f7910b365215" />
    <UnitTestResult executionId="027507da-2915-4f9e-bd60-4d7bc361c078" testId="82513c47-a000-f957-372e-5578aca2ca81" testName="FlinkDotNet.Storage.FileSystem.Tests.DisaggregatedStateBackendTests.Constructor_ExistingDirectory_DoesNotThrow" computerName="DEVSTAR" duration="00:00:00.0013733" startTime="2025-06-14T22:27:07.1975619+10:00" endTime="2025-06-14T22:27:07.1976007+10:00" testType="13cdc9d9-ddb5-4fa4-a97d-d965ccfc6d4b" outcome="Passed" testListId="8c84fa94-04c1-424b-9868-57a2d4851a1d" relativeResultsDirectory="027507da-2915-4f9e-bd60-4d7bc361c078" />
    <UnitTestResult executionId="2aa24d9a-3d97-493a-bee8-8e8584e56cac" testId="3a4eed0e-3674-4cc8-6889-263513dc8526" testName="FlinkDotNet.Storage.FileSystem.Tests.FileSystemSnapshotStoreTests.StoreAndRetrieve_LargeData_WorksCorrectly" computerName="DEVSTAR" duration="00:00:00.0167735" startTime="2025-06-14T22:27:07.2288477+10:00" endTime="2025-06-14T22:27:07.2443047+10:00" testType="13cdc9d9-ddb5-4fa4-a97d-d965ccfc6d4b" outcome="Passed" testListId="8c84fa94-04c1-424b-9868-57a2d4851a1d" relativeResultsDirectory="2aa24d9a-3d97-493a-bee8-8e8584e56cac" />
    <UnitTestResult executionId="5e5b3abf-01b3-4e88-ae9d-b757aa0d73bd" testId="f9d337bf-fab0-d24f-3ced-ebf384c26d91" testName="FlinkDotNet.Storage.FileSystem.Tests.FileSystemSnapshotStoreTests.Constructor_RelativePath_ConvertsToAbsolutePath" computerName="DEVSTAR" duration="00:00:00.0007290" startTime="2025-06-14T22:27:07.2225036+10:00" endTime="2025-06-14T22:27:07.2225835+10:00" testType="13cdc9d9-ddb5-4fa4-a97d-d965ccfc6d4b" outcome="Passed" testListId="8c84fa94-04c1-424b-9868-57a2d4851a1d" relativeResultsDirectory="5e5b3abf-01b3-4e88-ae9d-b757aa0d73bd" />
    <UnitTestResult executionId="5b155cd4-6400-49ee-bf6e-d0f2ed412a6e" testId="5aae4671-98ab-d756-7467-d7e4815e3cb8" testName="FlinkDotNet.Storage.FileSystem.Tests.FileSystemSnapshotStoreTests.StoreSnapshot_SanitizesFileNames" computerName="DEVSTAR" duration="00:00:00.0035304" startTime="2025-06-14T22:27:07.2262112+10:00" endTime="2025-06-14T22:27:07.2265162+10:00" testType="13cdc9d9-ddb5-4fa4-a97d-d965ccfc6d4b" outcome="Passed" testListId="8c84fa94-04c1-424b-9868-57a2d4851a1d" relativeResultsDirectory="5b155cd4-6400-49ee-bf6e-d0f2ed412a6e" />
    <UnitTestResult executionId="d2072a47-cae4-43b3-8512-d1eb2984f2fe" testId="5edd31a3-4e12-ff18-de87-95c844577bce" testName="FlinkDotNet.Storage.FileSystem.Tests.DisaggregatedStateBackendTests.Constructor_WhitespaceBasePath_CreatesDirectoryInCurrentLocation(basePath: &quot; &quot;)" computerName="DEVSTAR" duration="00:00:00.0005140" startTime="2025-06-14T22:27:07.1976594+10:00" endTime="2025-06-14T22:27:07.1977003+10:00" testType="13cdc9d9-ddb5-4fa4-a97d-d965ccfc6d4b" outcome="Passed" testListId="8c84fa94-04c1-424b-9868-57a2d4851a1d" relativeResultsDirectory="d2072a47-cae4-43b3-8512-d1eb2984f2fe" />
    <UnitTestResult executionId="0a06c573-62fa-4660-970a-24a40d498051" testId="e347e39c-68dc-0a15-c187-6332cfa2e53a" testName="FlinkDotNet.Storage.FileSystem.Tests.FileSystemSnapshotStoreTests.RetrieveSnapshot_ValidHandle_ReturnsData" computerName="DEVSTAR" duration="00:00:00.0042433" startTime="2025-06-14T22:27:07.2487798+10:00" endTime="2025-06-14T22:27:07.2532691+10:00" testType="13cdc9d9-ddb5-4fa4-a97d-d965ccfc6d4b" outcome="Passed" testListId="8c84fa94-04c1-424b-9868-57a2d4851a1d" relativeResultsDirectory="0a06c573-62fa-4660-970a-24a40d498051" />
    <UnitTestResult executionId="e6771b5a-c6ce-44ba-9929-77393a75812c" testId="c37a631b-39c2-6441-0d9b-317b2496bad8" testName="FlinkDotNet.Storage.FileSystem.Tests.FileSystemSnapshotWriterTests.Dispose_UnclosedKeyedState_ClosesStates" computerName="DEVSTAR" duration="00:00:00.0154794" startTime="2025-06-14T22:27:07.2259897+10:00" endTime="2025-06-14T22:27:07.2285452+10:00" testType="13cdc9d9-ddb5-4fa4-a97d-d965ccfc6d4b" outcome="Passed" testListId="8c84fa94-04c1-424b-9868-57a2d4851a1d" relativeResultsDirectory="e6771b5a-c6ce-44ba-9929-77393a75812c" />
  </Results>
  <TestDefinitions>
    <UnitTest name="FlinkDotNet.Storage.FileSystem.Tests.FileSystemSnapshotStoreTests.RetrieveSnapshot_EmptyHandle_ReturnsNull" storage="c:\github\flink.net\flinkdotnet\flinkdotnet.storage.filesystem.tests\bin\release\net8.0\flinkdotnet.storage.filesystem.tests.dll" id="6ba2053d-1c61-e233-c32f-2d9ac62e40d1">
      <Execution id="8cca38cc-688b-4f01-ac88-89b8523f8eaf" />
      <TestMethod codeBase="C:\GitHub\FLINK.NET\FlinkDotNet\FlinkDotNet.Storage.FileSystem.Tests\bin\Release\net8.0\FlinkDotNet.Storage.FileSystem.Tests.dll" adapterTypeName="executor://xunit/VsTestRunner3/netcore/" className="FlinkDotNet.Storage.FileSystem.Tests.FileSystemSnapshotStoreTests" name="RetrieveSnapshot_EmptyHandle_ReturnsNull" />
    </UnitTest>
    <UnitTest name="FlinkDotNet.Storage.FileSystem.Tests.FileSystemSnapshotReaderTests.ReadKeyedStateEntries_ExistingState_ReturnsAllEntries" storage="c:\github\flink.net\flinkdotnet\flinkdotnet.storage.filesystem.tests\bin\release\net8.0\flinkdotnet.storage.filesystem.tests.dll" id="9dfd4aea-e22a-0c6c-46eb-13dc8bf60695">
      <Execution id="37056126-b2e2-4306-a674-82846d23965f" />
      <TestMethod codeBase="C:\GitHub\FLINK.NET\FlinkDotNet\FlinkDotNet.Storage.FileSystem.Tests\bin\Release\net8.0\FlinkDotNet.Storage.FileSystem.Tests.dll" adapterTypeName="executor://xunit/VsTestRunner3/netcore/" className="FlinkDotNet.Storage.FileSystem.Tests.FileSystemSnapshotReaderTests" name="ReadKeyedStateEntries_ExistingState_ReturnsAllEntries" />
    </UnitTest>
    <UnitTest name="FlinkDotNet.Storage.FileSystem.Tests.FileSystemSnapshotStoreTests.CreateWriter_SanitizesPathComponents" storage="c:\github\flink.net\flinkdotnet\flinkdotnet.storage.filesystem.tests\bin\release\net8.0\flinkdotnet.storage.filesystem.tests.dll" id="8795a134-ae60-95dc-1397-3a09fb8cbdf7">
      <Execution id="7052e482-210d-4f06-9d5f-8a5627fa5d2d" />
      <TestMethod codeBase="C:\GitHub\FLINK.NET\FlinkDotNet\FlinkDotNet.Storage.FileSystem.Tests\bin\Release\net8.0\FlinkDotNet.Storage.FileSystem.Tests.dll" adapterTypeName="executor://xunit/VsTestRunner3/netcore/" className="FlinkDotNet.Storage.FileSystem.Tests.FileSystemSnapshotStoreTests" name="CreateWriter_SanitizesPathComponents" />
    </UnitTest>
    <UnitTest name="FlinkDotNet.Storage.FileSystem.Tests.FileSystemSnapshotWriterTests.WriteKeyedEntry_NoActiveState_ThrowsException" storage="c:\github\flink.net\flinkdotnet\flinkdotnet.storage.filesystem.tests\bin\release\net8.0\flinkdotnet.storage.filesystem.tests.dll" id="1bc7508d-0952-710e-6ae6-b3f28f81416e">
      <Execution id="a5049449-2d48-4925-b2d1-dc85e22ffca8" />
      <TestMethod codeBase="C:\GitHub\FLINK.NET\FlinkDotNet\FlinkDotNet.Storage.FileSystem.Tests\bin\Release\net8.0\FlinkDotNet.Storage.FileSystem.Tests.dll" adapterTypeName="executor://xunit/VsTestRunner3/netcore/" className="FlinkDotNet.Storage.FileSystem.Tests.FileSystemSnapshotWriterTests" name="WriteKeyedEntry_NoActiveState_ThrowsException" />
    </UnitTest>
    <UnitTest name="FlinkDotNet.Storage.FileSystem.Tests.FileSystemSnapshotStoreTests.RetrieveSnapshot_NonExistentFile_ReturnsNull" storage="c:\github\flink.net\flinkdotnet\flinkdotnet.storage.filesystem.tests\bin\release\net8.0\flinkdotnet.storage.filesystem.tests.dll" id="0f698183-1c7b-449a-2641-58193576caf7">
      <Execution id="f9e06dad-d67d-4bff-b4e2-137b5c05848a" />
      <TestMethod codeBase="C:\GitHub\FLINK.NET\FlinkDotNet\FlinkDotNet.Storage.FileSystem.Tests\bin\Release\net8.0\FlinkDotNet.Storage.FileSystem.Tests.dll" adapterTypeName="executor://xunit/VsTestRunner3/netcore/" className="FlinkDotNet.Storage.FileSystem.Tests.FileSystemSnapshotStoreTests" name="RetrieveSnapshot_NonExistentFile_ReturnsNull" />
    </UnitTest>
    <UnitTest name="FlinkDotNet.Storage.FileSystem.Tests.FileSystemSnapshotWriterTests.Dispose_UnclosedKeyedState_ClosesStates" storage="c:\github\flink.net\flinkdotnet\flinkdotnet.storage.filesystem.tests\bin\release\net8.0\flinkdotnet.storage.filesystem.tests.dll" id="c37a631b-39c2-6441-0d9b-317b2496bad8">
      <Execution id="e6771b5a-c6ce-44ba-9929-77393a75812c" />
      <TestMethod codeBase="C:\GitHub\FLINK.NET\FlinkDotNet\FlinkDotNet.Storage.FileSystem.Tests\bin\Release\net8.0\FlinkDotNet.Storage.FileSystem.Tests.dll" adapterTypeName="executor://xunit/VsTestRunner3/netcore/" className="FlinkDotNet.Storage.FileSystem.Tests.FileSystemSnapshotWriterTests" name="Dispose_UnclosedKeyedState_ClosesStates" />
    </UnitTest>
    <UnitTest name="FlinkDotNet.Storage.FileSystem.Tests.FileSystemSnapshotWriterTests.CompleteWorkflow_RawAndKeyedState_CreatesAllFiles" storage="c:\github\flink.net\flinkdotnet\flinkdotnet.storage.filesystem.tests\bin\release\net8.0\flinkdotnet.storage.filesystem.tests.dll" id="f878a5fb-4422-f99e-673f-1178d50fbe0d">
      <Execution id="9712f5e2-b2e9-486c-a2c1-17f4db6a8059" />
      <TestMethod codeBase="C:\GitHub\FLINK.NET\FlinkDotNet\FlinkDotNet.Storage.FileSystem.Tests\bin\Release\net8.0\FlinkDotNet.Storage.FileSystem.Tests.dll" adapterTypeName="executor://xunit/VsTestRunner3/netcore/" className="FlinkDotNet.Storage.FileSystem.Tests.FileSystemSnapshotWriterTests" name="CompleteWorkflow_RawAndKeyedState_CreatesAllFiles" />
    </UnitTest>
    <UnitTest name="FlinkDotNet.Storage.FileSystem.Tests.DisaggregatedStateBackendTests.Constructor_WhitespaceBasePath_CreatesDirectoryInCurrentLocation(basePath: &quot; &quot;)" storage="c:\github\flink.net\flinkdotnet\flinkdotnet.storage.filesystem.tests\bin\release\net8.0\flinkdotnet.storage.filesystem.tests.dll" id="5edd31a3-4e12-ff18-de87-95c844577bce">
      <Execution id="d2072a47-cae4-43b3-8512-d1eb2984f2fe" />
      <TestMethod codeBase="C:\GitHub\FLINK.NET\FlinkDotNet\FlinkDotNet.Storage.FileSystem.Tests\bin\Release\net8.0\FlinkDotNet.Storage.FileSystem.Tests.dll" adapterTypeName="executor://xunit/VsTestRunner3/netcore/" className="FlinkDotNet.Storage.FileSystem.Tests.DisaggregatedStateBackendTests" name="Constructor_WhitespaceBasePath_CreatesDirectoryInCurrentLocation" />
    </UnitTest>
    <UnitTest name="FlinkDotNet.Storage.FileSystem.Tests.FileSystemSnapshotReaderTests.ReadKeyedStateEntries_UnsupportedVersion_ThrowsIOException" storage="c:\github\flink.net\flinkdotnet\flinkdotnet.storage.filesystem.tests\bin\release\net8.0\flinkdotnet.storage.filesystem.tests.dll" id="69104598-873f-2a5e-be96-9743a344de32">
      <Execution id="88a90887-4ea4-4368-9d25-e67f16ddf727" />
      <TestMethod codeBase="C:\GitHub\FLINK.NET\FlinkDotNet\FlinkDotNet.Storage.FileSystem.Tests\bin\Release\net8.0\FlinkDotNet.Storage.FileSystem.Tests.dll" adapterTypeName="executor://xunit/VsTestRunner3/netcore/" className="FlinkDotNet.Storage.FileSystem.Tests.FileSystemSnapshotReaderTests" name="ReadKeyedStateEntries_UnsupportedVersion_ThrowsIOException" />
    </UnitTest>
    <UnitTest name="FlinkDotNet.Storage.FileSystem.Tests.FileSystemSnapshotReaderTests.ReadKeyedStateEntries_CorruptedMagicNumber_ThrowsIOException" storage="c:\github\flink.net\flinkdotnet\flinkdotnet.storage.filesystem.tests\bin\release\net8.0\flinkdotnet.storage.filesystem.tests.dll" id="d1712d09-3d14-5da3-dac7-46859e2dcbd1">
      <Execution id="31b3d8c0-3b05-46d9-a080-98bc22a4e6c7" />
      <TestMethod codeBase="C:\GitHub\FLINK.NET\FlinkDotNet\FlinkDotNet.Storage.FileSystem.Tests\bin\Release\net8.0\FlinkDotNet.Storage.FileSystem.Tests.dll" adapterTypeName="executor://xunit/VsTestRunner3/netcore/" className="FlinkDotNet.Storage.FileSystem.Tests.FileSystemSnapshotReaderTests" name="ReadKeyedStateEntries_CorruptedMagicNumber_ThrowsIOException" />
    </UnitTest>
    <UnitTest name="FlinkDotNet.Storage.FileSystem.Tests.FileSystemSnapshotWriterTests.WriteKeyedEntry_ValidData_WritesEntry" storage="c:\github\flink.net\flinkdotnet\flinkdotnet.storage.filesystem.tests\bin\release\net8.0\flinkdotnet.storage.filesystem.tests.dll" id="2574ddad-cf9f-aff1-7e99-84869e9d068a">
      <Execution id="a77dcb60-da67-44dc-9268-dcae084e3cf3" />
      <TestMethod codeBase="C:\GitHub\FLINK.NET\FlinkDotNet\FlinkDotNet.Storage.FileSystem.Tests\bin\Release\net8.0\FlinkDotNet.Storage.FileSystem.Tests.dll" adapterTypeName="executor://xunit/VsTestRunner3/netcore/" className="FlinkDotNet.Storage.FileSystem.Tests.FileSystemSnapshotWriterTests" name="WriteKeyedEntry_ValidData_WritesEntry" />
    </UnitTest>
    <UnitTest name="FlinkDotNet.Storage.FileSystem.Tests.FileSystemSnapshotReaderTests.ReadKeyedStateEntries_NonExistentState_ReturnsEmpty" storage="c:\github\flink.net\flinkdotnet\flinkdotnet.storage.filesystem.tests\bin\release\net8.0\flinkdotnet.storage.filesystem.tests.dll" id="6eba11bd-bff2-60e4-b64c-005eefb06129">
      <Execution id="3800efa2-c920-4b21-b459-0755b0324fe0" />
      <TestMethod codeBase="C:\GitHub\FLINK.NET\FlinkDotNet\FlinkDotNet.Storage.FileSystem.Tests\bin\Release\net8.0\FlinkDotNet.Storage.FileSystem.Tests.dll" adapterTypeName="executor://xunit/VsTestRunner3/netcore/" className="FlinkDotNet.Storage.FileSystem.Tests.FileSystemSnapshotReaderTests" name="ReadKeyedStateEntries_NonExistentState_ReturnsEmpty" />
    </UnitTest>
    <UnitTest name="FlinkDotNet.Storage.FileSystem.Tests.FileSystemSnapshotStoreTests.CreateReader_NonExistentDirectory_ReturnsEmptyReader" storage="c:\github\flink.net\flinkdotnet\flinkdotnet.storage.filesystem.tests\bin\release\net8.0\flinkdotnet.storage.filesystem.tests.dll" id="b9b70349-2f10-5095-4c9b-535bdd4bd780">
      <Execution id="48502ed8-7c27-4ca9-9231-01f76b50ce8c" />
      <TestMethod codeBase="C:\GitHub\FLINK.NET\FlinkDotNet\FlinkDotNet.Storage.FileSystem.Tests\bin\Release\net8.0\FlinkDotNet.Storage.FileSystem.Tests.dll" adapterTypeName="executor://xunit/VsTestRunner3/netcore/" className="FlinkDotNet.Storage.FileSystem.Tests.FileSystemSnapshotStoreTests" name="CreateReader_NonExistentDirectory_ReturnsEmptyReader" />
    </UnitTest>
    <UnitTest name="FlinkDotNet.Storage.FileSystem.Tests.FileSystemSnapshotStoreTests.StoreAndRetrieve_LargeData_WorksCorrectly" storage="c:\github\flink.net\flinkdotnet\flinkdotnet.storage.filesystem.tests\bin\release\net8.0\flinkdotnet.storage.filesystem.tests.dll" id="3a4eed0e-3674-4cc8-6889-263513dc8526">
      <Execution id="2aa24d9a-3d97-493a-bee8-8e8584e56cac" />
      <TestMethod codeBase="C:\GitHub\FLINK.NET\FlinkDotNet\FlinkDotNet.Storage.FileSystem.Tests\bin\Release\net8.0\FlinkDotNet.Storage.FileSystem.Tests.dll" adapterTypeName="executor://xunit/VsTestRunner3/netcore/" className="FlinkDotNet.Storage.FileSystem.Tests.FileSystemSnapshotStoreTests" name="StoreAndRetrieve_LargeData_WorksCorrectly" />
    </UnitTest>
    <UnitTest name="FlinkDotNet.Storage.FileSystem.Tests.DisaggregatedStateBackendTests.SnapshotStore_IsReadOnly" storage="c:\github\flink.net\flinkdotnet\flinkdotnet.storage.filesystem.tests\bin\release\net8.0\flinkdotnet.storage.filesystem.tests.dll" id="1a639d8c-b1a4-cd30-64d0-46faf3b5a2a7">
      <Execution id="57c9917f-1c1b-47d2-9ef5-a59f43510305" />
      <TestMethod codeBase="C:\GitHub\FLINK.NET\FlinkDotNet\FlinkDotNet.Storage.FileSystem.Tests\bin\Release\net8.0\FlinkDotNet.Storage.FileSystem.Tests.dll" adapterTypeName="executor://xunit/VsTestRunner3/netcore/" className="FlinkDotNet.Storage.FileSystem.Tests.DisaggregatedStateBackendTests" name="SnapshotStore_IsReadOnly" />
    </UnitTest>
    <UnitTest name="FlinkDotNet.Storage.FileSystem.Tests.FileSystemSnapshotReaderTests.ReadKeyedStateEntries_BinaryData_HandlesCorrectly" storage="c:\github\flink.net\flinkdotnet\flinkdotnet.storage.filesystem.tests\bin\release\net8.0\flinkdotnet.storage.filesystem.tests.dll" id="c6ff001c-09f4-14b7-9f89-aa64a0b5b280">
      <Execution id="59849838-83c7-4f2e-ba0a-c83bc3ef70bc" />
      <TestMethod codeBase="C:\GitHub\FLINK.NET\FlinkDotNet\FlinkDotNet.Storage.FileSystem.Tests\bin\Release\net8.0\FlinkDotNet.Storage.FileSystem.Tests.dll" adapterTypeName="executor://xunit/VsTestRunner3/netcore/" className="FlinkDotNet.Storage.FileSystem.Tests.FileSystemSnapshotReaderTests" name="ReadKeyedStateEntries_BinaryData_HandlesCorrectly" />
    </UnitTest>
    <UnitTest name="FlinkDotNet.Storage.FileSystem.Tests.FileSystemSnapshotStoreTests.CreateReader_EmptyHandle_ReturnsEmptyReader" storage="c:\github\flink.net\flinkdotnet\flinkdotnet.storage.filesystem.tests\bin\release\net8.0\flinkdotnet.storage.filesystem.tests.dll" id="314b3a2e-7896-c53a-af49-3c1b49498b77">
      <Execution id="2723abe1-05cb-446f-8dd6-4143ff23db11" />
      <TestMethod codeBase="C:\GitHub\FLINK.NET\FlinkDotNet\FlinkDotNet.Storage.FileSystem.Tests\bin\Release\net8.0\FlinkDotNet.Storage.FileSystem.Tests.dll" adapterTypeName="executor://xunit/VsTestRunner3/netcore/" className="FlinkDotNet.Storage.FileSystem.Tests.FileSystemSnapshotStoreTests" name="CreateReader_EmptyHandle_ReturnsEmptyReader" />
    </UnitTest>
    <UnitTest name="FlinkDotNet.Storage.FileSystem.Tests.FileSystemSnapshotReaderTests.GetStateInputStream_NonExistentState_ThrowsFileNotFoundException" storage="c:\github\flink.net\flinkdotnet\flinkdotnet.storage.filesystem.tests\bin\release\net8.0\flinkdotnet.storage.filesystem.tests.dll" id="5c2a1970-68cc-7b2d-ec33-252445960660">
      <Execution id="bd912d5d-b21a-46eb-88c5-64a66dd27730" />
      <TestMethod codeBase="C:\GitHub\FLINK.NET\FlinkDotNet\FlinkDotNet.Storage.FileSystem.Tests\bin\Release\net8.0\FlinkDotNet.Storage.FileSystem.Tests.dll" adapterTypeName="executor://xunit/VsTestRunner3/netcore/" className="FlinkDotNet.Storage.FileSystem.Tests.FileSystemSnapshotReaderTests" name="GetStateInputStream_NonExistentState_ThrowsFileNotFoundException" />
    </UnitTest>
    <UnitTest name="FlinkDotNet.Storage.FileSystem.Tests.FileSystemSnapshotReaderTests.HasKeyedState_ExistingState_ReturnsTrue" storage="c:\github\flink.net\flinkdotnet\flinkdotnet.storage.filesystem.tests\bin\release\net8.0\flinkdotnet.storage.filesystem.tests.dll" id="c64f92ca-97be-ef6c-3833-bd775c2ccc05">
      <Execution id="942878db-f8fe-42d2-a2e4-a30035c241bd" />
      <TestMethod codeBase="C:\GitHub\FLINK.NET\FlinkDotNet\FlinkDotNet.Storage.FileSystem.Tests\bin\Release\net8.0\FlinkDotNet.Storage.FileSystem.Tests.dll" adapterTypeName="executor://xunit/VsTestRunner3/netcore/" className="FlinkDotNet.Storage.FileSystem.Tests.FileSystemSnapshotReaderTests" name="HasKeyedState_ExistingState_ReturnsTrue" />
    </UnitTest>
    <UnitTest name="FlinkDotNet.Storage.FileSystem.Tests.FileSystemSnapshotReaderTests.HasState_ExistingState_ReturnsTrue" storage="c:\github\flink.net\flinkdotnet\flinkdotnet.storage.filesystem.tests\bin\release\net8.0\flinkdotnet.storage.filesystem.tests.dll" id="a760b883-4763-7135-21a0-fb7dedfad01a">
      <Execution id="d9113621-d44a-4ce2-a71e-dd4f63a30c78" />
      <TestMethod codeBase="C:\GitHub\FLINK.NET\FlinkDotNet\FlinkDotNet.Storage.FileSystem.Tests\bin\Release\net8.0\FlinkDotNet.Storage.FileSystem.Tests.dll" adapterTypeName="executor://xunit/VsTestRunner3/netcore/" className="FlinkDotNet.Storage.FileSystem.Tests.FileSystemSnapshotReaderTests" name="HasState_ExistingState_ReturnsTrue" />
    </UnitTest>
    <UnitTest name="FlinkDotNet.Storage.FileSystem.Tests.FileSystemSnapshotWriterTests.EndKeyedState_NonActiveState_ThrowsException" storage="c:\github\flink.net\flinkdotnet\flinkdotnet.storage.filesystem.tests\bin\release\net8.0\flinkdotnet.storage.filesystem.tests.dll" id="8bd37d9e-e2ab-3040-fbd6-19c581cc7789">
      <Execution id="9f4991a5-60bc-4065-af2a-35d2a60a45be" />
      <TestMethod codeBase="C:\GitHub\FLINK.NET\FlinkDotNet\FlinkDotNet.Storage.FileSystem.Tests\bin\Release\net8.0\FlinkDotNet.Storage.FileSystem.Tests.dll" adapterTypeName="executor://xunit/VsTestRunner3/netcore/" className="FlinkDotNet.Storage.FileSystem.Tests.FileSystemSnapshotWriterTests" name="EndKeyedState_NonActiveState_ThrowsException" />
    </UnitTest>
    <UnitTest name="FlinkDotNet.Storage.FileSystem.Tests.DisaggregatedStateBackendTests.Constructor_RelativePath_ConvertsToAbsolutePath" storage="c:\github\flink.net\flinkdotnet\flinkdotnet.storage.filesystem.tests\bin\release\net8.0\flinkdotnet.storage.filesystem.tests.dll" id="a27d9ff1-980a-1c63-7813-d1ce254e9c05">
      <Execution id="b09367f4-977c-4818-bff7-f7910b365215" />
      <TestMethod codeBase="C:\GitHub\FLINK.NET\FlinkDotNet\FlinkDotNet.Storage.FileSystem.Tests\bin\Release\net8.0\FlinkDotNet.Storage.FileSystem.Tests.dll" adapterTypeName="executor://xunit/VsTestRunner3/netcore/" className="FlinkDotNet.Storage.FileSystem.Tests.DisaggregatedStateBackendTests" name="Constructor_RelativePath_ConvertsToAbsolutePath" />
    </UnitTest>
    <UnitTest name="FlinkDotNet.Storage.FileSystem.Tests.DisaggregatedStateBackendTests.Constructor_WhitespaceBasePath_CreatesDirectoryInCurrentLocation(basePath: &quot;\t&quot;)" storage="c:\github\flink.net\flinkdotnet\flinkdotnet.storage.filesystem.tests\bin\release\net8.0\flinkdotnet.storage.filesystem.tests.dll" id="f9d1a5a2-08ba-77fe-4edc-6d503047713a">
      <Execution id="fb6705c1-68c6-419d-83af-2af70137860c" />
      <TestMethod codeBase="C:\GitHub\FLINK.NET\FlinkDotNet\FlinkDotNet.Storage.FileSystem.Tests\bin\Release\net8.0\FlinkDotNet.Storage.FileSystem.Tests.dll" adapterTypeName="executor://xunit/VsTestRunner3/netcore/" className="FlinkDotNet.Storage.FileSystem.Tests.DisaggregatedStateBackendTests" name="Constructor_WhitespaceBasePath_CreatesDirectoryInCurrentLocation" />
    </UnitTest>
    <UnitTest name="FlinkDotNet.Storage.FileSystem.Tests.FileSystemSnapshotReaderTests.HasState_NonExistentState_ReturnsFalse" storage="c:\github\flink.net\flinkdotnet\flinkdotnet.storage.filesystem.tests\bin\release\net8.0\flinkdotnet.storage.filesystem.tests.dll" id="8fe3920c-e702-5da7-9507-a55f5062b409">
      <Execution id="f2fec837-3bae-4773-a0d1-61e17c423330" />
      <TestMethod codeBase="C:\GitHub\FLINK.NET\FlinkDotNet\FlinkDotNet.Storage.FileSystem.Tests\bin\Release\net8.0\FlinkDotNet.Storage.FileSystem.Tests.dll" adapterTypeName="executor://xunit/VsTestRunner3/netcore/" className="FlinkDotNet.Storage.FileSystem.Tests.FileSystemSnapshotReaderTests" name="HasState_NonExistentState_ReturnsFalse" />
    </UnitTest>
    <UnitTest name="FlinkDotNet.Storage.FileSystem.Tests.FileSystemSnapshotWriterTests.GetStateOutputStream_WriteData_CreatesFile" storage="c:\github\flink.net\flinkdotnet\flinkdotnet.storage.filesystem.tests\bin\release\net8.0\flinkdotnet.storage.filesystem.tests.dll" id="486b2579-2c97-8947-6d90-c37534185318">
      <Execution id="e683d414-7176-4071-b579-bd12ee3f7584" />
      <TestMethod codeBase="C:\GitHub\FLINK.NET\FlinkDotNet\FlinkDotNet.Storage.FileSystem.Tests\bin\Release\net8.0\FlinkDotNet.Storage.FileSystem.Tests.dll" adapterTypeName="executor://xunit/VsTestRunner3/netcore/" className="FlinkDotNet.Storage.FileSystem.Tests.FileSystemSnapshotWriterTests" name="GetStateOutputStream_WriteData_CreatesFile" />
    </UnitTest>
    <UnitTest name="FlinkDotNet.Storage.FileSystem.Tests.FileSystemSnapshotReaderTests.GetStateInputStream_ExistingState_ReturnsStream" storage="c:\github\flink.net\flinkdotnet\flinkdotnet.storage.filesystem.tests\bin\release\net8.0\flinkdotnet.storage.filesystem.tests.dll" id="bed1b621-8d1d-9228-6866-02e2911ccb7d">
      <Execution id="daea113f-dc2e-4787-a9bb-76e0c527a970" />
      <TestMethod codeBase="C:\GitHub\FLINK.NET\FlinkDotNet\FlinkDotNet.Storage.FileSystem.Tests\bin\Release\net8.0\FlinkDotNet.Storage.FileSystem.Tests.dll" adapterTypeName="executor://xunit/VsTestRunner3/netcore/" className="FlinkDotNet.Storage.FileSystem.Tests.FileSystemSnapshotReaderTests" name="GetStateInputStream_ExistingState_ReturnsStream" />
    </UnitTest>
    <UnitTest name="FlinkDotNet.Storage.FileSystem.Tests.FileSystemSnapshotStoreTests.CreateReader_NullHandle_ReturnsEmptyReader" storage="c:\github\flink.net\flinkdotnet\flinkdotnet.storage.filesystem.tests\bin\release\net8.0\flinkdotnet.storage.filesystem.tests.dll" id="d734c9ee-324e-014b-c969-8307c924bf5f">
      <Execution id="b69b7e10-477c-445f-b704-b0907cb3bcc4" />
      <TestMethod codeBase="C:\GitHub\FLINK.NET\FlinkDotNet\FlinkDotNet.Storage.FileSystem.Tests\bin\Release\net8.0\FlinkDotNet.Storage.FileSystem.Tests.dll" adapterTypeName="executor://xunit/VsTestRunner3/netcore/" className="FlinkDotNet.Storage.FileSystem.Tests.FileSystemSnapshotStoreTests" name="CreateReader_NullHandle_ReturnsEmptyReader" />
    </UnitTest>
    <UnitTest name="FlinkDotNet.Storage.FileSystem.Tests.FileSystemSnapshotReaderTests.HasState_EmptyReader_ReturnsFalse" storage="c:\github\flink.net\flinkdotnet\flinkdotnet.storage.filesystem.tests\bin\release\net8.0\flinkdotnet.storage.filesystem.tests.dll" id="e39b5a25-56a7-cddd-93c6-e30a6b4d9276">
      <Execution id="e66c436e-ab2b-4b0b-ae61-9548c5c637ef" />
      <TestMethod codeBase="C:\GitHub\FLINK.NET\FlinkDotNet\FlinkDotNet.Storage.FileSystem.Tests\bin\Release\net8.0\FlinkDotNet.Storage.FileSystem.Tests.dll" adapterTypeName="executor://xunit/VsTestRunner3/netcore/" className="FlinkDotNet.Storage.FileSystem.Tests.FileSystemSnapshotReaderTests" name="HasState_EmptyReader_ReturnsFalse" />
    </UnitTest>
    <UnitTest name="FlinkDotNet.Storage.FileSystem.Tests.FileSystemSnapshotWriterTests.CommitAndGetHandleAsync_WritesKeyedStateFile" storage="c:\github\flink.net\flinkdotnet\flinkdotnet.storage.filesystem.tests\bin\release\net8.0\flinkdotnet.storage.filesystem.tests.dll" id="e86fb3d3-4f1c-32f2-5ac8-8deb92699139">
      <Execution id="e92f3e3e-5d42-44be-b1d1-5fae8695fad8" />
      <TestMethod codeBase="C:\GitHub\FLINK.NET\FlinkDotNet\FlinkDotNet.Storage.FileSystem.Tests\bin\Release\net8.0\FlinkDotNet.Storage.FileSystem.Tests.dll" adapterTypeName="executor://xunit/VsTestRunner3/netcore/" className="FlinkDotNet.Storage.FileSystem.Tests.FileSystemSnapshotWriterTests" name="CommitAndGetHandleAsync_WritesKeyedStateFile" />
    </UnitTest>
    <UnitTest name="FlinkDotNet.Storage.FileSystem.Tests.FileSystemSnapshotReaderTests.GetStateInputStream_ReadData_ReturnsCorrectContent" storage="c:\github\flink.net\flinkdotnet\flinkdotnet.storage.filesystem.tests\bin\release\net8.0\flinkdotnet.storage.filesystem.tests.dll" id="de1ead09-7d2d-c5e7-47eb-4160ec5f6ed3">
      <Execution id="95aca885-9416-496d-b682-3d547c02e104" />
      <TestMethod codeBase="C:\GitHub\FLINK.NET\FlinkDotNet\FlinkDotNet.Storage.FileSystem.Tests\bin\Release\net8.0\FlinkDotNet.Storage.FileSystem.Tests.dll" adapterTypeName="executor://xunit/VsTestRunner3/netcore/" className="FlinkDotNet.Storage.FileSystem.Tests.FileSystemSnapshotReaderTests" name="GetStateInputStream_ReadData_ReturnsCorrectContent" />
    </UnitTest>
    <UnitTest name="FlinkDotNet.Storage.FileSystem.Tests.FileSystemSnapshotStoreTests.Constructor_ValidPath_CreatesDirectory" storage="c:\github\flink.net\flinkdotnet\flinkdotnet.storage.filesystem.tests\bin\release\net8.0\flinkdotnet.storage.filesystem.tests.dll" id="d4d295f7-18cb-833d-e395-9b0b0a8613d7">
      <Execution id="4eb126db-255b-4423-8be5-fa0fcb6b9636" />
      <TestMethod codeBase="C:\GitHub\FLINK.NET\FlinkDotNet\FlinkDotNet.Storage.FileSystem.Tests\bin\Release\net8.0\FlinkDotNet.Storage.FileSystem.Tests.dll" adapterTypeName="executor://xunit/VsTestRunner3/netcore/" className="FlinkDotNet.Storage.FileSystem.Tests.FileSystemSnapshotStoreTests" name="Constructor_ValidPath_CreatesDirectory" />
    </UnitTest>
    <UnitTest name="FlinkDotNet.Storage.FileSystem.Tests.FileSystemSnapshotStoreTests.StoreSnapshot_ValidData_StoresFile" storage="c:\github\flink.net\flinkdotnet\flinkdotnet.storage.filesystem.tests\bin\release\net8.0\flinkdotnet.storage.filesystem.tests.dll" id="8fe644bc-d652-7522-d70d-b93d77e83654">
      <Execution id="068368d1-74a1-4641-a128-bd8da56b7bc2" />
      <TestMethod codeBase="C:\GitHub\FLINK.NET\FlinkDotNet\FlinkDotNet.Storage.FileSystem.Tests\bin\Release\net8.0\FlinkDotNet.Storage.FileSystem.Tests.dll" adapterTypeName="executor://xunit/VsTestRunner3/netcore/" className="FlinkDotNet.Storage.FileSystem.Tests.FileSystemSnapshotStoreTests" name="StoreSnapshot_ValidData_StoresFile" />
    </UnitTest>
    <UnitTest name="FlinkDotNet.Storage.FileSystem.Tests.FileSystemSnapshotWriterTests.DisposeAsync_UnclosedKeyedState_ClosesStates" storage="c:\github\flink.net\flinkdotnet\flinkdotnet.storage.filesystem.tests\bin\release\net8.0\flinkdotnet.storage.filesystem.tests.dll" id="b037a408-1c76-f4a4-dd51-e9f3c329926a">
      <Execution id="ce9a8d86-8bcb-4dc8-bd1c-98184c16ac88" />
      <TestMethod codeBase="C:\GitHub\FLINK.NET\FlinkDotNet\FlinkDotNet.Storage.FileSystem.Tests\bin\Release\net8.0\FlinkDotNet.Storage.FileSystem.Tests.dll" adapterTypeName="executor://xunit/VsTestRunner3/netcore/" className="FlinkDotNet.Storage.FileSystem.Tests.FileSystemSnapshotWriterTests" name="DisposeAsync_UnclosedKeyedState_ClosesStates" />
    </UnitTest>
    <UnitTest name="FlinkDotNet.Storage.FileSystem.Tests.FileSystemSnapshotReaderTests.HasKeyedState_EmptyReader_ReturnsFalse" storage="c:\github\flink.net\flinkdotnet\flinkdotnet.storage.filesystem.tests\bin\release\net8.0\flinkdotnet.storage.filesystem.tests.dll" id="eb40f6b7-b105-a09a-c0a4-3675657cf10f">
      <Execution id="046a8e09-e2e4-4c7c-9b0e-2d720bffea75" />
      <TestMethod codeBase="C:\GitHub\FLINK.NET\FlinkDotNet\FlinkDotNet.Storage.FileSystem.Tests\bin\Release\net8.0\FlinkDotNet.Storage.FileSystem.Tests.dll" adapterTypeName="executor://xunit/VsTestRunner3/netcore/" className="FlinkDotNet.Storage.FileSystem.Tests.FileSystemSnapshotReaderTests" name="HasKeyedState_EmptyReader_ReturnsFalse" />
    </UnitTest>
    <UnitTest name="FlinkDotNet.Storage.FileSystem.Tests.FileSystemSnapshotStoreTests.CreateReader_ValidDirectory_ReturnsReader" storage="c:\github\flink.net\flinkdotnet\flinkdotnet.storage.filesystem.tests\bin\release\net8.0\flinkdotnet.storage.filesystem.tests.dll" id="1d71a1b4-d718-4050-6b17-091fc8b60ad3">
      <Execution id="64a7dcdd-a935-4349-a3c3-8a3d9b2b963e" />
      <TestMethod codeBase="C:\GitHub\FLINK.NET\FlinkDotNet\FlinkDotNet.Storage.FileSystem.Tests\bin\Release\net8.0\FlinkDotNet.Storage.FileSystem.Tests.dll" adapterTypeName="executor://xunit/VsTestRunner3/netcore/" className="FlinkDotNet.Storage.FileSystem.Tests.FileSystemSnapshotStoreTests" name="CreateReader_ValidDirectory_ReturnsReader" />
    </UnitTest>
    <UnitTest name="FlinkDotNet.Storage.FileSystem.Tests.DisaggregatedStateBackendTests.Constructor_ValidPath_CreatesDirectoryAndInitializesProperties" storage="c:\github\flink.net\flinkdotnet\flinkdotnet.storage.filesystem.tests\bin\release\net8.0\flinkdotnet.storage.filesystem.tests.dll" id="7ab1e4b6-6a71-8872-ae79-eab478c8b9a6">
      <Execution id="5eb9ac27-29a2-45e1-ad09-0ba4d24e36d9" />
      <TestMethod codeBase="C:\GitHub\FLINK.NET\FlinkDotNet\FlinkDotNet.Storage.FileSystem.Tests\bin\Release\net8.0\FlinkDotNet.Storage.FileSystem.Tests.dll" adapterTypeName="executor://xunit/VsTestRunner3/netcore/" className="FlinkDotNet.Storage.FileSystem.Tests.DisaggregatedStateBackendTests" name="Constructor_ValidPath_CreatesDirectoryAndInitializesProperties" />
    </UnitTest>
    <UnitTest name="FlinkDotNet.Storage.FileSystem.Tests.FileSystemSnapshotWriterTests.BeginKeyedState_ValidStateName_StartsKeyedState" storage="c:\github\flink.net\flinkdotnet\flinkdotnet.storage.filesystem.tests\bin\release\net8.0\flinkdotnet.storage.filesystem.tests.dll" id="7c7c3bdb-1f3f-dbcf-b8ea-73b50c64e481">
      <Execution id="414801d8-8433-4077-b9aa-9e2412fb7354" />
      <TestMethod codeBase="C:\GitHub\FLINK.NET\FlinkDotNet\FlinkDotNet.Storage.FileSystem.Tests\bin\Release\net8.0\FlinkDotNet.Storage.FileSystem.Tests.dll" adapterTypeName="executor://xunit/VsTestRunner3/netcore/" className="FlinkDotNet.Storage.FileSystem.Tests.FileSystemSnapshotWriterTests" name="BeginKeyedState_ValidStateName_StartsKeyedState" />
    </UnitTest>
    <UnitTest name="FlinkDotNet.Storage.FileSystem.Tests.FileSystemSnapshotWriterTests.CommitAndGetHandleAsync_ReturnsCorrectHandle" storage="c:\github\flink.net\flinkdotnet\flinkdotnet.storage.filesystem.tests\bin\release\net8.0\flinkdotnet.storage.filesystem.tests.dll" id="a5173ef4-025b-c328-8842-de0277cfe1c2">
      <Execution id="55687815-50bc-4988-9eaa-a9b04fd45c51" />
      <TestMethod codeBase="C:\GitHub\FLINK.NET\FlinkDotNet\FlinkDotNet.Storage.FileSystem.Tests\bin\Release\net8.0\FlinkDotNet.Storage.FileSystem.Tests.dll" adapterTypeName="executor://xunit/VsTestRunner3/netcore/" className="FlinkDotNet.Storage.FileSystem.Tests.FileSystemSnapshotWriterTests" name="CommitAndGetHandleAsync_ReturnsCorrectHandle" />
    </UnitTest>
    <UnitTest name="FlinkDotNet.Storage.FileSystem.Tests.FileSystemSnapshotStoreTests.CreateWriter_ValidParameters_ReturnsWriter" storage="c:\github\flink.net\flinkdotnet\flinkdotnet.storage.filesystem.tests\bin\release\net8.0\flinkdotnet.storage.filesystem.tests.dll" id="60d19a49-dcdf-e9e6-0066-1211488a8ab1">
      <Execution id="56802809-b6da-4711-8d88-84adbdc5b2ab" />
      <TestMethod codeBase="C:\GitHub\FLINK.NET\FlinkDotNet\FlinkDotNet.Storage.FileSystem.Tests\bin\Release\net8.0\FlinkDotNet.Storage.FileSystem.Tests.dll" adapterTypeName="executor://xunit/VsTestRunner3/netcore/" className="FlinkDotNet.Storage.FileSystem.Tests.FileSystemSnapshotStoreTests" name="CreateWriter_ValidParameters_ReturnsWriter" />
    </UnitTest>
    <UnitTest name="FlinkDotNet.Storage.FileSystem.Tests.FileSystemSnapshotReaderTests.Dispose_ValidReader_DoesNotThrow" storage="c:\github\flink.net\flinkdotnet\flinkdotnet.storage.filesystem.tests\bin\release\net8.0\flinkdotnet.storage.filesystem.tests.dll" id="a077d05d-440c-7167-768e-82257ce83c69">
      <Execution id="443142e2-fca7-48c8-9d16-e8fd1c5ee5a6" />
      <TestMethod codeBase="C:\GitHub\FLINK.NET\FlinkDotNet\FlinkDotNet.Storage.FileSystem.Tests\bin\Release\net8.0\FlinkDotNet.Storage.FileSystem.Tests.dll" adapterTypeName="executor://xunit/VsTestRunner3/netcore/" className="FlinkDotNet.Storage.FileSystem.Tests.FileSystemSnapshotReaderTests" name="Dispose_ValidReader_DoesNotThrow" />
    </UnitTest>
    <UnitTest name="FlinkDotNet.Storage.FileSystem.Tests.DisaggregatedStateBackendTests.Constructor_ExistingDirectory_DoesNotThrow" storage="c:\github\flink.net\flinkdotnet\flinkdotnet.storage.filesystem.tests\bin\release\net8.0\flinkdotnet.storage.filesystem.tests.dll" id="82513c47-a000-f957-372e-5578aca2ca81">
      <Execution id="027507da-2915-4f9e-bd60-4d7bc361c078" />
      <TestMethod codeBase="C:\GitHub\FLINK.NET\FlinkDotNet\FlinkDotNet.Storage.FileSystem.Tests\bin\Release\net8.0\FlinkDotNet.Storage.FileSystem.Tests.dll" adapterTypeName="executor://xunit/VsTestRunner3/netcore/" className="FlinkDotNet.Storage.FileSystem.Tests.DisaggregatedStateBackendTests" name="Constructor_ExistingDirectory_DoesNotThrow" />
    </UnitTest>
    <UnitTest name="FlinkDotNet.Storage.FileSystem.Tests.FileSystemSnapshotStoreTests.StoreSnapshot_SanitizesFileNames" storage="c:\github\flink.net\flinkdotnet\flinkdotnet.storage.filesystem.tests\bin\release\net8.0\flinkdotnet.storage.filesystem.tests.dll" id="5aae4671-98ab-d756-7467-d7e4815e3cb8">
      <Execution id="5b155cd4-6400-49ee-bf6e-d0f2ed412a6e" />
      <TestMethod codeBase="C:\GitHub\FLINK.NET\FlinkDotNet\FlinkDotNet.Storage.FileSystem.Tests\bin\Release\net8.0\FlinkDotNet.Storage.FileSystem.Tests.dll" adapterTypeName="executor://xunit/VsTestRunner3/netcore/" className="FlinkDotNet.Storage.FileSystem.Tests.FileSystemSnapshotStoreTests" name="StoreSnapshot_SanitizesFileNames" />
    </UnitTest>
    <UnitTest name="FlinkDotNet.Storage.FileSystem.Tests.FileSystemSnapshotStoreTests.Constructor_RelativePath_ConvertsToAbsolutePath" storage="c:\github\flink.net\flinkdotnet\flinkdotnet.storage.filesystem.tests\bin\release\net8.0\flinkdotnet.storage.filesystem.tests.dll" id="f9d337bf-fab0-d24f-3ced-ebf384c26d91">
      <Execution id="5e5b3abf-01b3-4e88-ae9d-b757aa0d73bd" />
      <TestMethod codeBase="C:\GitHub\FLINK.NET\FlinkDotNet\FlinkDotNet.Storage.FileSystem.Tests\bin\Release\net8.0\FlinkDotNet.Storage.FileSystem.Tests.dll" adapterTypeName="executor://xunit/VsTestRunner3/netcore/" className="FlinkDotNet.Storage.FileSystem.Tests.FileSystemSnapshotStoreTests" name="Constructor_RelativePath_ConvertsToAbsolutePath" />
    </UnitTest>
    <UnitTest name="FlinkDotNet.Storage.FileSystem.Tests.FileSystemSnapshotReaderTests.ReadKeyedStateEntries_EmptyFile_ReturnsEmpty" storage="c:\github\flink.net\flinkdotnet\flinkdotnet.storage.filesystem.tests\bin\release\net8.0\flinkdotnet.storage.filesystem.tests.dll" id="9f0535bc-00f0-639d-7f1b-2f5663e0d5cb">
      <Execution id="957dd04d-e641-43b9-b967-e9d2176b6637" />
      <TestMethod codeBase="C:\GitHub\FLINK.NET\FlinkDotNet\FlinkDotNet.Storage.FileSystem.Tests\bin\Release\net8.0\FlinkDotNet.Storage.FileSystem.Tests.dll" adapterTypeName="executor://xunit/VsTestRunner3/netcore/" className="FlinkDotNet.Storage.FileSystem.Tests.FileSystemSnapshotReaderTests" name="ReadKeyedStateEntries_EmptyFile_ReturnsEmpty" />
    </UnitTest>
    <UnitTest name="FlinkDotNet.Storage.FileSystem.Tests.FileSystemSnapshotStoreTests.RetrieveSnapshot_ValidHandle_ReturnsData" storage="c:\github\flink.net\flinkdotnet\flinkdotnet.storage.filesystem.tests\bin\release\net8.0\flinkdotnet.storage.filesystem.tests.dll" id="e347e39c-68dc-0a15-c187-6332cfa2e53a">
      <Execution id="0a06c573-62fa-4660-970a-24a40d498051" />
      <TestMethod codeBase="C:\GitHub\FLINK.NET\FlinkDotNet\FlinkDotNet.Storage.FileSystem.Tests\bin\Release\net8.0\FlinkDotNet.Storage.FileSystem.Tests.dll" adapterTypeName="executor://xunit/VsTestRunner3/netcore/" className="FlinkDotNet.Storage.FileSystem.Tests.FileSystemSnapshotStoreTests" name="RetrieveSnapshot_ValidHandle_ReturnsData" />
    </UnitTest>
    <UnitTest name="FlinkDotNet.Storage.FileSystem.Tests.FileSystemSnapshotStoreTests.RetrieveSnapshot_NullHandle_ReturnsNull" storage="c:\github\flink.net\flinkdotnet\flinkdotnet.storage.filesystem.tests\bin\release\net8.0\flinkdotnet.storage.filesystem.tests.dll" id="a3b02fc7-ea2a-ac09-6f27-e1e5994b6c6d">
      <Execution id="9014b24a-dd6e-47cb-8527-5d3215c0ad6c" />
      <TestMethod codeBase="C:\GitHub\FLINK.NET\FlinkDotNet\FlinkDotNet.Storage.FileSystem.Tests\bin\Release\net8.0\FlinkDotNet.Storage.FileSystem.Tests.dll" adapterTypeName="executor://xunit/VsTestRunner3/netcore/" className="FlinkDotNet.Storage.FileSystem.Tests.FileSystemSnapshotStoreTests" name="RetrieveSnapshot_NullHandle_ReturnsNull" />
    </UnitTest>
    <UnitTest name="FlinkDotNet.Storage.FileSystem.Tests.DisaggregatedStateBackendTests.Constructor_NestedPath_CreatesNestedDirectories" storage="c:\github\flink.net\flinkdotnet\flinkdotnet.storage.filesystem.tests\bin\release\net8.0\flinkdotnet.storage.filesystem.tests.dll" id="9cfc3e77-72cb-39f5-6ae0-0e79d6287e8d">
      <Execution id="5a6f5c67-62c8-406c-ad75-512f6f41ad19" />
      <TestMethod codeBase="C:\GitHub\FLINK.NET\FlinkDotNet\FlinkDotNet.Storage.FileSystem.Tests\bin\Release\net8.0\FlinkDotNet.Storage.FileSystem.Tests.dll" adapterTypeName="executor://xunit/VsTestRunner3/netcore/" className="FlinkDotNet.Storage.FileSystem.Tests.DisaggregatedStateBackendTests" name="Constructor_NestedPath_CreatesNestedDirectories" />
    </UnitTest>
    <UnitTest name="FlinkDotNet.Storage.FileSystem.Tests.FileSystemSnapshotWriterTests.CommitAndGetHandleAsync_UnclosedKeyedState_AutoCloses" storage="c:\github\flink.net\flinkdotnet\flinkdotnet.storage.filesystem.tests\bin\release\net8.0\flinkdotnet.storage.filesystem.tests.dll" id="b34d8568-fd48-62f4-9469-a72ca0d580f7">
      <Execution id="7f5e8b38-ef34-4b74-9e54-f9b2ec8c549a" />
      <TestMethod codeBase="C:\GitHub\FLINK.NET\FlinkDotNet\FlinkDotNet.Storage.FileSystem.Tests\bin\Release\net8.0\FlinkDotNet.Storage.FileSystem.Tests.dll" adapterTypeName="executor://xunit/VsTestRunner3/netcore/" className="FlinkDotNet.Storage.FileSystem.Tests.FileSystemSnapshotWriterTests" name="CommitAndGetHandleAsync_UnclosedKeyedState_AutoCloses" />
    </UnitTest>
    <UnitTest name="FlinkDotNet.Storage.FileSystem.Tests.FileSystemSnapshotStoreTests.CreateWriter_CreatesDirectoryStructure" storage="c:\github\flink.net\flinkdotnet\flinkdotnet.storage.filesystem.tests\bin\release\net8.0\flinkdotnet.storage.filesystem.tests.dll" id="c272a40c-7e27-c6f3-6dc2-bda6c064fa6d">
      <Execution id="d22fa207-a733-46f5-b9e1-702eced486be" />
      <TestMethod codeBase="C:\GitHub\FLINK.NET\FlinkDotNet\FlinkDotNet.Storage.FileSystem.Tests\bin\Release\net8.0\FlinkDotNet.Storage.FileSystem.Tests.dll" adapterTypeName="executor://xunit/VsTestRunner3/netcore/" className="FlinkDotNet.Storage.FileSystem.Tests.FileSystemSnapshotStoreTests" name="CreateWriter_CreatesDirectoryStructure" />
    </UnitTest>
    <UnitTest name="FlinkDotNet.Storage.FileSystem.Tests.FileSystemSnapshotWriterTests.BeginKeyedState_TwoStatesSimultaneously_ThrowsException" storage="c:\github\flink.net\flinkdotnet\flinkdotnet.storage.filesystem.tests\bin\release\net8.0\flinkdotnet.storage.filesystem.tests.dll" id="2b724d83-a445-f631-94cf-98b0d13fd28d">
      <Execution id="66ed8997-be16-48bb-8c07-f5fae4073c05" />
      <TestMethod codeBase="C:\GitHub\FLINK.NET\FlinkDotNet\FlinkDotNet.Storage.FileSystem.Tests\bin\Release\net8.0\FlinkDotNet.Storage.FileSystem.Tests.dll" adapterTypeName="executor://xunit/VsTestRunner3/netcore/" className="FlinkDotNet.Storage.FileSystem.Tests.FileSystemSnapshotWriterTests" name="BeginKeyedState_TwoStatesSimultaneously_ThrowsException" />
    </UnitTest>
    <UnitTest name="FlinkDotNet.Storage.FileSystem.Tests.FileSystemSnapshotStoreTests.StoreSnapshot_CreatesCorrectDirectoryStructure" storage="c:\github\flink.net\flinkdotnet\flinkdotnet.storage.filesystem.tests\bin\release\net8.0\flinkdotnet.storage.filesystem.tests.dll" id="0e4b2331-3cbf-1d46-9dac-0fc8c0ae9fac">
      <Execution id="6ad50265-4c6f-4e46-9442-95c5a3f93fba" />
      <TestMethod codeBase="C:\GitHub\FLINK.NET\FlinkDotNet\FlinkDotNet.Storage.FileSystem.Tests\bin\Release\net8.0\FlinkDotNet.Storage.FileSystem.Tests.dll" adapterTypeName="executor://xunit/VsTestRunner3/netcore/" className="FlinkDotNet.Storage.FileSystem.Tests.FileSystemSnapshotStoreTests" name="StoreSnapshot_CreatesCorrectDirectoryStructure" />
    </UnitTest>
    <UnitTest name="FlinkDotNet.Storage.FileSystem.Tests.DisaggregatedStateBackendTests.BasePath_IsReadOnly" storage="c:\github\flink.net\flinkdotnet\flinkdotnet.storage.filesystem.tests\bin\release\net8.0\flinkdotnet.storage.filesystem.tests.dll" id="9cf398e8-297d-fb70-5a43-948281d95dca">
      <Execution id="f189d765-583e-4e3b-a111-3b2eb371cae3" />
      <TestMethod codeBase="C:\GitHub\FLINK.NET\FlinkDotNet\FlinkDotNet.Storage.FileSystem.Tests\bin\Release\net8.0\FlinkDotNet.Storage.FileSystem.Tests.dll" adapterTypeName="executor://xunit/VsTestRunner3/netcore/" className="FlinkDotNet.Storage.FileSystem.Tests.DisaggregatedStateBackendTests" name="BasePath_IsReadOnly" />
    </UnitTest>
    <UnitTest name="FlinkDotNet.Storage.FileSystem.Tests.FileSystemSnapshotWriterTests.GetStateOutputStream_SanitizesStateName" storage="c:\github\flink.net\flinkdotnet\flinkdotnet.storage.filesystem.tests\bin\release\net8.0\flinkdotnet.storage.filesystem.tests.dll" id="9777c817-3acc-0cb4-f5e3-9e2ad73e667d">
      <Execution id="755927ce-2199-40b0-860c-cf448013d28d" />
      <TestMethod codeBase="C:\GitHub\FLINK.NET\FlinkDotNet\FlinkDotNet.Storage.FileSystem.Tests\bin\Release\net8.0\FlinkDotNet.Storage.FileSystem.Tests.dll" adapterTypeName="executor://xunit/VsTestRunner3/netcore/" className="FlinkDotNet.Storage.FileSystem.Tests.FileSystemSnapshotWriterTests" name="GetStateOutputStream_SanitizesStateName" />
    </UnitTest>
    <UnitTest name="FlinkDotNet.Storage.FileSystem.Tests.DisaggregatedStateBackendTests.Constructor_EmptyBasePath_ThrowsArgumentException" storage="c:\github\flink.net\flinkdotnet\flinkdotnet.storage.filesystem.tests\bin\release\net8.0\flinkdotnet.storage.filesystem.tests.dll" id="5fe6a0d2-d86c-fb6e-3407-3ea084306fcf">
      <Execution id="63c780eb-de83-407f-ab7a-77b45e4f09db" />
      <TestMethod codeBase="C:\GitHub\FLINK.NET\FlinkDotNet\FlinkDotNet.Storage.FileSystem.Tests\bin\Release\net8.0\FlinkDotNet.Storage.FileSystem.Tests.dll" adapterTypeName="executor://xunit/VsTestRunner3/netcore/" className="FlinkDotNet.Storage.FileSystem.Tests.DisaggregatedStateBackendTests" name="Constructor_EmptyBasePath_ThrowsArgumentException" />
    </UnitTest>
    <UnitTest name="FlinkDotNet.Storage.FileSystem.Tests.FileSystemSnapshotReaderTests.ReadKeyedStateEntries_EmptyReader_ReturnsEmpty" storage="c:\github\flink.net\flinkdotnet\flinkdotnet.storage.filesystem.tests\bin\release\net8.0\flinkdotnet.storage.filesystem.tests.dll" id="6c0520d7-18ff-07c0-9b13-56fbf16c2c4f">
      <Execution id="5ea9406b-1a80-44ac-a593-f3c43db84b36" />
      <TestMethod codeBase="C:\GitHub\FLINK.NET\FlinkDotNet\FlinkDotNet.Storage.FileSystem.Tests\bin\Release\net8.0\FlinkDotNet.Storage.FileSystem.Tests.dll" adapterTypeName="executor://xunit/VsTestRunner3/netcore/" className="FlinkDotNet.Storage.FileSystem.Tests.FileSystemSnapshotReaderTests" name="ReadKeyedStateEntries_EmptyReader_ReturnsEmpty" />
    </UnitTest>
    <UnitTest name="FlinkDotNet.Storage.FileSystem.Tests.FileSystemSnapshotWriterTests.BeginKeyedState_DuplicateState_ThrowsException" storage="c:\github\flink.net\flinkdotnet\flinkdotnet.storage.filesystem.tests\bin\release\net8.0\flinkdotnet.storage.filesystem.tests.dll" id="22dfa92c-ed48-d1b7-7a15-bfebf010e0c6">
      <Execution id="1f8dd55b-8c27-402c-8fdc-c8c70c3ac098" />
      <TestMethod codeBase="C:\GitHub\FLINK.NET\FlinkDotNet\FlinkDotNet.Storage.FileSystem.Tests\bin\Release\net8.0\FlinkDotNet.Storage.FileSystem.Tests.dll" adapterTypeName="executor://xunit/VsTestRunner3/netcore/" className="FlinkDotNet.Storage.FileSystem.Tests.FileSystemSnapshotWriterTests" name="BeginKeyedState_DuplicateState_ThrowsException" />
    </UnitTest>
    <UnitTest name="FlinkDotNet.Storage.FileSystem.Tests.FileSystemSnapshotStoreTests.StoreAndRetrieve_EmptyData_WorksCorrectly" storage="c:\github\flink.net\flinkdotnet\flinkdotnet.storage.filesystem.tests\bin\release\net8.0\flinkdotnet.storage.filesystem.tests.dll" id="4582e39e-f861-b2d6-df57-1983b90dff70">
      <Execution id="ac1cb863-d8ad-4502-b38f-714487c62f15" />
      <TestMethod codeBase="C:\GitHub\FLINK.NET\FlinkDotNet\FlinkDotNet.Storage.FileSystem.Tests\bin\Release\net8.0\FlinkDotNet.Storage.FileSystem.Tests.dll" adapterTypeName="executor://xunit/VsTestRunner3/netcore/" className="FlinkDotNet.Storage.FileSystem.Tests.FileSystemSnapshotStoreTests" name="StoreAndRetrieve_EmptyData_WorksCorrectly" />
    </UnitTest>
    <UnitTest name="FlinkDotNet.Storage.FileSystem.Tests.FileSystemSnapshotReaderTests.HasKeyedState_NonExistentState_ReturnsFalse" storage="c:\github\flink.net\flinkdotnet\flinkdotnet.storage.filesystem.tests\bin\release\net8.0\flinkdotnet.storage.filesystem.tests.dll" id="5065cbc2-7931-6c50-e397-f7723bfdd9bd">
      <Execution id="358b6005-0ec8-414d-8c2c-86c2941726b5" />
      <TestMethod codeBase="C:\GitHub\FLINK.NET\FlinkDotNet\FlinkDotNet.Storage.FileSystem.Tests\bin\Release\net8.0\FlinkDotNet.Storage.FileSystem.Tests.dll" adapterTypeName="executor://xunit/VsTestRunner3/netcore/" className="FlinkDotNet.Storage.FileSystem.Tests.FileSystemSnapshotReaderTests" name="HasKeyedState_NonExistentState_ReturnsFalse" />
    </UnitTest>
    <UnitTest name="FlinkDotNet.Storage.FileSystem.Tests.FileSystemSnapshotWriterTests.GetStateOutputStream_ValidStateName_ReturnsStream" storage="c:\github\flink.net\flinkdotnet\flinkdotnet.storage.filesystem.tests\bin\release\net8.0\flinkdotnet.storage.filesystem.tests.dll" id="b3117544-6137-ec7f-9f36-961ca30dbe11">
      <Execution id="0c9e616a-3c85-4734-8260-d90be944e758" />
      <TestMethod codeBase="C:\GitHub\FLINK.NET\FlinkDotNet\FlinkDotNet.Storage.FileSystem.Tests\bin\Release\net8.0\FlinkDotNet.Storage.FileSystem.Tests.dll" adapterTypeName="executor://xunit/VsTestRunner3/netcore/" className="FlinkDotNet.Storage.FileSystem.Tests.FileSystemSnapshotWriterTests" name="GetStateOutputStream_ValidStateName_ReturnsStream" />
    </UnitTest>
    <UnitTest name="FlinkDotNet.Storage.FileSystem.Tests.FileSystemSnapshotWriterTests.EndKeyedState_ValidState_EndsState" storage="c:\github\flink.net\flinkdotnet\flinkdotnet.storage.filesystem.tests\bin\release\net8.0\flinkdotnet.storage.filesystem.tests.dll" id="5fa8cd30-6162-5771-2ee1-63c93f5c0e6e">
      <Execution id="40d86c6c-bb94-41ec-bb16-4e7ef9381b2f" />
      <TestMethod codeBase="C:\GitHub\FLINK.NET\FlinkDotNet\FlinkDotNet.Storage.FileSystem.Tests\bin\Release\net8.0\FlinkDotNet.Storage.FileSystem.Tests.dll" adapterTypeName="executor://xunit/VsTestRunner3/netcore/" className="FlinkDotNet.Storage.FileSystem.Tests.FileSystemSnapshotWriterTests" name="EndKeyedState_ValidState_EndsState" />
    </UnitTest>
    <UnitTest name="FlinkDotNet.Storage.FileSystem.Tests.FileSystemSnapshotReaderTests.GetStateInputStream_EmptyReader_ThrowsFileNotFoundException" storage="c:\github\flink.net\flinkdotnet\flinkdotnet.storage.filesystem.tests\bin\release\net8.0\flinkdotnet.storage.filesystem.tests.dll" id="ec8829be-b3f7-0b7d-c895-de0dde230ff8">
      <Execution id="7cd5aa83-812a-4e1c-89f1-b3ecd92f008c" />
      <TestMethod codeBase="C:\GitHub\FLINK.NET\FlinkDotNet\FlinkDotNet.Storage.FileSystem.Tests\bin\Release\net8.0\FlinkDotNet.Storage.FileSystem.Tests.dll" adapterTypeName="executor://xunit/VsTestRunner3/netcore/" className="FlinkDotNet.Storage.FileSystem.Tests.FileSystemSnapshotReaderTests" name="GetStateInputStream_EmptyReader_ThrowsFileNotFoundException" />
    </UnitTest>
  </TestDefinitions>
  <TestEntries>
    <TestEntry testId="5c2a1970-68cc-7b2d-ec33-252445960660" executionId="bd912d5d-b21a-46eb-88c5-64a66dd27730" testListId="8c84fa94-04c1-424b-9868-57a2d4851a1d" />
    <TestEntry testId="b037a408-1c76-f4a4-dd51-e9f3c329926a" executionId="ce9a8d86-8bcb-4dc8-bd1c-98184c16ac88" testListId="8c84fa94-04c1-424b-9868-57a2d4851a1d" />
    <TestEntry testId="5fe6a0d2-d86c-fb6e-3407-3ea084306fcf" executionId="63c780eb-de83-407f-ab7a-77b45e4f09db" testListId="8c84fa94-04c1-424b-9868-57a2d4851a1d" />
    <TestEntry testId="8795a134-ae60-95dc-1397-3a09fb8cbdf7" executionId="7052e482-210d-4f06-9d5f-8a5627fa5d2d" testListId="8c84fa94-04c1-424b-9868-57a2d4851a1d" />
    <TestEntry testId="bed1b621-8d1d-9228-6866-02e2911ccb7d" executionId="daea113f-dc2e-4787-a9bb-76e0c527a970" testListId="8c84fa94-04c1-424b-9868-57a2d4851a1d" />
    <TestEntry testId="ec8829be-b3f7-0b7d-c895-de0dde230ff8" executionId="7cd5aa83-812a-4e1c-89f1-b3ecd92f008c" testListId="8c84fa94-04c1-424b-9868-57a2d4851a1d" />
    <TestEntry testId="2574ddad-cf9f-aff1-7e99-84869e9d068a" executionId="a77dcb60-da67-44dc-9268-dcae084e3cf3" testListId="8c84fa94-04c1-424b-9868-57a2d4851a1d" />
    <TestEntry testId="c6ff001c-09f4-14b7-9f89-aa64a0b5b280" executionId="59849838-83c7-4f2e-ba0a-c83bc3ef70bc" testListId="8c84fa94-04c1-424b-9868-57a2d4851a1d" />
    <TestEntry testId="f878a5fb-4422-f99e-673f-1178d50fbe0d" executionId="9712f5e2-b2e9-486c-a2c1-17f4db6a8059" testListId="8c84fa94-04c1-424b-9868-57a2d4851a1d" />
    <TestEntry testId="5fa8cd30-6162-5771-2ee1-63c93f5c0e6e" executionId="40d86c6c-bb94-41ec-bb16-4e7ef9381b2f" testListId="8c84fa94-04c1-424b-9868-57a2d4851a1d" />
    <TestEntry testId="a3b02fc7-ea2a-ac09-6f27-e1e5994b6c6d" executionId="9014b24a-dd6e-47cb-8527-5d3215c0ad6c" testListId="8c84fa94-04c1-424b-9868-57a2d4851a1d" />
    <TestEntry testId="b9b70349-2f10-5095-4c9b-535bdd4bd780" executionId="48502ed8-7c27-4ca9-9231-01f76b50ce8c" testListId="8c84fa94-04c1-424b-9868-57a2d4851a1d" />
    <TestEntry testId="314b3a2e-7896-c53a-af49-3c1b49498b77" executionId="2723abe1-05cb-446f-8dd6-4143ff23db11" testListId="8c84fa94-04c1-424b-9868-57a2d4851a1d" />
    <TestEntry testId="1bc7508d-0952-710e-6ae6-b3f28f81416e" executionId="a5049449-2d48-4925-b2d1-dc85e22ffca8" testListId="8c84fa94-04c1-424b-9868-57a2d4851a1d" />
    <TestEntry testId="e39b5a25-56a7-cddd-93c6-e30a6b4d9276" executionId="e66c436e-ab2b-4b0b-ae61-9548c5c637ef" testListId="8c84fa94-04c1-424b-9868-57a2d4851a1d" />
    <TestEntry testId="a5173ef4-025b-c328-8842-de0277cfe1c2" executionId="55687815-50bc-4988-9eaa-a9b04fd45c51" testListId="8c84fa94-04c1-424b-9868-57a2d4851a1d" />
    <TestEntry testId="9dfd4aea-e22a-0c6c-46eb-13dc8bf60695" executionId="37056126-b2e2-4306-a674-82846d23965f" testListId="8c84fa94-04c1-424b-9868-57a2d4851a1d" />
    <TestEntry testId="f9d1a5a2-08ba-77fe-4edc-6d503047713a" executionId="fb6705c1-68c6-419d-83af-2af70137860c" testListId="8c84fa94-04c1-424b-9868-57a2d4851a1d" />
    <TestEntry testId="b34d8568-fd48-62f4-9469-a72ca0d580f7" executionId="7f5e8b38-ef34-4b74-9e54-f9b2ec8c549a" testListId="8c84fa94-04c1-424b-9868-57a2d4851a1d" />
    <TestEntry testId="c272a40c-7e27-c6f3-6dc2-bda6c064fa6d" executionId="d22fa207-a733-46f5-b9e1-702eced486be" testListId="8c84fa94-04c1-424b-9868-57a2d4851a1d" />
    <TestEntry testId="0e4b2331-3cbf-1d46-9dac-0fc8c0ae9fac" executionId="6ad50265-4c6f-4e46-9442-95c5a3f93fba" testListId="8c84fa94-04c1-424b-9868-57a2d4851a1d" />
    <TestEntry testId="7ab1e4b6-6a71-8872-ae79-eab478c8b9a6" executionId="5eb9ac27-29a2-45e1-ad09-0ba4d24e36d9" testListId="8c84fa94-04c1-424b-9868-57a2d4851a1d" />
    <TestEntry testId="1a639d8c-b1a4-cd30-64d0-46faf3b5a2a7" executionId="57c9917f-1c1b-47d2-9ef5-a59f43510305" testListId="8c84fa94-04c1-424b-9868-57a2d4851a1d" />
    <TestEntry testId="1d71a1b4-d718-4050-6b17-091fc8b60ad3" executionId="64a7dcdd-a935-4349-a3c3-8a3d9b2b963e" testListId="8c84fa94-04c1-424b-9868-57a2d4851a1d" />
    <TestEntry testId="a760b883-4763-7135-21a0-fb7dedfad01a" executionId="d9113621-d44a-4ce2-a71e-dd4f63a30c78" testListId="8c84fa94-04c1-424b-9868-57a2d4851a1d" />
    <TestEntry testId="69104598-873f-2a5e-be96-9743a344de32" executionId="88a90887-4ea4-4368-9d25-e67f16ddf727" testListId="8c84fa94-04c1-424b-9868-57a2d4851a1d" />
    <TestEntry testId="5065cbc2-7931-6c50-e397-f7723bfdd9bd" executionId="358b6005-0ec8-414d-8c2c-86c2941726b5" testListId="8c84fa94-04c1-424b-9868-57a2d4851a1d" />
    <TestEntry testId="4582e39e-f861-b2d6-df57-1983b90dff70" executionId="ac1cb863-d8ad-4502-b38f-714487c62f15" testListId="8c84fa94-04c1-424b-9868-57a2d4851a1d" />
    <TestEntry testId="60d19a49-dcdf-e9e6-0066-1211488a8ab1" executionId="56802809-b6da-4711-8d88-84adbdc5b2ab" testListId="8c84fa94-04c1-424b-9868-57a2d4851a1d" />
    <TestEntry testId="a077d05d-440c-7167-768e-82257ce83c69" executionId="443142e2-fca7-48c8-9d16-e8fd1c5ee5a6" testListId="8c84fa94-04c1-424b-9868-57a2d4851a1d" />
    <TestEntry testId="d4d295f7-18cb-833d-e395-9b0b0a8613d7" executionId="4eb126db-255b-4423-8be5-fa0fcb6b9636" testListId="8c84fa94-04c1-424b-9868-57a2d4851a1d" />
    <TestEntry testId="2b724d83-a445-f631-94cf-98b0d13fd28d" executionId="66ed8997-be16-48bb-8c07-f5fae4073c05" testListId="8c84fa94-04c1-424b-9868-57a2d4851a1d" />
    <TestEntry testId="9cf398e8-297d-fb70-5a43-948281d95dca" executionId="f189d765-583e-4e3b-a111-3b2eb371cae3" testListId="8c84fa94-04c1-424b-9868-57a2d4851a1d" />
    <TestEntry testId="e86fb3d3-4f1c-32f2-5ac8-8deb92699139" executionId="e92f3e3e-5d42-44be-b1d1-5fae8695fad8" testListId="8c84fa94-04c1-424b-9868-57a2d4851a1d" />
    <TestEntry testId="9f0535bc-00f0-639d-7f1b-2f5663e0d5cb" executionId="957dd04d-e641-43b9-b967-e9d2176b6637" testListId="8c84fa94-04c1-424b-9868-57a2d4851a1d" />
    <TestEntry testId="6eba11bd-bff2-60e4-b64c-005eefb06129" executionId="3800efa2-c920-4b21-b459-0755b0324fe0" testListId="8c84fa94-04c1-424b-9868-57a2d4851a1d" />
    <TestEntry testId="0f698183-1c7b-449a-2641-58193576caf7" executionId="f9e06dad-d67d-4bff-b4e2-137b5c05848a" testListId="8c84fa94-04c1-424b-9868-57a2d4851a1d" />
    <TestEntry testId="9777c817-3acc-0cb4-f5e3-9e2ad73e667d" executionId="755927ce-2199-40b0-860c-cf448013d28d" testListId="8c84fa94-04c1-424b-9868-57a2d4851a1d" />
    <TestEntry testId="8fe644bc-d652-7522-d70d-b93d77e83654" executionId="068368d1-74a1-4641-a128-bd8da56b7bc2" testListId="8c84fa94-04c1-424b-9868-57a2d4851a1d" />
    <TestEntry testId="486b2579-2c97-8947-6d90-c37534185318" executionId="e683d414-7176-4071-b579-bd12ee3f7584" testListId="8c84fa94-04c1-424b-9868-57a2d4851a1d" />
    <TestEntry testId="6c0520d7-18ff-07c0-9b13-56fbf16c2c4f" executionId="5ea9406b-1a80-44ac-a593-f3c43db84b36" testListId="8c84fa94-04c1-424b-9868-57a2d4851a1d" />
    <TestEntry testId="8bd37d9e-e2ab-3040-fbd6-19c581cc7789" executionId="9f4991a5-60bc-4065-af2a-35d2a60a45be" testListId="8c84fa94-04c1-424b-9868-57a2d4851a1d" />
    <TestEntry testId="c64f92ca-97be-ef6c-3833-bd775c2ccc05" executionId="942878db-f8fe-42d2-a2e4-a30035c241bd" testListId="8c84fa94-04c1-424b-9868-57a2d4851a1d" />
    <TestEntry testId="22dfa92c-ed48-d1b7-7a15-bfebf010e0c6" executionId="1f8dd55b-8c27-402c-8fdc-c8c70c3ac098" testListId="8c84fa94-04c1-424b-9868-57a2d4851a1d" />
    <TestEntry testId="7c7c3bdb-1f3f-dbcf-b8ea-73b50c64e481" executionId="414801d8-8433-4077-b9aa-9e2412fb7354" testListId="8c84fa94-04c1-424b-9868-57a2d4851a1d" />
    <TestEntry testId="d1712d09-3d14-5da3-dac7-46859e2dcbd1" executionId="31b3d8c0-3b05-46d9-a080-98bc22a4e6c7" testListId="8c84fa94-04c1-424b-9868-57a2d4851a1d" />
    <TestEntry testId="eb40f6b7-b105-a09a-c0a4-3675657cf10f" executionId="046a8e09-e2e4-4c7c-9b0e-2d720bffea75" testListId="8c84fa94-04c1-424b-9868-57a2d4851a1d" />
    <TestEntry testId="6ba2053d-1c61-e233-c32f-2d9ac62e40d1" executionId="8cca38cc-688b-4f01-ac88-89b8523f8eaf" testListId="8c84fa94-04c1-424b-9868-57a2d4851a1d" />
    <TestEntry testId="de1ead09-7d2d-c5e7-47eb-4160ec5f6ed3" executionId="95aca885-9416-496d-b682-3d547c02e104" testListId="8c84fa94-04c1-424b-9868-57a2d4851a1d" />
    <TestEntry testId="8fe3920c-e702-5da7-9507-a55f5062b409" executionId="f2fec837-3bae-4773-a0d1-61e17c423330" testListId="8c84fa94-04c1-424b-9868-57a2d4851a1d" />
    <TestEntry testId="d734c9ee-324e-014b-c969-8307c924bf5f" executionId="b69b7e10-477c-445f-b704-b0907cb3bcc4" testListId="8c84fa94-04c1-424b-9868-57a2d4851a1d" />
    <TestEntry testId="9cfc3e77-72cb-39f5-6ae0-0e79d6287e8d" executionId="5a6f5c67-62c8-406c-ad75-512f6f41ad19" testListId="8c84fa94-04c1-424b-9868-57a2d4851a1d" />
    <TestEntry testId="b3117544-6137-ec7f-9f36-961ca30dbe11" executionId="0c9e616a-3c85-4734-8260-d90be944e758" testListId="8c84fa94-04c1-424b-9868-57a2d4851a1d" />
    <TestEntry testId="a27d9ff1-980a-1c63-7813-d1ce254e9c05" executionId="b09367f4-977c-4818-bff7-f7910b365215" testListId="8c84fa94-04c1-424b-9868-57a2d4851a1d" />
    <TestEntry testId="82513c47-a000-f957-372e-5578aca2ca81" executionId="027507da-2915-4f9e-bd60-4d7bc361c078" testListId="8c84fa94-04c1-424b-9868-57a2d4851a1d" />
    <TestEntry testId="3a4eed0e-3674-4cc8-6889-263513dc8526" executionId="2aa24d9a-3d97-493a-bee8-8e8584e56cac" testListId="8c84fa94-04c1-424b-9868-57a2d4851a1d" />
    <TestEntry testId="f9d337bf-fab0-d24f-3ced-ebf384c26d91" executionId="5e5b3abf-01b3-4e88-ae9d-b757aa0d73bd" testListId="8c84fa94-04c1-424b-9868-57a2d4851a1d" />
    <TestEntry testId="5aae4671-98ab-d756-7467-d7e4815e3cb8" executionId="5b155cd4-6400-49ee-bf6e-d0f2ed412a6e" testListId="8c84fa94-04c1-424b-9868-57a2d4851a1d" />
    <TestEntry testId="5edd31a3-4e12-ff18-de87-95c844577bce" executionId="d2072a47-cae4-43b3-8512-d1eb2984f2fe" testListId="8c84fa94-04c1-424b-9868-57a2d4851a1d" />
    <TestEntry testId="e347e39c-68dc-0a15-c187-6332cfa2e53a" executionId="0a06c573-62fa-4660-970a-24a40d498051" testListId="8c84fa94-04c1-424b-9868-57a2d4851a1d" />
    <TestEntry testId="c37a631b-39c2-6441-0d9b-317b2496bad8" executionId="e6771b5a-c6ce-44ba-9929-77393a75812c" testListId="8c84fa94-04c1-424b-9868-57a2d4851a1d" />
  </TestEntries>
  <TestLists>
    <TestList name="Results Not in a List" id="8c84fa94-04c1-424b-9868-57a2d4851a1d" />
    <TestList name="All Loaded Results" id="19431567-8539-422a-85d7-44ee4e166bda" />
  </TestLists>
  <ResultSummary outcome="Completed">
    <Counters total="61" executed="61" passed="61" failed="0" error="0" timeout="0" aborted="0" inconclusive="0" passedButRunAborted="0" notRunnable="0" notExecuted="0" disconnected="0" warning="0" completed="0" inProgress="0" pending="0" />
    <Output>
      <StdOut>[xUnit.net 00:00:00.00] xUnit.net VSTest Adapter v3.1.1+bf6400fd51 (64-bit .NET 8.0.16)&#xD;
[xUnit.net 00:00:00.20]   Discovering: FlinkDotNet.Storage.FileSystem.Tests&#xD;
[xUnit.net 00:00:00.25]   Discovered:  FlinkDotNet.Storage.FileSystem.Tests&#xD;
[xUnit.net 00:00:00.27]   Starting:    FlinkDotNet.Storage.FileSystem.Tests&#xD;
[FileSystemSnapshotStore] WARNING: Snapshot directory not found or handle invalid: /non/existent/directory. Returning empty reader.&#xD;
[FileSystemSnapshotWriterSession] Committed snapshot to directory: C:\Users\DevStar\AppData\Local\Temp\FlinkDotNetTest_ebfa38e9-7670-4ec0-a86b-8e7f1f702600\job1\cp_100\op1_task1&#xD;
[FileSystemSnapshotStore] WARNING: Snapshot directory not found or handle invalid: /non/existent/path. Returning empty reader.&#xD;
[FileSystemSnapshotStore] WARNING: Snapshot directory not found or handle invalid: /non/existent/path. Returning empty reader.&#xD;
[FileSystemSnapshotWriterSession] Committed snapshot to directory: C:\Users\DevStar\AppData\Local\Temp\FlinkDotNetTest_fbb77c1a-7eb1-4ef3-918d-a12341ca92d2\job1\cp_100\op1_task1&#xD;
[FileSystemSnapshotWriterSession] Committed snapshot to directory: C:\Users\DevStar\AppData\Local\Temp\FlinkDotNetTest_ac73f6d6-10c4-47da-8e19-ea1e7504b5da\job1\cp_100\op1_task1&#xD;
[FileSystemSnapshotStore] WARNING: Snapshot directory not found or handle invalid: /non/existent/path. Returning empty reader.&#xD;
[FileSystemSnapshotWriterSession] DisposeAsync: Ending active keyed states: keyedState1.&#xD;
[FileSystemSnapshotWriterSession] Committed snapshot to directory: C:\Users\DevStar\AppData\Local\Temp\FlinkDotNetTest_fb108c19-f8b0-4576-bbd8-def702ca568d\job1\cp_100\op1_task1&#xD;
[FileSystemSnapshotWriterSession] Committed snapshot to directory: C:\Users\DevStar\AppData\Local\Temp\FlinkDotNetTest_2a1d0038-c81a-4c28-8bc8-9918138d69b9\job1\cp_100\op1_task1&#xD;
[FileSystemSnapshotStore] WARNING: Snapshot directory not found or handle invalid: . Returning empty reader.&#xD;
[FileSystemSnapshotWriterSession] Committed snapshot to directory: C:\Users\DevStar\AppData\Local\Temp\FlinkDotNetTest_5c86a024-23a6-4264-b611-42f400ec17fd\job1\cp_100\op1_task1&#xD;
[FileSystemSnapshotWriterSession] Committed snapshot to directory: C:\Users\DevStar\AppData\Local\Temp\FlinkDotNetTest_9ec2b424-439c-4ed4-b3e3-639c673b3046\job1\cp_100\op1_task1&#xD;
[FileSystemSnapshotWriterSession] Committed snapshot to directory: C:\Users\DevStar\AppData\Local\Temp\FlinkDotNetTest_80884aa5-ade3-4f25-868b-5cd98bffa065\job1\cp_100\op1_task1&#xD;
[FileSystemSnapshotWriterSession] Committed snapshot to directory: C:\Users\DevStar\AppData\Local\Temp\FlinkDotNetTest_f63d2fb5-cf47-4154-bdd5-4b3b1825fcff\job1\cp_100\op1_task1&#xD;
[FileSystemSnapshotWriterSession] Committed snapshot to directory: C:\Users\DevStar\AppData\Local\Temp\FlinkDotNetTest_2aeec562-f731-4fbc-9215-77a832e53dab\job1\cp_100\op1_task1&#xD;
[FileSystemSnapshotWriterSession] Committed snapshot to directory: C:\Users\DevStar\AppData\Local\Temp\FlinkDotNetTest_84466087-38ca-48e1-b16a-27ab7ba96a9e\job1\cp_100\op1_task1&#xD;
[FileSystemSnapshotStore] WARNING: Snapshot directory not found or handle invalid: /non/existent/path. Returning empty reader.&#xD;
[FileSystemSnapshotStore] WARNING: Snapshot directory not found or handle invalid: . Returning empty reader.&#xD;
[FileSystemSnapshotWriterSession] Committed snapshot to directory: C:\Users\DevStar\AppData\Local\Temp\FlinkDotNetTest_0236f358-8c83-4bb9-9f10-dbe4c5b0b833\job1\cp_100\op1_task1&#xD;
[FileSystemSnapshotWriterSession] WARNING: Commit called but these keyed states were not ended: keyedState1. Disposing them now.&#xD;
[FileSystemSnapshotWriterSession] Committed snapshot to directory: C:\Users\DevStar\AppData\Local\Temp\FlinkDotNetTest_6cf9c0be-45e2-41c2-934c-6c9e911ca904\job1\cp_100\op1_task1&#xD;
[FileSystemSnapshotWriterSession] Committed snapshot to directory: C:\Users\DevStar\AppData\Local\Temp\FlinkDotNetTest_c688eab2-d4ba-4e98-a97d-174f0f218988\job1\cp_100\op1_task1&#xD;
[FileSystemSnapshotWriterSession] Committed snapshot to directory: C:\Users\DevStar\AppData\Local\Temp\FlinkDotNetTest_f4ec245b-c3d2-4d12-a2a1-673a8614c4df\job1\cp_100\op1_task1&#xD;
[FileSystemSnapshotWriterSession] Committed snapshot to directory: C:\Users\DevStar\AppData\Local\Temp\FlinkDotNetTest_ff25dfb8-a7ac-4b0d-ba28-d50100d28b76\job1\cp_100\op1_task1&#xD;
[FileSystemSnapshotWriterSession] Committed snapshot to directory: C:\Users\DevStar\AppData\Local\Temp\FlinkDotNetTest_3ebe0a57-a496-480d-90a7-315c4c1e4804\job1\cp_100\op1_task1&#xD;
[FileSystemSnapshotWriterSession] Committed snapshot to directory: C:\Users\DevStar\AppData\Local\Temp\FlinkDotNetTest_0d79bad2-a4a6-463f-aada-badaa907fb3c\job1\cp_100\op1_task1&#xD;
[FileSystemSnapshotWriterSession] Committed snapshot to directory: C:\Users\DevStar\AppData\Local\Temp\FlinkDotNetTest_75222657-f8d1-4d8a-8291-f8e1278f6dad\job1\cp_100\op1_task1&#xD;
[FileSystemSnapshotWriterSession] Committed snapshot to directory: C:\Users\DevStar\AppData\Local\Temp\FlinkDotNetTest_431c2ba1-cbcc-48f5-a426-7cc2aeaa0d15\job1\cp_100\op1_task1&#xD;
[FileSystemSnapshotWriterSession] DisposeAsync: Ending active keyed states: keyedState1.&#xD;
[xUnit.net 00:00:01.12]   Finished:    FlinkDotNet.Storage.FileSystem.Tests&#xD;
</StdOut>
    </Output>
  </ResultSummary>
</TestRun>