<?xml version="1.0" encoding="utf-8"?>
<TestRun id="bb7d7712-af5e-4178-ab52-bea4d1488a9e" name="DevStar@DEVSTAR 2025-06-14 22:27:07" runUser="DEVSTAR\DevStar" xmlns="http://microsoft.com/schemas/VisualStudio/TeamTest/2010">
  <Times creation="2025-06-14T22:27:07.0225693+10:00" queuing="2025-06-14T22:27:07.0225699+10:00" start="2025-06-14T22:27:05.9226344+10:00" finish="2025-06-14T22:27:07.0516579+10:00" />
  <TestSettings name="default" id="12e493a3-cdec-4cce-a685-b277fd20d1ca">
    <Deployment runDeploymentRoot="DevStar_DEVSTAR_2025-06-14_22_27_07" />
  </TestSettings>
  <Results>
    <UnitTestResult executionId="6a713889-2224-4ef9-9d44-6493531bc5c2" testId="7be51bcd-eef0-9081-f3f2-bdb1031010d7" testName="FlinkDotNet.Core.Tests.Networking.LocalBufferPoolTests.Dispose_ReturnsBuffersToGlobalPool" computerName="DEVSTAR" duration="00:00:00.0001557" startTime="2025-06-14T22:27:06.9932203+10:00" endTime="2025-06-14T22:27:06.9932538+10:00" testType="13cdc9d9-ddb5-4fa4-a97d-d965ccfc6d4b" outcome="Passed" testListId="8c84fa94-04c1-424b-9868-57a2d4851a1d" relativeResultsDirectory="6a713889-2224-4ef9-9d44-6493531bc5c2" />
    <UnitTestResult executionId="9e5d5e7d-5ca2-47d6-b593-381bab625b7d" testId="905d35ea-5091-e7dd-6cf4-91f39aa8ff8b" testName="FlinkDotNet.Core.Tests.Networking.NetworkBufferTests.GetReadOnlyMemory_AfterDispose_ThrowsObjectDisposedException" computerName="DEVSTAR" duration="00:00:00.0001595" startTime="2025-06-14T22:27:06.9475384+10:00" endTime="2025-06-14T22:27:06.9477688+10:00" testType="13cdc9d9-ddb5-4fa4-a97d-d965ccfc6d4b" outcome="Passed" testListId="8c84fa94-04c1-424b-9868-57a2d4851a1d" relativeResultsDirectory="9e5d5e7d-5ca2-47d6-b593-381bab625b7d" />
    <UnitTestResult executionId="7b0d369e-abbf-41eb-a5ce-e02dbd0c9dc4" testId="54d8c0c8-522d-27b3-7121-63ebcbf7d52e" testName="FlinkDotNet.Core.Tests.Networking.NetworkBufferPoolTests.RecycleMemorySegment_PoolDisposed_ReturnsToArrayPool" computerName="DEVSTAR" duration="00:00:00.0000357" startTime="2025-06-14T22:27:06.9745459+10:00" endTime="2025-06-14T22:27:06.9745879+10:00" testType="13cdc9d9-ddb5-4fa4-a97d-d965ccfc6d4b" outcome="Passed" testListId="8c84fa94-04c1-424b-9868-57a2d4851a1d" relativeResultsDirectory="7b0d369e-abbf-41eb-a5ce-e02dbd0c9dc4" />
    <UnitTestResult executionId="25cf26bd-49f7-42cc-94cc-190a28626d1e" testId="e5bca7f4-c6bb-e3b3-f4f8-4044771cec38" testName="FlinkDotNet.Core.Tests.Networking.NetworkBufferTests.SetBarrierInfo_SetAsBarrier_UpdatesBarrierInfo" computerName="DEVSTAR" duration="00:00:00.0000855" startTime="2025-06-14T22:27:06.9755343+10:00" endTime="2025-06-14T22:27:06.9755558+10:00" testType="13cdc9d9-ddb5-4fa4-a97d-d965ccfc6d4b" outcome="Passed" testListId="8c84fa94-04c1-424b-9868-57a2d4851a1d" relativeResultsDirectory="25cf26bd-49f7-42cc-94cc-190a28626d1e" />
    <UnitTestResult executionId="ca97b695-a2f7-421b-a568-e2ec1f80fe1e" testId="07b7d6c4-d3a6-b5b9-d33a-b9f4e091b13c" testName="FlinkDotNet.Core.Tests.Networking.NetworkBufferPoolTests.Constructor_ZeroOrNegativeTotalSegments_ThrowsArgumentOutOfRangeException" computerName="DEVSTAR" duration="00:00:00.0001041" startTime="2025-06-14T22:27:06.9732760+10:00" endTime="2025-06-14T22:27:06.9733018+10:00" testType="13cdc9d9-ddb5-4fa4-a97d-d965ccfc6d4b" outcome="Passed" testListId="8c84fa94-04c1-424b-9868-57a2d4851a1d" relativeResultsDirectory="ca97b695-a2f7-421b-a568-e2ec1f80fe1e" />
    <UnitTestResult executionId="915d2af6-cce0-4b15-abd9-e4213eced9c3" testId="bd949ca4-9677-439d-5d6e-9b8987cf5392" testName="FlinkDotNet.Core.Tests.Networking.NetworkBufferTests.WriteAndReadStream_DataRoundTrip_WorksCorrectly" computerName="DEVSTAR" duration="00:00:00.0004290" startTime="2025-06-14T22:27:06.9746710+10:00" endTime="2025-06-14T22:27:06.9749895+10:00" testType="13cdc9d9-ddb5-4fa4-a97d-d965ccfc6d4b" outcome="Passed" testListId="8c84fa94-04c1-424b-9868-57a2d4851a1d" relativeResultsDirectory="915d2af6-cce0-4b15-abd9-e4213eced9c3" />
    <UnitTestResult executionId="c8c61801-ecff-45e6-8d96-7a638de9122d" testId="72faea48-f667-b82a-f125-03ec6f6c804c" testName="FlinkDotNet.Core.Tests.Networking.LocalBufferPoolTests.RequestBuffer_HasAvailableBuffers_ReturnsBuffer" computerName="DEVSTAR" duration="00:00:00.0001235" startTime="2025-06-14T22:27:06.9885260+10:00" endTime="2025-06-14T22:27:06.9886492+10:00" testType="13cdc9d9-ddb5-4fa4-a97d-d965ccfc6d4b" outcome="Passed" testListId="8c84fa94-04c1-424b-9868-57a2d4851a1d" relativeResultsDirectory="c8c61801-ecff-45e6-8d96-7a638de9122d" />
    <UnitTestResult executionId="9f591a9a-0ea7-4863-89da-440cfd16657e" testId="4df568ed-035a-51c7-e14d-9da8c960042e" testName="FlinkDotNet.Core.Tests.Networking.NetworkBufferPoolTests.RecycleMemorySegment_SegmentTooSmall_DoesNotAddToPool" computerName="DEVSTAR" duration="00:00:00.0000392" startTime="2025-06-14T22:27:06.9709966+10:00" endTime="2025-06-14T22:27:06.9710360+10:00" testType="13cdc9d9-ddb5-4fa4-a97d-d965ccfc6d4b" outcome="Passed" testListId="8c84fa94-04c1-424b-9868-57a2d4851a1d" relativeResultsDirectory="9f591a9a-0ea7-4863-89da-440cfd16657e" />
    <UnitTestResult executionId="0bb44e89-16ce-4cf8-83a3-b4feb12df399" testId="807b8640-260e-2d1e-835c-6fb56e7036ba" testName="FlinkDotNet.Core.Tests.Networking.NetworkBufferPoolTests.RequestMemorySegment_NoAvailableSegments_ReturnsNull" computerName="DEVSTAR" duration="00:00:00.0001933" startTime="2025-06-14T22:27:06.9463341+10:00" endTime="2025-06-14T22:27:06.9475889+10:00" testType="13cdc9d9-ddb5-4fa4-a97d-d965ccfc6d4b" outcome="Passed" testListId="8c84fa94-04c1-424b-9868-57a2d4851a1d" relativeResultsDirectory="0bb44e89-16ce-4cf8-83a3-b4feb12df399" />
    <UnitTestResult executionId="e6822168-c6a5-4fd3-839b-e6d203663d02" testId="10988faf-bd52-8e4d-b220-f7f40b8c320c" testName="FlinkDotNet.Core.Tests.Networking.NetworkBufferTests.GetReadStream_AfterDispose_ThrowsObjectDisposedException" computerName="DEVSTAR" duration="00:00:00.0001356" startTime="2025-06-14T22:27:06.9756085+10:00" endTime="2025-06-14T22:27:06.9756371+10:00" testType="13cdc9d9-ddb5-4fa4-a97d-d965ccfc6d4b" outcome="Passed" testListId="8c84fa94-04c1-424b-9868-57a2d4851a1d" relativeResultsDirectory="e6822168-c6a5-4fd3-839b-e6d203663d02" />
    <UnitTestResult executionId="05e2ec43-f188-4492-aa7c-8d39b1698a22" testId="696c9851-8a03-134e-8a69-0cfc85d29ec1" testName="FlinkDotNet.Core.Tests.Networking.LocalBufferPoolTests.ReturnBuffer_NullBuffer_ThrowsArgumentNullException" computerName="DEVSTAR" duration="00:00:00.0002110" startTime="2025-06-14T22:27:06.9876422+10:00" endTime="2025-06-14T22:27:06.9877637+10:00" testType="13cdc9d9-ddb5-4fa4-a97d-d965ccfc6d4b" outcome="Passed" testListId="8c84fa94-04c1-424b-9868-57a2d4851a1d" relativeResultsDirectory="05e2ec43-f188-4492-aa7c-8d39b1698a22" />
    <UnitTestResult executionId="f5548bbd-c0d0-4ba9-a602-d21f8bc0cc95" testId="31e07c64-c38e-22f0-2817-1ae19aa58bc9" testName="FlinkDotNet.Core.Tests.Networking.LocalBufferPoolTests.Dispose_CalledMultipleTimes_DoesNotThrow" computerName="DEVSTAR" duration="00:00:00.0000853" startTime="2025-06-14T22:27:06.9893192+10:00" endTime="2025-06-14T22:27:06.9894271+10:00" testType="13cdc9d9-ddb5-4fa4-a97d-d965ccfc6d4b" outcome="Passed" testListId="8c84fa94-04c1-424b-9868-57a2d4851a1d" relativeResultsDirectory="f5548bbd-c0d0-4ba9-a602-d21f8bc0cc95" />
    <UnitTestResult executionId="379a94ed-e5b9-45ab-944b-49523f2f636c" testId="4766ffbd-91f7-017e-b1d1-d00b5cdd3dd8" testName="FlinkDotNet.Core.Tests.Networking.NetworkBufferPoolTests.Dispose_CalledMultipleTimes_DoesNotThrow" computerName="DEVSTAR" duration="00:00:00.0000384" startTime="2025-06-14T22:27:06.9742967+10:00" endTime="2025-06-14T22:27:06.9744757+10:00" testType="13cdc9d9-ddb5-4fa4-a97d-d965ccfc6d4b" outcome="Passed" testListId="8c84fa94-04c1-424b-9868-57a2d4851a1d" relativeResultsDirectory="379a94ed-e5b9-45ab-944b-49523f2f636c" />
    <UnitTestResult executionId="180bbd7c-032c-41ec-8ab1-501526278b3e" testId="a256422f-3514-2970-c3e0-8ed75083fbe5" testName="FlinkDotNet.Core.Tests.Networking.LocalBufferPoolTests.Constructor_ZeroOrNegativeMinRequiredSegments_ThrowsArgumentOutOfRangeException" computerName="DEVSTAR" duration="00:00:00.0005608" startTime="2025-06-14T22:27:06.9926952+10:00" endTime="2025-06-14T22:27:06.9927330+10:00" testType="13cdc9d9-ddb5-4fa4-a97d-d965ccfc6d4b" outcome="Passed" testListId="8c84fa94-04c1-424b-9868-57a2d4851a1d" relativeResultsDirectory="180bbd7c-032c-41ec-8ab1-501526278b3e" />
    <UnitTestResult executionId="4cbc86a1-dee7-41d7-b149-9576b41983b7" testId="9cc01a03-f1db-6fb2-8a86-19892748a31f" testName="FlinkDotNet.Core.Tests.Networking.NetworkBufferPoolTests.RequestAndRecycleFlow_MultipleOperations_MaintainsPoolState" computerName="DEVSTAR" duration="00:00:00.0003396" startTime="2025-06-14T22:27:06.9733664+10:00" endTime="2025-06-14T22:27:06.9735644+10:00" testType="13cdc9d9-ddb5-4fa4-a97d-d965ccfc6d4b" outcome="Passed" testListId="8c84fa94-04c1-424b-9868-57a2d4851a1d" relativeResultsDirectory="4cbc86a1-dee7-41d7-b149-9576b41983b7" />
    <UnitTestResult executionId="dc45403a-7f3d-4004-91db-a9809f2963eb" testId="32c5f93f-a084-ac80-d064-3880eb6f4ed3" testName="FlinkDotNet.Core.Tests.Networking.NetworkBufferPoolTests.RequestBuffer_AfterDispose_ThrowsObjectDisposedException" computerName="DEVSTAR" duration="00:00:00.0001032" startTime="2025-06-14T22:27:06.9477062+10:00" endTime="2025-06-14T22:27:06.9477456+10:00" testType="13cdc9d9-ddb5-4fa4-a97d-d965ccfc6d4b" outcome="Passed" testListId="8c84fa94-04c1-424b-9868-57a2d4851a1d" relativeResultsDirectory="dc45403a-7f3d-4004-91db-a9809f2963eb" />
    <UnitTestResult executionId="7cb9224c-044d-476d-9f56-15514ec8ad4f" testId="59dcabdc-68fb-6252-6bc0-5a2eecfe33d2" testName="FlinkDotNet.Core.Tests.Networking.NetworkBufferTests.SetDataLength_AfterDispose_ThrowsObjectDisposedException" computerName="DEVSTAR" duration="00:00:00.0001261" startTime="2025-06-14T22:27:06.9841051+10:00" endTime="2025-06-14T22:27:06.9842262+10:00" testType="13cdc9d9-ddb5-4fa4-a97d-d965ccfc6d4b" outcome="Passed" testListId="8c84fa94-04c1-424b-9868-57a2d4851a1d" relativeResultsDirectory="7cb9224c-044d-476d-9f56-15514ec8ad4f" />
    <UnitTestResult executionId="b258a86c-83d4-477d-9eeb-7f35364c891f" testId="19d8da7f-ef37-c332-6486-2651d2a014d4" testName="FlinkDotNet.Core.Tests.Networking.LocalBufferPoolTests.MultipleRequestsAndReturns_MaintainsCorrectState" computerName="DEVSTAR" duration="00:00:00.0013519" startTime="2025-06-14T22:27:06.9471212+10:00" endTime="2025-06-14T22:27:06.9706839+10:00" testType="13cdc9d9-ddb5-4fa4-a97d-d965ccfc6d4b" outcome="Passed" testListId="8c84fa94-04c1-424b-9868-57a2d4851a1d" relativeResultsDirectory="b258a86c-83d4-477d-9eeb-7f35364c891f" />
    <UnitTestResult executionId="f6a1eef3-4177-49ab-be52-7cd33b578291" testId="344503bc-6c81-b9a7-ee16-a788eafd597a" testName="FlinkDotNet.Core.Tests.Networking.NetworkBufferPoolTests.RecycleMemorySegment_NullSegment_ThrowsArgumentNullException" computerName="DEVSTAR" duration="00:00:00.0000932" startTime="2025-06-14T22:27:06.9730941+10:00" endTime="2025-06-14T22:27:06.9731451+10:00" testType="13cdc9d9-ddb5-4fa4-a97d-d965ccfc6d4b" outcome="Passed" testListId="8c84fa94-04c1-424b-9868-57a2d4851a1d" relativeResultsDirectory="f6a1eef3-4177-49ab-be52-7cd33b578291" />
    <UnitTestResult executionId="eb4568ea-8ef3-4032-af21-cd5749ca138a" testId="337ed94b-c91f-0ddf-a7cb-79f7d937e256" testName="FlinkDotNet.Core.Tests.Networking.NetworkBufferTests.GetMemory_ReturnsCorrectMemorySlice" computerName="DEVSTAR" duration="00:00:00.0001297" startTime="2025-06-14T22:27:06.9754271+10:00" endTime="2025-06-14T22:27:06.9754590+10:00" testType="13cdc9d9-ddb5-4fa4-a97d-d965ccfc6d4b" outcome="Passed" testListId="8c84fa94-04c1-424b-9868-57a2d4851a1d" relativeResultsDirectory="eb4568ea-8ef3-4032-af21-cd5749ca138a" />
    <UnitTestResult executionId="096d97cf-47e9-4227-b366-082504ca5b4b" testId="47fa64f4-a9d3-55fb-17b1-75c82ed5f52d" testName="FlinkDotNet.Core.Tests.Networking.NetworkBufferPoolTests.RequestMemorySegment_AfterDispose_ThrowsObjectDisposedException" computerName="DEVSTAR" duration="00:00:00.0001098" startTime="2025-06-14T22:27:06.9737071+10:00" endTime="2025-06-14T22:27:06.9738021+10:00" testType="13cdc9d9-ddb5-4fa4-a97d-d965ccfc6d4b" outcome="Passed" testListId="8c84fa94-04c1-424b-9868-57a2d4851a1d" relativeResultsDirectory="096d97cf-47e9-4227-b366-082504ca5b4b" />
    <UnitTestResult executionId="d6940661-458b-466b-bc1b-0ccfa9cfd39d" testId="607c5b15-3f13-4629-cd3b-710b6cc1f760" testName="FlinkDotNet.Core.Tests.Networking.LocalBufferPoolTests.Constructor_MaxLessThanMin_ThrowsArgumentOutOfRangeException" computerName="DEVSTAR" duration="00:00:00.0001658" startTime="2025-06-14T22:27:06.9889253+10:00" endTime="2025-06-14T22:27:06.9890382+10:00" testType="13cdc9d9-ddb5-4fa4-a97d-d965ccfc6d4b" outcome="Passed" testListId="8c84fa94-04c1-424b-9868-57a2d4851a1d" relativeResultsDirectory="d6940661-458b-466b-bc1b-0ccfa9cfd39d" />
    <UnitTestResult executionId="699ee199-58ea-4450-9d9a-f64d5f0219c6" testId="e89ef1a3-8460-14e4-aaf0-6b759073300f" testName="FlinkDotNet.Core.Tests.Networking.LocalBufferPoolTests.RequestBufferAsync_HasAvailableBuffers_ReturnsImmediately" computerName="DEVSTAR" duration="00:00:00.0010210" startTime="2025-06-14T22:27:06.9923888+10:00" endTime="2025-06-14T22:27:06.9924257+10:00" testType="13cdc9d9-ddb5-4fa4-a97d-d965ccfc6d4b" outcome="Passed" testListId="8c84fa94-04c1-424b-9868-57a2d4851a1d" relativeResultsDirectory="699ee199-58ea-4450-9d9a-f64d5f0219c6" />
    <UnitTestResult executionId="73588b4c-fcb3-4e31-8451-592e8c3916a0" testId="83935c83-2093-29a8-9be3-859e7ccd2201" testName="FlinkDotNet.Core.Tests.Networking.NetworkBufferPoolTests.RecycleMemorySegment_ValidSegment_AddsBackToPool" computerName="DEVSTAR" duration="00:00:00.0000668" startTime="2025-06-14T22:27:06.9711352+10:00" endTime="2025-06-14T22:27:06.9711705+10:00" testType="13cdc9d9-ddb5-4fa4-a97d-d965ccfc6d4b" outcome="Passed" testListId="8c84fa94-04c1-424b-9868-57a2d4851a1d" relativeResultsDirectory="73588b4c-fcb3-4e31-8451-592e8c3916a0" />
    <UnitTestResult executionId="f96d6515-6bda-42cd-ab8e-780e721a28fd" testId="eacee45c-3cdf-1094-a993-d274623f9768" testName="FlinkDotNet.Core.Tests.Networking.NetworkBufferTests.SetBarrierInfo_ClearBarrier_ClearsBarrierInfo" computerName="DEVSTAR" duration="00:00:00.0001269" startTime="2025-06-14T22:27:06.9737808+10:00" endTime="2025-06-14T22:27:06.9743141+10:00" testType="13cdc9d9-ddb5-4fa4-a97d-d965ccfc6d4b" outcome="Passed" testListId="8c84fa94-04c1-424b-9868-57a2d4851a1d" relativeResultsDirectory="f96d6515-6bda-42cd-ab8e-780e721a28fd" />
    <UnitTestResult executionId="538d8cf8-e6e1-4908-8a05-847c88d44286" testId="52dbc590-8814-344f-1206-db97cd8b0aa6" testName="FlinkDotNet.Core.Tests.Networking.NetworkBufferTests.Dispose_CalledMultipleTimes_CallsReturnActionOnlyOnce" computerName="DEVSTAR" duration="00:00:00.0000995" startTime="2025-06-14T22:27:06.9735374+10:00" endTime="2025-06-14T22:27:06.9737216+10:00" testType="13cdc9d9-ddb5-4fa4-a97d-d965ccfc6d4b" outcome="Passed" testListId="8c84fa94-04c1-424b-9868-57a2d4851a1d" relativeResultsDirectory="538d8cf8-e6e1-4908-8a05-847c88d44286" />
    <UnitTestResult executionId="1f33dbb0-7518-45bd-b8e5-b0d7f4b008a6" testId="8142fb79-aa62-28cd-417a-94a032733cdb" testName="FlinkDotNet.Core.Tests.Networking.LocalBufferPoolTests.RequestBufferAsync_AfterDispose_ThrowsObjectDisposedException" computerName="DEVSTAR" duration="00:00:00.0013116" startTime="2025-06-14T22:27:06.9925416+10:00" endTime="2025-06-14T22:27:06.9925861+10:00" testType="13cdc9d9-ddb5-4fa4-a97d-d965ccfc6d4b" outcome="Passed" testListId="8c84fa94-04c1-424b-9868-57a2d4851a1d" relativeResultsDirectory="1f33dbb0-7518-45bd-b8e5-b0d7f4b008a6" />
    <UnitTestResult executionId="da44209c-9e2c-4e78-bd9b-f53515db1ba0" testId="62f94fe1-984a-b2cd-6abf-1d67c04ffb18" testName="FlinkDotNet.Core.Tests.Networking.LocalBufferPoolTests.RequestBuffer_ZeroOrNegativeMinCapacity_ThrowsArgumentOutOfRangeException" computerName="DEVSTAR" duration="00:00:00.0004407" startTime="2025-06-14T22:27:06.9872132+10:00" endTime="2025-06-14T22:27:06.9873304+10:00" testType="13cdc9d9-ddb5-4fa4-a97d-d965ccfc6d4b" outcome="Passed" testListId="8c84fa94-04c1-424b-9868-57a2d4851a1d" relativeResultsDirectory="da44209c-9e2c-4e78-bd9b-f53515db1ba0" />
    <UnitTestResult executionId="851f635f-78fd-45b9-9a72-078d100032cf" testId="51887692-0fa3-9c5d-f1b6-9c4224daf4e7" testName="FlinkDotNet.Core.Tests.Networking.NetworkBufferTests.GetWriteStream_AfterDispose_ThrowsObjectDisposedException" computerName="DEVSTAR" duration="00:00:00.0001170" startTime="2025-06-14T22:27:06.9832139+10:00" endTime="2025-06-14T22:27:06.9833581+10:00" testType="13cdc9d9-ddb5-4fa4-a97d-d965ccfc6d4b" outcome="Passed" testListId="8c84fa94-04c1-424b-9868-57a2d4851a1d" relativeResultsDirectory="851f635f-78fd-45b9-9a72-078d100032cf" />
    <UnitTestResult executionId="e57a7670-a5f2-445a-858a-5b9fedd0d57f" testId="166fd0b8-0c57-1528-487d-9303a78e301f" testName="FlinkDotNet.Core.Tests.Networking.NetworkBufferTests.Constructor_NullBuffer_ThrowsArgumentNullException" computerName="DEVSTAR" duration="00:00:00.0001966" startTime="2025-06-14T22:27:06.9818853+10:00" endTime="2025-06-14T22:27:06.9820279+10:00" testType="13cdc9d9-ddb5-4fa4-a97d-d965ccfc6d4b" outcome="Passed" testListId="8c84fa94-04c1-424b-9868-57a2d4851a1d" relativeResultsDirectory="e57a7670-a5f2-445a-858a-5b9fedd0d57f" />
    <UnitTestResult executionId="0eff9046-89b5-4a39-89d5-72a8faead69e" testId="cdf3c39b-4ed3-6e7e-2296-fb425b0e0997" testName="FlinkDotNet.Core.Tests.Networking.NetworkBufferTests.GetReadOnlyMemory_ReturnsCorrectMemorySlice" computerName="DEVSTAR" duration="00:00:00.1012806" startTime="2025-06-14T22:27:06.8335541+10:00" endTime="2025-06-14T22:27:06.9417752+10:00" testType="13cdc9d9-ddb5-4fa4-a97d-d965ccfc6d4b" outcome="Passed" testListId="8c84fa94-04c1-424b-9868-57a2d4851a1d" relativeResultsDirectory="0eff9046-89b5-4a39-89d5-72a8faead69e" />
    <UnitTestResult executionId="3ad5c356-0459-436e-bc76-1b7823fe083c" testId="6a1d9361-99e6-7ba6-2a69-a925809d85ba" testName="FlinkDotNet.Core.Tests.Networking.LocalBufferPoolTests.Constructor_ZeroOrNegativeMaxConfiguredSegments_ThrowsArgumentOutOfRangeException" computerName="DEVSTAR" duration="00:00:00.0002468" startTime="2025-06-14T22:27:06.9881104+10:00" endTime="2025-06-14T22:27:06.9882327+10:00" testType="13cdc9d9-ddb5-4fa4-a97d-d965ccfc6d4b" outcome="Passed" testListId="8c84fa94-04c1-424b-9868-57a2d4851a1d" relativeResultsDirectory="3ad5c356-0459-436e-bc76-1b7823fe083c" />
    <UnitTestResult executionId="285bf69e-0e87-4eb3-be6f-236f278dcc9a" testId="4266a0e0-a925-068a-b467-898bc1bd9518" testName="FlinkDotNet.Core.Tests.Networking.LocalBufferPoolTests.Constructor_NullGlobalPool_ThrowsArgumentNullException" computerName="DEVSTAR" duration="00:00:00.0003356" startTime="2025-06-14T22:27:06.9922346+10:00" endTime="2025-06-14T22:27:06.9922800+10:00" testType="13cdc9d9-ddb5-4fa4-a97d-d965ccfc6d4b" outcome="Passed" testListId="8c84fa94-04c1-424b-9868-57a2d4851a1d" relativeResultsDirectory="285bf69e-0e87-4eb3-be6f-236f278dcc9a" />
    <UnitTestResult executionId="6e6d2da6-b3bd-4049-a039-6c35f567cec6" testId="324c62c8-7bdb-1662-2a1a-a8f766779d4c" testName="FlinkDotNet.Core.Tests.Networking.NetworkBufferTests.SetDataLength_ValidLength_UpdatesDataLength" computerName="DEVSTAR" duration="00:00:00.0000709" startTime="2025-06-14T22:27:06.9795947+10:00" endTime="2025-06-14T22:27:06.9797253+10:00" testType="13cdc9d9-ddb5-4fa4-a97d-d965ccfc6d4b" outcome="Passed" testListId="8c84fa94-04c1-424b-9868-57a2d4851a1d" relativeResultsDirectory="6e6d2da6-b3bd-4049-a039-6c35f567cec6" />
    <UnitTestResult executionId="03c72838-204d-4880-abd5-a2e81fa5baea" testId="b6d7129a-d5ce-09b2-c9f1-fd36718471ea" testName="FlinkDotNet.Core.Tests.Networking.LocalBufferPoolTests.RequestBuffer_ExceedsMaxConfigured_ReturnsNull" computerName="DEVSTAR" duration="00:00:00.0002266" startTime="2025-06-14T22:27:06.9918043+10:00" endTime="2025-06-14T22:27:06.9919526+10:00" testType="13cdc9d9-ddb5-4fa4-a97d-d965ccfc6d4b" outcome="Passed" testListId="8c84fa94-04c1-424b-9868-57a2d4851a1d" relativeResultsDirectory="03c72838-204d-4880-abd5-a2e81fa5baea" />
    <UnitTestResult executionId="e397c0e5-a82d-49c6-965f-a5944b4814d5" testId="51d7469e-214b-77d4-46b2-a3a36686c1d7" testName="FlinkDotNet.Core.Tests.Networking.NetworkBufferTests.Dispose_NoReturnAction_DoesNotThrow" computerName="DEVSTAR" duration="00:00:00.0001386" startTime="2025-06-14T22:27:06.9463522+10:00" endTime="2025-06-14T22:27:06.9471690+10:00" testType="13cdc9d9-ddb5-4fa4-a97d-d965ccfc6d4b" outcome="Passed" testListId="8c84fa94-04c1-424b-9868-57a2d4851a1d" relativeResultsDirectory="e397c0e5-a82d-49c6-965f-a5944b4814d5" />
    <UnitTestResult executionId="4baa0f17-c113-4347-b0a5-ae5e63592ee5" testId="89d5bfd9-45f5-fe7a-33dc-7db6d6ae3ddb" testName="FlinkDotNet.Core.Tests.Networking.NetworkBufferPoolTests.Dispose_ReturnsAllSegmentsToArrayPool" computerName="DEVSTAR" duration="00:00:00.0000396" startTime="2025-06-14T22:27:06.9748520+10:00" endTime="2025-06-14T22:27:06.9748747+10:00" testType="13cdc9d9-ddb5-4fa4-a97d-d965ccfc6d4b" outcome="Passed" testListId="8c84fa94-04c1-424b-9868-57a2d4851a1d" relativeResultsDirectory="4baa0f17-c113-4347-b0a5-ae5e63592ee5" />
    <UnitTestResult executionId="a93731b0-9066-4656-95cc-ceba6bc3e4d2" testId="c56abc75-95af-4171-77d6-8ed32ed99515" testName="FlinkDotNet.Core.Tests.Networking.LocalBufferPoolTests.RequestBuffer_MinCapacityExceedsSegmentSize_ThrowsArgumentOutOfRangeException" computerName="DEVSTAR" duration="00:00:00.0003340" startTime="2025-06-14T22:27:06.9929639+10:00" endTime="2025-06-14T22:27:06.9930084+10:00" testType="13cdc9d9-ddb5-4fa4-a97d-d965ccfc6d4b" outcome="Passed" testListId="8c84fa94-04c1-424b-9868-57a2d4851a1d" relativeResultsDirectory="a93731b0-9066-4656-95cc-ceba6bc3e4d2" />
    <UnitTestResult executionId="1e9580e4-4ee5-42cf-bef4-e89a7046e8f8" testId="ab9dbfd2-cc63-f87d-ec92-f1ea8d88ceac" testName="FlinkDotNet.Core.Tests.Networking.NetworkBufferPoolTests.RequestBuffer_MinCapacityLargerThanSegmentSize_ReturnsBuffer" computerName="DEVSTAR" duration="00:00:00.1002757" startTime="2025-06-14T22:27:06.8347228+10:00" endTime="2025-06-14T22:27:06.9398262+10:00" testType="13cdc9d9-ddb5-4fa4-a97d-d965ccfc6d4b" outcome="Passed" testListId="8c84fa94-04c1-424b-9868-57a2d4851a1d" relativeResultsDirectory="1e9580e4-4ee5-42cf-bef4-e89a7046e8f8" />
    <UnitTestResult executionId="43ebefd7-c1b8-4b83-a128-f2b0befc5b9f" testId="8fce93d7-2d59-2bfa-f961-d62c676ac7c1" testName="FlinkDotNet.Core.Tests.Networking.NetworkBufferPoolTests.RequestBuffer_HasAvailableSegments_ReturnsNetworkBuffer" computerName="DEVSTAR" duration="00:00:00.0000724" startTime="2025-06-14T22:27:06.9707665+10:00" endTime="2025-06-14T22:27:06.9708774+10:00" testType="13cdc9d9-ddb5-4fa4-a97d-d965ccfc6d4b" outcome="Passed" testListId="8c84fa94-04c1-424b-9868-57a2d4851a1d" relativeResultsDirectory="43ebefd7-c1b8-4b83-a128-f2b0befc5b9f" />
    <UnitTestResult executionId="98598c6c-1a9d-4fc7-b83d-05105c3f9be5" testId="7b3d090e-a5b3-0899-aa69-1804737c59c9" testName="FlinkDotNet.Core.Tests.Networking.NetworkBufferTests.Reset_AfterDispose_ThrowsObjectDisposedException" computerName="DEVSTAR" duration="00:00:00.0001141" startTime="2025-06-14T22:27:06.9757007+10:00" endTime="2025-06-14T22:27:06.9757347+10:00" testType="13cdc9d9-ddb5-4fa4-a97d-d965ccfc6d4b" outcome="Passed" testListId="8c84fa94-04c1-424b-9868-57a2d4851a1d" relativeResultsDirectory="98598c6c-1a9d-4fc7-b83d-05105c3f9be5" />
    <UnitTestResult executionId="0e9491ed-5a5c-4861-a67e-ed5d74c379b5" testId="e244c9f3-aeb7-b702-050d-1fea726a6dc2" testName="FlinkDotNet.Core.Tests.Networking.NetworkBufferPoolTests.RequestBuffer_ZeroOrNegativeMinCapacity_ThrowsArgumentOutOfRangeException" computerName="DEVSTAR" duration="00:00:00.0005124" startTime="2025-06-14T22:27:06.9701726+10:00" endTime="2025-06-14T22:27:06.9702509+10:00" testType="13cdc9d9-ddb5-4fa4-a97d-d965ccfc6d4b" outcome="Passed" testListId="8c84fa94-04c1-424b-9868-57a2d4851a1d" relativeResultsDirectory="0e9491ed-5a5c-4861-a67e-ed5d74c379b5" />
    <UnitTestResult executionId="c1f31554-5eca-471b-8ca5-1a9410c6461d" testId="7c804201-b7e6-5962-120b-7416e7b123af" testName="FlinkDotNet.Core.Tests.Networking.NetworkBufferPoolTests.Constructor_ZeroOrNegativeSegmentSize_ThrowsArgumentOutOfRangeException" computerName="DEVSTAR" duration="00:00:00.0001845" startTime="2025-06-14T22:27:06.9712659+10:00" endTime="2025-06-14T22:27:06.9713046+10:00" testType="13cdc9d9-ddb5-4fa4-a97d-d965ccfc6d4b" outcome="Passed" testListId="8c84fa94-04c1-424b-9868-57a2d4851a1d" relativeResultsDirectory="c1f31554-5eca-471b-8ca5-1a9410c6461d" />
    <UnitTestResult executionId="a47729dc-e80d-424f-8982-cf0de806bde5" testId="117b05a1-9afd-7814-69d8-44d1ec8f0c77" testName="FlinkDotNet.Core.Tests.Networking.LocalBufferPoolTests.RequestBuffer_AfterDispose_ThrowsObjectDisposedException" computerName="DEVSTAR" duration="00:00:00.1010405" startTime="2025-06-14T22:27:06.8347760+10:00" endTime="2025-06-14T22:27:06.9417196+10:00" testType="13cdc9d9-ddb5-4fa4-a97d-d965ccfc6d4b" outcome="Passed" testListId="8c84fa94-04c1-424b-9868-57a2d4851a1d" relativeResultsDirectory="a47729dc-e80d-424f-8982-cf0de806bde5" />
    <UnitTestResult executionId="7c30e3c2-2ed8-4696-a265-44277aa75ba1" testId="6e60c938-0960-417a-7dd0-2fc5a670e860" testName="FlinkDotNet.Core.Tests.Networking.NetworkBufferTests.Constructor_NegativeDataOffset_ThrowsArgumentOutOfRangeException" computerName="DEVSTAR" duration="00:00:00.0001188" startTime="2025-06-14T22:27:06.9836508+10:00" endTime="2025-06-14T22:27:06.9837885+10:00" testType="13cdc9d9-ddb5-4fa4-a97d-d965ccfc6d4b" outcome="Passed" testListId="8c84fa94-04c1-424b-9868-57a2d4851a1d" relativeResultsDirectory="7c30e3c2-2ed8-4696-a265-44277aa75ba1" />
    <UnitTestResult executionId="513527d9-0627-4fad-9ae4-3ed48df2299b" testId="b44622fe-a14a-6c07-d750-85fa05c09146" testName="FlinkDotNet.Core.Tests.Networking.NetworkBufferTests.Constructor_ValidParameters_InitializesCorrectly" computerName="DEVSTAR" duration="00:00:00.0001727" startTime="2025-06-14T22:27:06.9769186+10:00" endTime="2025-06-14T22:27:06.9770739+10:00" testType="13cdc9d9-ddb5-4fa4-a97d-d965ccfc6d4b" outcome="Passed" testListId="8c84fa94-04c1-424b-9868-57a2d4851a1d" relativeResultsDirectory="513527d9-0627-4fad-9ae4-3ed48df2299b" />
    <UnitTestResult executionId="e776f452-8b44-4804-9ad4-1129c8727394" testId="87e98eb7-15a7-ad41-2e73-a5d0eeb9d16e" testName="FlinkDotNet.Core.Tests.Networking.NetworkBufferPoolTests.RequestBuffer_NoAvailableSegments_ReturnsNull" computerName="DEVSTAR" duration="00:00:00.0000561" startTime="2025-06-14T22:27:06.9736239+10:00" endTime="2025-06-14T22:27:06.9736513+10:00" testType="13cdc9d9-ddb5-4fa4-a97d-d965ccfc6d4b" outcome="Passed" testListId="8c84fa94-04c1-424b-9868-57a2d4851a1d" relativeResultsDirectory="e776f452-8b44-4804-9ad4-1129c8727394" />
    <UnitTestResult executionId="10928159-ad07-4cc6-889f-f3219bbca765" testId="4802005e-4e45-aad2-971b-7dbffcdccc81" testName="FlinkDotNet.Core.Tests.Networking.NetworkBufferPoolTests.Constructor_ValidParameters_InitializesCorrectly" computerName="DEVSTAR" duration="00:00:00.0000640" startTime="2025-06-14T22:27:06.9749316+10:00" endTime="2025-06-14T22:27:06.9749540+10:00" testType="13cdc9d9-ddb5-4fa4-a97d-d965ccfc6d4b" outcome="Passed" testListId="8c84fa94-04c1-424b-9868-57a2d4851a1d" relativeResultsDirectory="10928159-ad07-4cc6-889f-f3219bbca765" />
    <UnitTestResult executionId="a3df539e-fbdf-421e-862e-6bb28443c706" testId="47fd8655-5914-1024-814e-c9f871ec748b" testName="FlinkDotNet.Core.Tests.Networking.NetworkBufferPoolTests.ReturnBuffer_AfterDispose_ThrowsObjectDisposedException" computerName="DEVSTAR" duration="00:00:00.0001063" startTime="2025-06-14T22:27:06.9746887+10:00" endTime="2025-06-14T22:27:06.9747183+10:00" testType="13cdc9d9-ddb5-4fa4-a97d-d965ccfc6d4b" outcome="Passed" testListId="8c84fa94-04c1-424b-9868-57a2d4851a1d" relativeResultsDirectory="a3df539e-fbdf-421e-862e-6bb28443c706" />
    <UnitTestResult executionId="a8304956-648a-49c4-8e7c-602b136e1857" testId="1f7c151b-b664-9774-0b53-970a11c04dde" testName="FlinkDotNet.Core.Tests.Networking.LocalBufferPoolTests.RequestBufferAsync_Cancelled_ThrowsOperationCancelledException" computerName="DEVSTAR" duration="00:00:00.0079589" startTime="2025-06-14T22:27:06.9708414+10:00" endTime="2025-06-14T22:27:06.9849915+10:00" testType="13cdc9d9-ddb5-4fa4-a97d-d965ccfc6d4b" outcome="Passed" testListId="8c84fa94-04c1-424b-9868-57a2d4851a1d" relativeResultsDirectory="a8304956-648a-49c4-8e7c-602b136e1857" />
    <UnitTestResult executionId="6f632c3e-01f1-4845-9217-9248b2418b54" testId="3bb32b69-8d71-cb9c-847c-a5c251ec15d1" testName="FlinkDotNet.Core.Tests.Networking.NetworkBufferPoolTests.ReturnBuffer_NullBuffer_ThrowsArgumentNullException" computerName="DEVSTAR" duration="00:00:00.0002108" startTime="2025-06-14T22:27:06.9705620+10:00" endTime="2025-06-14T22:27:06.9706023+10:00" testType="13cdc9d9-ddb5-4fa4-a97d-d965ccfc6d4b" outcome="Passed" testListId="8c84fa94-04c1-424b-9868-57a2d4851a1d" relativeResultsDirectory="6f632c3e-01f1-4845-9217-9248b2418b54" />
    <UnitTestResult executionId="1bc450cc-5a51-487f-8c06-6735aa662a42" testId="f64249b4-537c-f505-a4ed-ab0bf2316848" testName="FlinkDotNet.Core.Tests.Networking.NetworkBufferTests.GetMemory_AfterDispose_ThrowsObjectDisposedException" computerName="DEVSTAR" duration="00:00:00.0001504" startTime="2025-06-14T22:27:06.9828030+10:00" endTime="2025-06-14T22:27:06.9829282+10:00" testType="13cdc9d9-ddb5-4fa4-a97d-d965ccfc6d4b" outcome="Passed" testListId="8c84fa94-04c1-424b-9868-57a2d4851a1d" relativeResultsDirectory="1bc450cc-5a51-487f-8c06-6735aa662a42" />
    <UnitTestResult executionId="0b0ac3bb-8b4e-4ece-a044-a7e757c7edf6" testId="864bc673-b4a5-8620-03d9-9a32f8da8c26" testName="FlinkDotNet.Core.Tests.Networking.NetworkBufferTests.Constructor_NegativeDataLength_ThrowsArgumentOutOfRangeException" computerName="DEVSTAR" duration="00:00:00.0001638" startTime="2025-06-14T22:27:06.9775697+10:00" endTime="2025-06-14T22:27:06.9787378+10:00" testType="13cdc9d9-ddb5-4fa4-a97d-d965ccfc6d4b" outcome="Passed" testListId="8c84fa94-04c1-424b-9868-57a2d4851a1d" relativeResultsDirectory="0b0ac3bb-8b4e-4ece-a044-a7e757c7edf6" />
    <UnitTestResult executionId="9d147124-01b2-4e77-b528-eb9bec5938aa" testId="1f36f315-e9d9-5ba1-0f5f-fb9a3ccfc188" testName="FlinkDotNet.Core.Tests.Networking.NetworkBufferTests.GetWriteStream_ResetsDataLengthAndReturnsWriteableStream" computerName="DEVSTAR" duration="00:00:00.0001825" startTime="2025-06-14T22:27:06.9734481+10:00" endTime="2025-06-14T22:27:06.9734708+10:00" testType="13cdc9d9-ddb5-4fa4-a97d-d965ccfc6d4b" outcome="Passed" testListId="8c84fa94-04c1-424b-9868-57a2d4851a1d" relativeResultsDirectory="9d147124-01b2-4e77-b528-eb9bec5938aa" />
    <UnitTestResult executionId="3821e090-e670-4726-b5a7-7c7adf5bba2c" testId="64b4703c-7c1d-0038-37d8-7cc8ec06372e" testName="FlinkDotNet.Core.Tests.Networking.NetworkBufferTests.Reset_ClearsDataAndBarrierInfo" computerName="DEVSTAR" duration="00:00:00.0018157" startTime="2025-06-14T22:27:06.9702116+10:00" endTime="2025-06-14T22:27:06.9733910+10:00" testType="13cdc9d9-ddb5-4fa4-a97d-d965ccfc6d4b" outcome="Passed" testListId="8c84fa94-04c1-424b-9868-57a2d4851a1d" relativeResultsDirectory="3821e090-e670-4726-b5a7-7c7adf5bba2c" />
    <UnitTestResult executionId="24335e0a-02c7-4dc3-ae37-7025597bc506" testId="e571ed0d-a73c-7a49-8f33-fca3248eb6eb" testName="FlinkDotNet.Core.Tests.Networking.LocalBufferPoolTests.RequestBuffer_NoLocalBuffersAvailable_RequestsFromGlobal" computerName="DEVSTAR" duration="00:00:00.0001257" startTime="2025-06-14T22:27:06.9897023+10:00" endTime="2025-06-14T22:27:06.9898447+10:00" testType="13cdc9d9-ddb5-4fa4-a97d-d965ccfc6d4b" outcome="Passed" testListId="8c84fa94-04c1-424b-9868-57a2d4851a1d" relativeResultsDirectory="24335e0a-02c7-4dc3-ae37-7025597bc506" />
    <UnitTestResult executionId="5b4391bd-1bf3-4d16-bffd-4e396eb18c12" testId="d8e421e3-b05c-b53f-a202-69abac722bc7" testName="FlinkDotNet.Core.Tests.Networking.LocalBufferPoolTests.BufferReturnCallback_Called_InvokesCallback" computerName="DEVSTAR" duration="00:00:00.0003959" startTime="2025-06-14T22:27:06.9901241+10:00" endTime="2025-06-14T22:27:06.9902339+10:00" testType="13cdc9d9-ddb5-4fa4-a97d-d965ccfc6d4b" outcome="Passed" testListId="8c84fa94-04c1-424b-9868-57a2d4851a1d" relativeResultsDirectory="5b4391bd-1bf3-4d16-bffd-4e396eb18c12" />
    <UnitTestResult executionId="025a5779-7c4a-4be1-80b4-3163e8d0c2db" testId="44d50157-3c3f-2ba9-de72-d678d384027f" testName="FlinkDotNet.Core.Tests.Networking.NetworkBufferTests.SetBarrierInfo_AfterDispose_ThrowsObjectDisposedException" computerName="DEVSTAR" duration="00:00:00.0001200" startTime="2025-06-14T22:27:06.9845347+10:00" endTime="2025-06-14T22:27:06.9846531+10:00" testType="13cdc9d9-ddb5-4fa4-a97d-d965ccfc6d4b" outcome="Passed" testListId="8c84fa94-04c1-424b-9868-57a2d4851a1d" relativeResultsDirectory="025a5779-7c4a-4be1-80b4-3163e8d0c2db" />
    <UnitTestResult executionId="32655f86-5db7-4d4e-969d-aabc482802e3" testId="9b2c15fe-9347-0bf6-8f78-f9009ca2dc51" testName="FlinkDotNet.Core.Tests.Networking.NetworkBufferTests.GetReadStream_ReturnsReadOnlyStreamWithCurrentData" computerName="DEVSTAR" duration="00:00:00.0000883" startTime="2025-06-14T22:27:06.9791394+10:00" endTime="2025-06-14T22:27:06.9792634+10:00" testType="13cdc9d9-ddb5-4fa4-a97d-d965ccfc6d4b" outcome="Passed" testListId="8c84fa94-04c1-424b-9868-57a2d4851a1d" relativeResultsDirectory="32655f86-5db7-4d4e-969d-aabc482802e3" />
    <UnitTestResult executionId="255bf40e-36f6-4149-9610-2549b3cac59e" testId="8b5784c8-3250-5186-9462-e5ed58ac74bb" testName="FlinkDotNet.Core.Tests.Networking.NetworkBufferTests.SetDataLength_NegativeLength_ThrowsArgumentOutOfRangeException" computerName="DEVSTAR" duration="00:00:00.0001803" startTime="2025-06-14T22:27:06.9823400+10:00" endTime="2025-06-14T22:27:06.9824635+10:00" testType="13cdc9d9-ddb5-4fa4-a97d-d965ccfc6d4b" outcome="Passed" testListId="8c84fa94-04c1-424b-9868-57a2d4851a1d" relativeResultsDirectory="255bf40e-36f6-4149-9610-2549b3cac59e" />
    <UnitTestResult executionId="2690460a-5367-45b8-9739-e7d3abf7d692" testId="876f9fd2-4270-4c7f-c737-382509de9a19" testName="FlinkDotNet.Core.Tests.Networking.NetworkBufferTests.Constructor_BarrierPayload_InitializesBarrierInfo" computerName="DEVSTAR" duration="00:00:00.0000752" startTime="2025-06-14T22:27:06.9744495+10:00" endTime="2025-06-14T22:27:06.9745687+10:00" testType="13cdc9d9-ddb5-4fa4-a97d-d965ccfc6d4b" outcome="Passed" testListId="8c84fa94-04c1-424b-9868-57a2d4851a1d" relativeResultsDirectory="2690460a-5367-45b8-9739-e7d3abf7d692" />
    <UnitTestResult executionId="63f87756-140d-468c-b40e-eaa0cb4619d2" testId="2408dcc0-41e5-6822-69c9-4a78d12d998f" testName="FlinkDotNet.Core.Tests.Networking.LocalBufferPoolTests.Constructor_ValidParameters_InitializesCorrectly" computerName="DEVSTAR" duration="00:00:00.0003052" startTime="2025-06-14T22:27:06.9931028+10:00" endTime="2025-06-14T22:27:06.9931372+10:00" testType="13cdc9d9-ddb5-4fa4-a97d-d965ccfc6d4b" outcome="Passed" testListId="8c84fa94-04c1-424b-9868-57a2d4851a1d" relativeResultsDirectory="63f87756-140d-468c-b40e-eaa0cb4619d2" />
    <UnitTestResult executionId="7f713dda-6145-4405-afcb-3fe6268dad58" testId="a3529dc7-d8c9-d9be-bf77-0552a0351e0a" testName="FlinkDotNet.Core.Tests.Networking.LocalBufferPoolTests.RequestBufferAsync_NoBuffersAvailable_WaitsForReturn" computerName="DEVSTAR" duration="00:00:00.0028313" startTime="2025-06-14T22:27:06.9867104+10:00" endTime="2025-06-14T22:27:06.9868567+10:00" testType="13cdc9d9-ddb5-4fa4-a97d-d965ccfc6d4b" outcome="Passed" testListId="8c84fa94-04c1-424b-9868-57a2d4851a1d" relativeResultsDirectory="7f713dda-6145-4405-afcb-3fe6268dad58" />
    <UnitTestResult executionId="8501993a-5fe1-4cc1-bba6-5b3683d3a650" testId="00995b6d-d989-0c2b-976c-a453e71354be" testName="FlinkDotNet.Core.Tests.Networking.NetworkBufferPoolTests.ReturnBuffer_ValidBuffer_DisposesBuffer" computerName="DEVSTAR" duration="00:00:00.0002249" startTime="2025-06-14T22:27:06.9704352+10:00" endTime="2025-06-14T22:27:06.9704634+10:00" testType="13cdc9d9-ddb5-4fa4-a97d-d965ccfc6d4b" outcome="Passed" testListId="8c84fa94-04c1-424b-9868-57a2d4851a1d" relativeResultsDirectory="8501993a-5fe1-4cc1-bba6-5b3683d3a650" />
    <UnitTestResult executionId="c4f6a2df-7942-4637-89d7-3c12ab32892b" testId="20adef52-1f40-6283-ae90-1b9255e0e765" testName="FlinkDotNet.Core.Tests.Networking.NetworkBufferTests.SetDataLength_ExceedsCapacity_ThrowsArgumentOutOfRangeException" computerName="DEVSTAR" duration="00:00:00.0001251" startTime="2025-06-14T22:27:06.9763710+10:00" endTime="2025-06-14T22:27:06.9765112+10:00" testType="13cdc9d9-ddb5-4fa4-a97d-d965ccfc6d4b" outcome="Passed" testListId="8c84fa94-04c1-424b-9868-57a2d4851a1d" relativeResultsDirectory="c4f6a2df-7942-4637-89d7-3c12ab32892b" />
    <UnitTestResult executionId="7ad7e81e-d285-4d52-8b1a-3dae333a3fa4" testId="ad4900b0-169e-0358-95b4-a40bf1bf093e" testName="FlinkDotNet.Core.Tests.Networking.NetworkBufferPoolTests.RequestMemorySegment_HasAvailableSegments_ReturnsSegment" computerName="DEVSTAR" duration="00:00:00.0000665" startTime="2025-06-14T22:27:06.9747641+10:00" endTime="2025-06-14T22:27:06.9747881+10:00" testType="13cdc9d9-ddb5-4fa4-a97d-d965ccfc6d4b" outcome="Passed" testListId="8c84fa94-04c1-424b-9868-57a2d4851a1d" relativeResultsDirectory="7ad7e81e-d285-4d52-8b1a-3dae333a3fa4" />
    <UnitTestResult executionId="f300db1a-95a2-403b-b5bd-0d8d9be04ec8" testId="9917d735-f8af-ea24-d134-35b4a3a5de31" testName="FlinkDotNet.Core.Tests.Networking.LocalBufferPoolTests.ReturnBuffer_ValidBuffer_ReturnsToLocalPool" computerName="DEVSTAR" duration="00:00:00.0002517" startTime="2025-06-14T22:27:06.9928264+10:00" endTime="2025-06-14T22:27:06.9928637+10:00" testType="13cdc9d9-ddb5-4fa4-a97d-d965ccfc6d4b" outcome="Passed" testListId="8c84fa94-04c1-424b-9868-57a2d4851a1d" relativeResultsDirectory="f300db1a-95a2-403b-b5bd-0d8d9be04ec8" />
    <UnitTestResult executionId="36504fa9-4824-46a3-820b-dec92f8fd83f" testId="39aedaac-fe8b-fcc8-dffa-fa925d0bc245" testName="FlinkDotNet.Core.Tests.Networking.NetworkBufferTests.Dispose_CallsReturnAction" computerName="DEVSTAR" duration="00:00:00.0020228" startTime="2025-06-14T22:27:06.9814025+10:00" endTime="2025-06-14T22:27:06.9815342+10:00" testType="13cdc9d9-ddb5-4fa4-a97d-d965ccfc6d4b" outcome="Passed" testListId="8c84fa94-04c1-424b-9868-57a2d4851a1d" relativeResultsDirectory="36504fa9-4824-46a3-820b-dec92f8fd83f" />
  </Results>
  <TestDefinitions>
    <UnitTest name="FlinkDotNet.Core.Tests.Networking.NetworkBufferPoolTests.Constructor_ZeroOrNegativeTotalSegments_ThrowsArgumentOutOfRangeException" storage="c:\github\flink.net\flinkdotnet\flinkdotnet.core.tests\bin\release\net8.0\flinkdotnet.core.tests.dll" id="07b7d6c4-d3a6-b5b9-d33a-b9f4e091b13c">
      <Execution id="ca97b695-a2f7-421b-a568-e2ec1f80fe1e" />
      <TestMethod codeBase="C:\GitHub\FLINK.NET\FlinkDotNet\FlinkDotNet.Core.Tests\bin\Release\net8.0\FlinkDotNet.Core.Tests.dll" adapterTypeName="executor://xunit/VsTestRunner3/netcore/" className="FlinkDotNet.Core.Tests.Networking.NetworkBufferPoolTests" name="Constructor_ZeroOrNegativeTotalSegments_ThrowsArgumentOutOfRangeException" />
    </UnitTest>
    <UnitTest name="FlinkDotNet.Core.Tests.Networking.NetworkBufferTests.GetWriteStream_AfterDispose_ThrowsObjectDisposedException" storage="c:\github\flink.net\flinkdotnet\flinkdotnet.core.tests\bin\release\net8.0\flinkdotnet.core.tests.dll" id="51887692-0fa3-9c5d-f1b6-9c4224daf4e7">
      <Execution id="851f635f-78fd-45b9-9a72-078d100032cf" />
      <TestMethod codeBase="C:\GitHub\FLINK.NET\FlinkDotNet\FlinkDotNet.Core.Tests\bin\Release\net8.0\FlinkDotNet.Core.Tests.dll" adapterTypeName="executor://xunit/VsTestRunner3/netcore/" className="FlinkDotNet.Core.Tests.Networking.NetworkBufferTests" name="GetWriteStream_AfterDispose_ThrowsObjectDisposedException" />
    </UnitTest>
    <UnitTest name="FlinkDotNet.Core.Tests.Networking.NetworkBufferTests.GetMemory_ReturnsCorrectMemorySlice" storage="c:\github\flink.net\flinkdotnet\flinkdotnet.core.tests\bin\release\net8.0\flinkdotnet.core.tests.dll" id="337ed94b-c91f-0ddf-a7cb-79f7d937e256">
      <Execution id="eb4568ea-8ef3-4032-af21-cd5749ca138a" />
      <TestMethod codeBase="C:\GitHub\FLINK.NET\FlinkDotNet\FlinkDotNet.Core.Tests\bin\Release\net8.0\FlinkDotNet.Core.Tests.dll" adapterTypeName="executor://xunit/VsTestRunner3/netcore/" className="FlinkDotNet.Core.Tests.Networking.NetworkBufferTests" name="GetMemory_ReturnsCorrectMemorySlice" />
    </UnitTest>
    <UnitTest name="FlinkDotNet.Core.Tests.Networking.NetworkBufferTests.Constructor_BarrierPayload_InitializesBarrierInfo" storage="c:\github\flink.net\flinkdotnet\flinkdotnet.core.tests\bin\release\net8.0\flinkdotnet.core.tests.dll" id="876f9fd2-4270-4c7f-c737-382509de9a19">
      <Execution id="2690460a-5367-45b8-9739-e7d3abf7d692" />
      <TestMethod codeBase="C:\GitHub\FLINK.NET\FlinkDotNet\FlinkDotNet.Core.Tests\bin\Release\net8.0\FlinkDotNet.Core.Tests.dll" adapterTypeName="executor://xunit/VsTestRunner3/netcore/" className="FlinkDotNet.Core.Tests.Networking.NetworkBufferTests" name="Constructor_BarrierPayload_InitializesBarrierInfo" />
    </UnitTest>
    <UnitTest name="FlinkDotNet.Core.Tests.Networking.LocalBufferPoolTests.Constructor_ZeroOrNegativeMinRequiredSegments_ThrowsArgumentOutOfRangeException" storage="c:\github\flink.net\flinkdotnet\flinkdotnet.core.tests\bin\release\net8.0\flinkdotnet.core.tests.dll" id="a256422f-3514-2970-c3e0-8ed75083fbe5">
      <Execution id="180bbd7c-032c-41ec-8ab1-501526278b3e" />
      <TestMethod codeBase="C:\GitHub\FLINK.NET\FlinkDotNet\FlinkDotNet.Core.Tests\bin\Release\net8.0\FlinkDotNet.Core.Tests.dll" adapterTypeName="executor://xunit/VsTestRunner3/netcore/" className="FlinkDotNet.Core.Tests.Networking.LocalBufferPoolTests" name="Constructor_ZeroOrNegativeMinRequiredSegments_ThrowsArgumentOutOfRangeException" />
    </UnitTest>
    <UnitTest name="FlinkDotNet.Core.Tests.Networking.NetworkBufferTests.GetWriteStream_ResetsDataLengthAndReturnsWriteableStream" storage="c:\github\flink.net\flinkdotnet\flinkdotnet.core.tests\bin\release\net8.0\flinkdotnet.core.tests.dll" id="1f36f315-e9d9-5ba1-0f5f-fb9a3ccfc188">
      <Execution id="9d147124-01b2-4e77-b528-eb9bec5938aa" />
      <TestMethod codeBase="C:\GitHub\FLINK.NET\FlinkDotNet\FlinkDotNet.Core.Tests\bin\Release\net8.0\FlinkDotNet.Core.Tests.dll" adapterTypeName="executor://xunit/VsTestRunner3/netcore/" className="FlinkDotNet.Core.Tests.Networking.NetworkBufferTests" name="GetWriteStream_ResetsDataLengthAndReturnsWriteableStream" />
    </UnitTest>
    <UnitTest name="FlinkDotNet.Core.Tests.Networking.LocalBufferPoolTests.MultipleRequestsAndReturns_MaintainsCorrectState" storage="c:\github\flink.net\flinkdotnet\flinkdotnet.core.tests\bin\release\net8.0\flinkdotnet.core.tests.dll" id="19d8da7f-ef37-c332-6486-2651d2a014d4">
      <Execution id="b258a86c-83d4-477d-9eeb-7f35364c891f" />
      <TestMethod codeBase="C:\GitHub\FLINK.NET\FlinkDotNet\FlinkDotNet.Core.Tests\bin\Release\net8.0\FlinkDotNet.Core.Tests.dll" adapterTypeName="executor://xunit/VsTestRunner3/netcore/" className="FlinkDotNet.Core.Tests.Networking.LocalBufferPoolTests" name="MultipleRequestsAndReturns_MaintainsCorrectState" />
    </UnitTest>
    <UnitTest name="FlinkDotNet.Core.Tests.Networking.NetworkBufferPoolTests.RequestBuffer_AfterDispose_ThrowsObjectDisposedException" storage="c:\github\flink.net\flinkdotnet\flinkdotnet.core.tests\bin\release\net8.0\flinkdotnet.core.tests.dll" id="32c5f93f-a084-ac80-d064-3880eb6f4ed3">
      <Execution id="dc45403a-7f3d-4004-91db-a9809f2963eb" />
      <TestMethod codeBase="C:\GitHub\FLINK.NET\FlinkDotNet\FlinkDotNet.Core.Tests\bin\Release\net8.0\FlinkDotNet.Core.Tests.dll" adapterTypeName="executor://xunit/VsTestRunner3/netcore/" className="FlinkDotNet.Core.Tests.Networking.NetworkBufferPoolTests" name="RequestBuffer_AfterDispose_ThrowsObjectDisposedException" />
    </UnitTest>
    <UnitTest name="FlinkDotNet.Core.Tests.Networking.NetworkBufferPoolTests.RequestAndRecycleFlow_MultipleOperations_MaintainsPoolState" storage="c:\github\flink.net\flinkdotnet\flinkdotnet.core.tests\bin\release\net8.0\flinkdotnet.core.tests.dll" id="9cc01a03-f1db-6fb2-8a86-19892748a31f">
      <Execution id="4cbc86a1-dee7-41d7-b149-9576b41983b7" />
      <TestMethod codeBase="C:\GitHub\FLINK.NET\FlinkDotNet\FlinkDotNet.Core.Tests\bin\Release\net8.0\FlinkDotNet.Core.Tests.dll" adapterTypeName="executor://xunit/VsTestRunner3/netcore/" className="FlinkDotNet.Core.Tests.Networking.NetworkBufferPoolTests" name="RequestAndRecycleFlow_MultipleOperations_MaintainsPoolState" />
    </UnitTest>
    <UnitTest name="FlinkDotNet.Core.Tests.Networking.LocalBufferPoolTests.Dispose_CalledMultipleTimes_DoesNotThrow" storage="c:\github\flink.net\flinkdotnet\flinkdotnet.core.tests\bin\release\net8.0\flinkdotnet.core.tests.dll" id="31e07c64-c38e-22f0-2817-1ae19aa58bc9">
      <Execution id="f5548bbd-c0d0-4ba9-a602-d21f8bc0cc95" />
      <TestMethod codeBase="C:\GitHub\FLINK.NET\FlinkDotNet\FlinkDotNet.Core.Tests\bin\Release\net8.0\FlinkDotNet.Core.Tests.dll" adapterTypeName="executor://xunit/VsTestRunner3/netcore/" className="FlinkDotNet.Core.Tests.Networking.LocalBufferPoolTests" name="Dispose_CalledMultipleTimes_DoesNotThrow" />
    </UnitTest>
    <UnitTest name="FlinkDotNet.Core.Tests.Networking.NetworkBufferPoolTests.Constructor_ValidParameters_InitializesCorrectly" storage="c:\github\flink.net\flinkdotnet\flinkdotnet.core.tests\bin\release\net8.0\flinkdotnet.core.tests.dll" id="4802005e-4e45-aad2-971b-7dbffcdccc81">
      <Execution id="10928159-ad07-4cc6-889f-f3219bbca765" />
      <TestMethod codeBase="C:\GitHub\FLINK.NET\FlinkDotNet\FlinkDotNet.Core.Tests\bin\Release\net8.0\FlinkDotNet.Core.Tests.dll" adapterTypeName="executor://xunit/VsTestRunner3/netcore/" className="FlinkDotNet.Core.Tests.Networking.NetworkBufferPoolTests" name="Constructor_ValidParameters_InitializesCorrectly" />
    </UnitTest>
    <UnitTest name="FlinkDotNet.Core.Tests.Networking.NetworkBufferPoolTests.Dispose_ReturnsAllSegmentsToArrayPool" storage="c:\github\flink.net\flinkdotnet\flinkdotnet.core.tests\bin\release\net8.0\flinkdotnet.core.tests.dll" id="89d5bfd9-45f5-fe7a-33dc-7db6d6ae3ddb">
      <Execution id="4baa0f17-c113-4347-b0a5-ae5e63592ee5" />
      <TestMethod codeBase="C:\GitHub\FLINK.NET\FlinkDotNet\FlinkDotNet.Core.Tests\bin\Release\net8.0\FlinkDotNet.Core.Tests.dll" adapterTypeName="executor://xunit/VsTestRunner3/netcore/" className="FlinkDotNet.Core.Tests.Networking.NetworkBufferPoolTests" name="Dispose_ReturnsAllSegmentsToArrayPool" />
    </UnitTest>
    <UnitTest name="FlinkDotNet.Core.Tests.Networking.NetworkBufferTests.Dispose_NoReturnAction_DoesNotThrow" storage="c:\github\flink.net\flinkdotnet\flinkdotnet.core.tests\bin\release\net8.0\flinkdotnet.core.tests.dll" id="51d7469e-214b-77d4-46b2-a3a36686c1d7">
      <Execution id="e397c0e5-a82d-49c6-965f-a5944b4814d5" />
      <TestMethod codeBase="C:\GitHub\FLINK.NET\FlinkDotNet\FlinkDotNet.Core.Tests\bin\Release\net8.0\FlinkDotNet.Core.Tests.dll" adapterTypeName="executor://xunit/VsTestRunner3/netcore/" className="FlinkDotNet.Core.Tests.Networking.NetworkBufferTests" name="Dispose_NoReturnAction_DoesNotThrow" />
    </UnitTest>
    <UnitTest name="FlinkDotNet.Core.Tests.Networking.LocalBufferPoolTests.ReturnBuffer_ValidBuffer_ReturnsToLocalPool" storage="c:\github\flink.net\flinkdotnet\flinkdotnet.core.tests\bin\release\net8.0\flinkdotnet.core.tests.dll" id="9917d735-f8af-ea24-d134-35b4a3a5de31">
      <Execution id="f300db1a-95a2-403b-b5bd-0d8d9be04ec8" />
      <TestMethod codeBase="C:\GitHub\FLINK.NET\FlinkDotNet\FlinkDotNet.Core.Tests\bin\Release\net8.0\FlinkDotNet.Core.Tests.dll" adapterTypeName="executor://xunit/VsTestRunner3/netcore/" className="FlinkDotNet.Core.Tests.Networking.LocalBufferPoolTests" name="ReturnBuffer_ValidBuffer_ReturnsToLocalPool" />
    </UnitTest>
    <UnitTest name="FlinkDotNet.Core.Tests.Networking.NetworkBufferTests.SetDataLength_ValidLength_UpdatesDataLength" storage="c:\github\flink.net\flinkdotnet\flinkdotnet.core.tests\bin\release\net8.0\flinkdotnet.core.tests.dll" id="324c62c8-7bdb-1662-2a1a-a8f766779d4c">
      <Execution id="6e6d2da6-b3bd-4049-a039-6c35f567cec6" />
      <TestMethod codeBase="C:\GitHub\FLINK.NET\FlinkDotNet\FlinkDotNet.Core.Tests\bin\Release\net8.0\FlinkDotNet.Core.Tests.dll" adapterTypeName="executor://xunit/VsTestRunner3/netcore/" className="FlinkDotNet.Core.Tests.Networking.NetworkBufferTests" name="SetDataLength_ValidLength_UpdatesDataLength" />
    </UnitTest>
    <UnitTest name="FlinkDotNet.Core.Tests.Networking.NetworkBufferPoolTests.RequestMemorySegment_NoAvailableSegments_ReturnsNull" storage="c:\github\flink.net\flinkdotnet\flinkdotnet.core.tests\bin\release\net8.0\flinkdotnet.core.tests.dll" id="807b8640-260e-2d1e-835c-6fb56e7036ba">
      <Execution id="0bb44e89-16ce-4cf8-83a3-b4feb12df399" />
      <TestMethod codeBase="C:\GitHub\FLINK.NET\FlinkDotNet\FlinkDotNet.Core.Tests\bin\Release\net8.0\FlinkDotNet.Core.Tests.dll" adapterTypeName="executor://xunit/VsTestRunner3/netcore/" className="FlinkDotNet.Core.Tests.Networking.NetworkBufferPoolTests" name="RequestMemorySegment_NoAvailableSegments_ReturnsNull" />
    </UnitTest>
    <UnitTest name="FlinkDotNet.Core.Tests.Networking.NetworkBufferPoolTests.RequestBuffer_HasAvailableSegments_ReturnsNetworkBuffer" storage="c:\github\flink.net\flinkdotnet\flinkdotnet.core.tests\bin\release\net8.0\flinkdotnet.core.tests.dll" id="8fce93d7-2d59-2bfa-f961-d62c676ac7c1">
      <Execution id="43ebefd7-c1b8-4b83-a128-f2b0befc5b9f" />
      <TestMethod codeBase="C:\GitHub\FLINK.NET\FlinkDotNet\FlinkDotNet.Core.Tests\bin\Release\net8.0\FlinkDotNet.Core.Tests.dll" adapterTypeName="executor://xunit/VsTestRunner3/netcore/" className="FlinkDotNet.Core.Tests.Networking.NetworkBufferPoolTests" name="RequestBuffer_HasAvailableSegments_ReturnsNetworkBuffer" />
    </UnitTest>
    <UnitTest name="FlinkDotNet.Core.Tests.Networking.NetworkBufferTests.GetReadOnlyMemory_AfterDispose_ThrowsObjectDisposedException" storage="c:\github\flink.net\flinkdotnet\flinkdotnet.core.tests\bin\release\net8.0\flinkdotnet.core.tests.dll" id="905d35ea-5091-e7dd-6cf4-91f39aa8ff8b">
      <Execution id="9e5d5e7d-5ca2-47d6-b593-381bab625b7d" />
      <TestMethod codeBase="C:\GitHub\FLINK.NET\FlinkDotNet\FlinkDotNet.Core.Tests\bin\Release\net8.0\FlinkDotNet.Core.Tests.dll" adapterTypeName="executor://xunit/VsTestRunner3/netcore/" className="FlinkDotNet.Core.Tests.Networking.NetworkBufferTests" name="GetReadOnlyMemory_AfterDispose_ThrowsObjectDisposedException" />
    </UnitTest>
    <UnitTest name="FlinkDotNet.Core.Tests.Networking.NetworkBufferPoolTests.Dispose_CalledMultipleTimes_DoesNotThrow" storage="c:\github\flink.net\flinkdotnet\flinkdotnet.core.tests\bin\release\net8.0\flinkdotnet.core.tests.dll" id="4766ffbd-91f7-017e-b1d1-d00b5cdd3dd8">
      <Execution id="379a94ed-e5b9-45ab-944b-49523f2f636c" />
      <TestMethod codeBase="C:\GitHub\FLINK.NET\FlinkDotNet\FlinkDotNet.Core.Tests\bin\Release\net8.0\FlinkDotNet.Core.Tests.dll" adapterTypeName="executor://xunit/VsTestRunner3/netcore/" className="FlinkDotNet.Core.Tests.Networking.NetworkBufferPoolTests" name="Dispose_CalledMultipleTimes_DoesNotThrow" />
    </UnitTest>
    <UnitTest name="FlinkDotNet.Core.Tests.Networking.LocalBufferPoolTests.RequestBufferAsync_AfterDispose_ThrowsObjectDisposedException" storage="c:\github\flink.net\flinkdotnet\flinkdotnet.core.tests\bin\release\net8.0\flinkdotnet.core.tests.dll" id="8142fb79-aa62-28cd-417a-94a032733cdb">
      <Execution id="1f33dbb0-7518-45bd-b8e5-b0d7f4b008a6" />
      <TestMethod codeBase="C:\GitHub\FLINK.NET\FlinkDotNet\FlinkDotNet.Core.Tests\bin\Release\net8.0\FlinkDotNet.Core.Tests.dll" adapterTypeName="executor://xunit/VsTestRunner3/netcore/" className="FlinkDotNet.Core.Tests.Networking.LocalBufferPoolTests" name="RequestBufferAsync_AfterDispose_ThrowsObjectDisposedException" />
    </UnitTest>
    <UnitTest name="FlinkDotNet.Core.Tests.Networking.LocalBufferPoolTests.RequestBuffer_NoLocalBuffersAvailable_RequestsFromGlobal" storage="c:\github\flink.net\flinkdotnet\flinkdotnet.core.tests\bin\release\net8.0\flinkdotnet.core.tests.dll" id="e571ed0d-a73c-7a49-8f33-fca3248eb6eb">
      <Execution id="24335e0a-02c7-4dc3-ae37-7025597bc506" />
      <TestMethod codeBase="C:\GitHub\FLINK.NET\FlinkDotNet\FlinkDotNet.Core.Tests\bin\Release\net8.0\FlinkDotNet.Core.Tests.dll" adapterTypeName="executor://xunit/VsTestRunner3/netcore/" className="FlinkDotNet.Core.Tests.Networking.LocalBufferPoolTests" name="RequestBuffer_NoLocalBuffersAvailable_RequestsFromGlobal" />
    </UnitTest>
    <UnitTest name="FlinkDotNet.Core.Tests.Networking.NetworkBufferTests.Constructor_NegativeDataLength_ThrowsArgumentOutOfRangeException" storage="c:\github\flink.net\flinkdotnet\flinkdotnet.core.tests\bin\release\net8.0\flinkdotnet.core.tests.dll" id="864bc673-b4a5-8620-03d9-9a32f8da8c26">
      <Execution id="0b0ac3bb-8b4e-4ece-a044-a7e757c7edf6" />
      <TestMethod codeBase="C:\GitHub\FLINK.NET\FlinkDotNet\FlinkDotNet.Core.Tests\bin\Release\net8.0\FlinkDotNet.Core.Tests.dll" adapterTypeName="executor://xunit/VsTestRunner3/netcore/" className="FlinkDotNet.Core.Tests.Networking.NetworkBufferTests" name="Constructor_NegativeDataLength_ThrowsArgumentOutOfRangeException" />
    </UnitTest>
    <UnitTest name="FlinkDotNet.Core.Tests.Networking.NetworkBufferTests.SetDataLength_AfterDispose_ThrowsObjectDisposedException" storage="c:\github\flink.net\flinkdotnet\flinkdotnet.core.tests\bin\release\net8.0\flinkdotnet.core.tests.dll" id="59dcabdc-68fb-6252-6bc0-5a2eecfe33d2">
      <Execution id="7cb9224c-044d-476d-9f56-15514ec8ad4f" />
      <TestMethod codeBase="C:\GitHub\FLINK.NET\FlinkDotNet\FlinkDotNet.Core.Tests\bin\Release\net8.0\FlinkDotNet.Core.Tests.dll" adapterTypeName="executor://xunit/VsTestRunner3/netcore/" className="FlinkDotNet.Core.Tests.Networking.NetworkBufferTests" name="SetDataLength_AfterDispose_ThrowsObjectDisposedException" />
    </UnitTest>
    <UnitTest name="FlinkDotNet.Core.Tests.Networking.NetworkBufferTests.Dispose_CalledMultipleTimes_CallsReturnActionOnlyOnce" storage="c:\github\flink.net\flinkdotnet\flinkdotnet.core.tests\bin\release\net8.0\flinkdotnet.core.tests.dll" id="52dbc590-8814-344f-1206-db97cd8b0aa6">
      <Execution id="538d8cf8-e6e1-4908-8a05-847c88d44286" />
      <TestMethod codeBase="C:\GitHub\FLINK.NET\FlinkDotNet\FlinkDotNet.Core.Tests\bin\Release\net8.0\FlinkDotNet.Core.Tests.dll" adapterTypeName="executor://xunit/VsTestRunner3/netcore/" className="FlinkDotNet.Core.Tests.Networking.NetworkBufferTests" name="Dispose_CalledMultipleTimes_CallsReturnActionOnlyOnce" />
    </UnitTest>
    <UnitTest name="FlinkDotNet.Core.Tests.Networking.LocalBufferPoolTests.RequestBuffer_AfterDispose_ThrowsObjectDisposedException" storage="c:\github\flink.net\flinkdotnet\flinkdotnet.core.tests\bin\release\net8.0\flinkdotnet.core.tests.dll" id="117b05a1-9afd-7814-69d8-44d1ec8f0c77">
      <Execution id="a47729dc-e80d-424f-8982-cf0de806bde5" />
      <TestMethod codeBase="C:\GitHub\FLINK.NET\FlinkDotNet\FlinkDotNet.Core.Tests\bin\Release\net8.0\FlinkDotNet.Core.Tests.dll" adapterTypeName="executor://xunit/VsTestRunner3/netcore/" className="FlinkDotNet.Core.Tests.Networking.LocalBufferPoolTests" name="RequestBuffer_AfterDispose_ThrowsObjectDisposedException" />
    </UnitTest>
    <UnitTest name="FlinkDotNet.Core.Tests.Networking.LocalBufferPoolTests.Dispose_ReturnsBuffersToGlobalPool" storage="c:\github\flink.net\flinkdotnet\flinkdotnet.core.tests\bin\release\net8.0\flinkdotnet.core.tests.dll" id="7be51bcd-eef0-9081-f3f2-bdb1031010d7">
      <Execution id="6a713889-2224-4ef9-9d44-6493531bc5c2" />
      <TestMethod codeBase="C:\GitHub\FLINK.NET\FlinkDotNet\FlinkDotNet.Core.Tests\bin\Release\net8.0\FlinkDotNet.Core.Tests.dll" adapterTypeName="executor://xunit/VsTestRunner3/netcore/" className="FlinkDotNet.Core.Tests.Networking.LocalBufferPoolTests" name="Dispose_ReturnsBuffersToGlobalPool" />
    </UnitTest>
    <UnitTest name="FlinkDotNet.Core.Tests.Networking.NetworkBufferPoolTests.ReturnBuffer_NullBuffer_ThrowsArgumentNullException" storage="c:\github\flink.net\flinkdotnet\flinkdotnet.core.tests\bin\release\net8.0\flinkdotnet.core.tests.dll" id="3bb32b69-8d71-cb9c-847c-a5c251ec15d1">
      <Execution id="6f632c3e-01f1-4845-9217-9248b2418b54" />
      <TestMethod codeBase="C:\GitHub\FLINK.NET\FlinkDotNet\FlinkDotNet.Core.Tests\bin\Release\net8.0\FlinkDotNet.Core.Tests.dll" adapterTypeName="executor://xunit/VsTestRunner3/netcore/" className="FlinkDotNet.Core.Tests.Networking.NetworkBufferPoolTests" name="ReturnBuffer_NullBuffer_ThrowsArgumentNullException" />
    </UnitTest>
    <UnitTest name="FlinkDotNet.Core.Tests.Networking.NetworkBufferTests.Reset_AfterDispose_ThrowsObjectDisposedException" storage="c:\github\flink.net\flinkdotnet\flinkdotnet.core.tests\bin\release\net8.0\flinkdotnet.core.tests.dll" id="7b3d090e-a5b3-0899-aa69-1804737c59c9">
      <Execution id="98598c6c-1a9d-4fc7-b83d-05105c3f9be5" />
      <TestMethod codeBase="C:\GitHub\FLINK.NET\FlinkDotNet\FlinkDotNet.Core.Tests\bin\Release\net8.0\FlinkDotNet.Core.Tests.dll" adapterTypeName="executor://xunit/VsTestRunner3/netcore/" className="FlinkDotNet.Core.Tests.Networking.NetworkBufferTests" name="Reset_AfterDispose_ThrowsObjectDisposedException" />
    </UnitTest>
    <UnitTest name="FlinkDotNet.Core.Tests.Networking.NetworkBufferPoolTests.RecycleMemorySegment_PoolDisposed_ReturnsToArrayPool" storage="c:\github\flink.net\flinkdotnet\flinkdotnet.core.tests\bin\release\net8.0\flinkdotnet.core.tests.dll" id="54d8c0c8-522d-27b3-7121-63ebcbf7d52e">
      <Execution id="7b0d369e-abbf-41eb-a5ce-e02dbd0c9dc4" />
      <TestMethod codeBase="C:\GitHub\FLINK.NET\FlinkDotNet\FlinkDotNet.Core.Tests\bin\Release\net8.0\FlinkDotNet.Core.Tests.dll" adapterTypeName="executor://xunit/VsTestRunner3/netcore/" className="FlinkDotNet.Core.Tests.Networking.NetworkBufferPoolTests" name="RecycleMemorySegment_PoolDisposed_ReturnsToArrayPool" />
    </UnitTest>
    <UnitTest name="FlinkDotNet.Core.Tests.Networking.NetworkBufferPoolTests.ReturnBuffer_AfterDispose_ThrowsObjectDisposedException" storage="c:\github\flink.net\flinkdotnet\flinkdotnet.core.tests\bin\release\net8.0\flinkdotnet.core.tests.dll" id="47fd8655-5914-1024-814e-c9f871ec748b">
      <Execution id="a3df539e-fbdf-421e-862e-6bb28443c706" />
      <TestMethod codeBase="C:\GitHub\FLINK.NET\FlinkDotNet\FlinkDotNet.Core.Tests\bin\Release\net8.0\FlinkDotNet.Core.Tests.dll" adapterTypeName="executor://xunit/VsTestRunner3/netcore/" className="FlinkDotNet.Core.Tests.Networking.NetworkBufferPoolTests" name="ReturnBuffer_AfterDispose_ThrowsObjectDisposedException" />
    </UnitTest>
    <UnitTest name="FlinkDotNet.Core.Tests.Networking.NetworkBufferPoolTests.RequestMemorySegment_HasAvailableSegments_ReturnsSegment" storage="c:\github\flink.net\flinkdotnet\flinkdotnet.core.tests\bin\release\net8.0\flinkdotnet.core.tests.dll" id="ad4900b0-169e-0358-95b4-a40bf1bf093e">
      <Execution id="7ad7e81e-d285-4d52-8b1a-3dae333a3fa4" />
      <TestMethod codeBase="C:\GitHub\FLINK.NET\FlinkDotNet\FlinkDotNet.Core.Tests\bin\Release\net8.0\FlinkDotNet.Core.Tests.dll" adapterTypeName="executor://xunit/VsTestRunner3/netcore/" className="FlinkDotNet.Core.Tests.Networking.NetworkBufferPoolTests" name="RequestMemorySegment_HasAvailableSegments_ReturnsSegment" />
    </UnitTest>
    <UnitTest name="FlinkDotNet.Core.Tests.Networking.NetworkBufferTests.SetDataLength_ExceedsCapacity_ThrowsArgumentOutOfRangeException" storage="c:\github\flink.net\flinkdotnet\flinkdotnet.core.tests\bin\release\net8.0\flinkdotnet.core.tests.dll" id="20adef52-1f40-6283-ae90-1b9255e0e765">
      <Execution id="c4f6a2df-7942-4637-89d7-3c12ab32892b" />
      <TestMethod codeBase="C:\GitHub\FLINK.NET\FlinkDotNet\FlinkDotNet.Core.Tests\bin\Release\net8.0\FlinkDotNet.Core.Tests.dll" adapterTypeName="executor://xunit/VsTestRunner3/netcore/" className="FlinkDotNet.Core.Tests.Networking.NetworkBufferTests" name="SetDataLength_ExceedsCapacity_ThrowsArgumentOutOfRangeException" />
    </UnitTest>
    <UnitTest name="FlinkDotNet.Core.Tests.Networking.NetworkBufferPoolTests.RecycleMemorySegment_ValidSegment_AddsBackToPool" storage="c:\github\flink.net\flinkdotnet\flinkdotnet.core.tests\bin\release\net8.0\flinkdotnet.core.tests.dll" id="83935c83-2093-29a8-9be3-859e7ccd2201">
      <Execution id="73588b4c-fcb3-4e31-8451-592e8c3916a0" />
      <TestMethod codeBase="C:\GitHub\FLINK.NET\FlinkDotNet\FlinkDotNet.Core.Tests\bin\Release\net8.0\FlinkDotNet.Core.Tests.dll" adapterTypeName="executor://xunit/VsTestRunner3/netcore/" className="FlinkDotNet.Core.Tests.Networking.NetworkBufferPoolTests" name="RecycleMemorySegment_ValidSegment_AddsBackToPool" />
    </UnitTest>
    <UnitTest name="FlinkDotNet.Core.Tests.Networking.NetworkBufferTests.SetBarrierInfo_ClearBarrier_ClearsBarrierInfo" storage="c:\github\flink.net\flinkdotnet\flinkdotnet.core.tests\bin\release\net8.0\flinkdotnet.core.tests.dll" id="eacee45c-3cdf-1094-a993-d274623f9768">
      <Execution id="f96d6515-6bda-42cd-ab8e-780e721a28fd" />
      <TestMethod codeBase="C:\GitHub\FLINK.NET\FlinkDotNet\FlinkDotNet.Core.Tests\bin\Release\net8.0\FlinkDotNet.Core.Tests.dll" adapterTypeName="executor://xunit/VsTestRunner3/netcore/" className="FlinkDotNet.Core.Tests.Networking.NetworkBufferTests" name="SetBarrierInfo_ClearBarrier_ClearsBarrierInfo" />
    </UnitTest>
    <UnitTest name="FlinkDotNet.Core.Tests.Networking.NetworkBufferTests.GetReadStream_ReturnsReadOnlyStreamWithCurrentData" storage="c:\github\flink.net\flinkdotnet\flinkdotnet.core.tests\bin\release\net8.0\flinkdotnet.core.tests.dll" id="9b2c15fe-9347-0bf6-8f78-f9009ca2dc51">
      <Execution id="32655f86-5db7-4d4e-969d-aabc482802e3" />
      <TestMethod codeBase="C:\GitHub\FLINK.NET\FlinkDotNet\FlinkDotNet.Core.Tests\bin\Release\net8.0\FlinkDotNet.Core.Tests.dll" adapterTypeName="executor://xunit/VsTestRunner3/netcore/" className="FlinkDotNet.Core.Tests.Networking.NetworkBufferTests" name="GetReadStream_ReturnsReadOnlyStreamWithCurrentData" />
    </UnitTest>
    <UnitTest name="FlinkDotNet.Core.Tests.Networking.NetworkBufferPoolTests.RecycleMemorySegment_NullSegment_ThrowsArgumentNullException" storage="c:\github\flink.net\flinkdotnet\flinkdotnet.core.tests\bin\release\net8.0\flinkdotnet.core.tests.dll" id="344503bc-6c81-b9a7-ee16-a788eafd597a">
      <Execution id="f6a1eef3-4177-49ab-be52-7cd33b578291" />
      <TestMethod codeBase="C:\GitHub\FLINK.NET\FlinkDotNet\FlinkDotNet.Core.Tests\bin\Release\net8.0\FlinkDotNet.Core.Tests.dll" adapterTypeName="executor://xunit/VsTestRunner3/netcore/" className="FlinkDotNet.Core.Tests.Networking.NetworkBufferPoolTests" name="RecycleMemorySegment_NullSegment_ThrowsArgumentNullException" />
    </UnitTest>
    <UnitTest name="FlinkDotNet.Core.Tests.Networking.LocalBufferPoolTests.RequestBuffer_ExceedsMaxConfigured_ReturnsNull" storage="c:\github\flink.net\flinkdotnet\flinkdotnet.core.tests\bin\release\net8.0\flinkdotnet.core.tests.dll" id="b6d7129a-d5ce-09b2-c9f1-fd36718471ea">
      <Execution id="03c72838-204d-4880-abd5-a2e81fa5baea" />
      <TestMethod codeBase="C:\GitHub\FLINK.NET\FlinkDotNet\FlinkDotNet.Core.Tests\bin\Release\net8.0\FlinkDotNet.Core.Tests.dll" adapterTypeName="executor://xunit/VsTestRunner3/netcore/" className="FlinkDotNet.Core.Tests.Networking.LocalBufferPoolTests" name="RequestBuffer_ExceedsMaxConfigured_ReturnsNull" />
    </UnitTest>
    <UnitTest name="FlinkDotNet.Core.Tests.Networking.LocalBufferPoolTests.ReturnBuffer_NullBuffer_ThrowsArgumentNullException" storage="c:\github\flink.net\flinkdotnet\flinkdotnet.core.tests\bin\release\net8.0\flinkdotnet.core.tests.dll" id="696c9851-8a03-134e-8a69-0cfc85d29ec1">
      <Execution id="05e2ec43-f188-4492-aa7c-8d39b1698a22" />
      <TestMethod codeBase="C:\GitHub\FLINK.NET\FlinkDotNet\FlinkDotNet.Core.Tests\bin\Release\net8.0\FlinkDotNet.Core.Tests.dll" adapterTypeName="executor://xunit/VsTestRunner3/netcore/" className="FlinkDotNet.Core.Tests.Networking.LocalBufferPoolTests" name="ReturnBuffer_NullBuffer_ThrowsArgumentNullException" />
    </UnitTest>
    <UnitTest name="FlinkDotNet.Core.Tests.Networking.LocalBufferPoolTests.RequestBuffer_ZeroOrNegativeMinCapacity_ThrowsArgumentOutOfRangeException" storage="c:\github\flink.net\flinkdotnet\flinkdotnet.core.tests\bin\release\net8.0\flinkdotnet.core.tests.dll" id="62f94fe1-984a-b2cd-6abf-1d67c04ffb18">
      <Execution id="da44209c-9e2c-4e78-bd9b-f53515db1ba0" />
      <TestMethod codeBase="C:\GitHub\FLINK.NET\FlinkDotNet\FlinkDotNet.Core.Tests\bin\Release\net8.0\FlinkDotNet.Core.Tests.dll" adapterTypeName="executor://xunit/VsTestRunner3/netcore/" className="FlinkDotNet.Core.Tests.Networking.LocalBufferPoolTests" name="RequestBuffer_ZeroOrNegativeMinCapacity_ThrowsArgumentOutOfRangeException" />
    </UnitTest>
    <UnitTest name="FlinkDotNet.Core.Tests.Networking.NetworkBufferTests.Constructor_NullBuffer_ThrowsArgumentNullException" storage="c:\github\flink.net\flinkdotnet\flinkdotnet.core.tests\bin\release\net8.0\flinkdotnet.core.tests.dll" id="166fd0b8-0c57-1528-487d-9303a78e301f">
      <Execution id="e57a7670-a5f2-445a-858a-5b9fedd0d57f" />
      <TestMethod codeBase="C:\GitHub\FLINK.NET\FlinkDotNet\FlinkDotNet.Core.Tests\bin\Release\net8.0\FlinkDotNet.Core.Tests.dll" adapterTypeName="executor://xunit/VsTestRunner3/netcore/" className="FlinkDotNet.Core.Tests.Networking.NetworkBufferTests" name="Constructor_NullBuffer_ThrowsArgumentNullException" />
    </UnitTest>
    <UnitTest name="FlinkDotNet.Core.Tests.Networking.LocalBufferPoolTests.RequestBuffer_HasAvailableBuffers_ReturnsBuffer" storage="c:\github\flink.net\flinkdotnet\flinkdotnet.core.tests\bin\release\net8.0\flinkdotnet.core.tests.dll" id="72faea48-f667-b82a-f125-03ec6f6c804c">
      <Execution id="c8c61801-ecff-45e6-8d96-7a638de9122d" />
      <TestMethod codeBase="C:\GitHub\FLINK.NET\FlinkDotNet\FlinkDotNet.Core.Tests\bin\Release\net8.0\FlinkDotNet.Core.Tests.dll" adapterTypeName="executor://xunit/VsTestRunner3/netcore/" className="FlinkDotNet.Core.Tests.Networking.LocalBufferPoolTests" name="RequestBuffer_HasAvailableBuffers_ReturnsBuffer" />
    </UnitTest>
    <UnitTest name="FlinkDotNet.Core.Tests.Networking.NetworkBufferTests.Reset_ClearsDataAndBarrierInfo" storage="c:\github\flink.net\flinkdotnet\flinkdotnet.core.tests\bin\release\net8.0\flinkdotnet.core.tests.dll" id="64b4703c-7c1d-0038-37d8-7cc8ec06372e">
      <Execution id="3821e090-e670-4726-b5a7-7c7adf5bba2c" />
      <TestMethod codeBase="C:\GitHub\FLINK.NET\FlinkDotNet\FlinkDotNet.Core.Tests\bin\Release\net8.0\FlinkDotNet.Core.Tests.dll" adapterTypeName="executor://xunit/VsTestRunner3/netcore/" className="FlinkDotNet.Core.Tests.Networking.NetworkBufferTests" name="Reset_ClearsDataAndBarrierInfo" />
    </UnitTest>
    <UnitTest name="FlinkDotNet.Core.Tests.Networking.NetworkBufferPoolTests.RequestBuffer_NoAvailableSegments_ReturnsNull" storage="c:\github\flink.net\flinkdotnet\flinkdotnet.core.tests\bin\release\net8.0\flinkdotnet.core.tests.dll" id="87e98eb7-15a7-ad41-2e73-a5d0eeb9d16e">
      <Execution id="e776f452-8b44-4804-9ad4-1129c8727394" />
      <TestMethod codeBase="C:\GitHub\FLINK.NET\FlinkDotNet\FlinkDotNet.Core.Tests\bin\Release\net8.0\FlinkDotNet.Core.Tests.dll" adapterTypeName="executor://xunit/VsTestRunner3/netcore/" className="FlinkDotNet.Core.Tests.Networking.NetworkBufferPoolTests" name="RequestBuffer_NoAvailableSegments_ReturnsNull" />
    </UnitTest>
    <UnitTest name="FlinkDotNet.Core.Tests.Networking.LocalBufferPoolTests.Constructor_ZeroOrNegativeMaxConfiguredSegments_ThrowsArgumentOutOfRangeException" storage="c:\github\flink.net\flinkdotnet\flinkdotnet.core.tests\bin\release\net8.0\flinkdotnet.core.tests.dll" id="6a1d9361-99e6-7ba6-2a69-a925809d85ba">
      <Execution id="3ad5c356-0459-436e-bc76-1b7823fe083c" />
      <TestMethod codeBase="C:\GitHub\FLINK.NET\FlinkDotNet\FlinkDotNet.Core.Tests\bin\Release\net8.0\FlinkDotNet.Core.Tests.dll" adapterTypeName="executor://xunit/VsTestRunner3/netcore/" className="FlinkDotNet.Core.Tests.Networking.LocalBufferPoolTests" name="Constructor_ZeroOrNegativeMaxConfiguredSegments_ThrowsArgumentOutOfRangeException" />
    </UnitTest>
    <UnitTest name="FlinkDotNet.Core.Tests.Networking.NetworkBufferPoolTests.RequestBuffer_MinCapacityLargerThanSegmentSize_ReturnsBuffer" storage="c:\github\flink.net\flinkdotnet\flinkdotnet.core.tests\bin\release\net8.0\flinkdotnet.core.tests.dll" id="ab9dbfd2-cc63-f87d-ec92-f1ea8d88ceac">
      <Execution id="1e9580e4-4ee5-42cf-bef4-e89a7046e8f8" />
      <TestMethod codeBase="C:\GitHub\FLINK.NET\FlinkDotNet\FlinkDotNet.Core.Tests\bin\Release\net8.0\FlinkDotNet.Core.Tests.dll" adapterTypeName="executor://xunit/VsTestRunner3/netcore/" className="FlinkDotNet.Core.Tests.Networking.NetworkBufferPoolTests" name="RequestBuffer_MinCapacityLargerThanSegmentSize_ReturnsBuffer" />
    </UnitTest>
    <UnitTest name="FlinkDotNet.Core.Tests.Networking.LocalBufferPoolTests.RequestBufferAsync_NoBuffersAvailable_WaitsForReturn" storage="c:\github\flink.net\flinkdotnet\flinkdotnet.core.tests\bin\release\net8.0\flinkdotnet.core.tests.dll" id="a3529dc7-d8c9-d9be-bf77-0552a0351e0a">
      <Execution id="7f713dda-6145-4405-afcb-3fe6268dad58" />
      <TestMethod codeBase="C:\GitHub\FLINK.NET\FlinkDotNet\FlinkDotNet.Core.Tests\bin\Release\net8.0\FlinkDotNet.Core.Tests.dll" adapterTypeName="executor://xunit/VsTestRunner3/netcore/" className="FlinkDotNet.Core.Tests.Networking.LocalBufferPoolTests" name="RequestBufferAsync_NoBuffersAvailable_WaitsForReturn" />
    </UnitTest>
    <UnitTest name="FlinkDotNet.Core.Tests.Networking.LocalBufferPoolTests.Constructor_MaxLessThanMin_ThrowsArgumentOutOfRangeException" storage="c:\github\flink.net\flinkdotnet\flinkdotnet.core.tests\bin\release\net8.0\flinkdotnet.core.tests.dll" id="607c5b15-3f13-4629-cd3b-710b6cc1f760">
      <Execution id="d6940661-458b-466b-bc1b-0ccfa9cfd39d" />
      <TestMethod codeBase="C:\GitHub\FLINK.NET\FlinkDotNet\FlinkDotNet.Core.Tests\bin\Release\net8.0\FlinkDotNet.Core.Tests.dll" adapterTypeName="executor://xunit/VsTestRunner3/netcore/" className="FlinkDotNet.Core.Tests.Networking.LocalBufferPoolTests" name="Constructor_MaxLessThanMin_ThrowsArgumentOutOfRangeException" />
    </UnitTest>
    <UnitTest name="FlinkDotNet.Core.Tests.Networking.NetworkBufferTests.GetMemory_AfterDispose_ThrowsObjectDisposedException" storage="c:\github\flink.net\flinkdotnet\flinkdotnet.core.tests\bin\release\net8.0\flinkdotnet.core.tests.dll" id="f64249b4-537c-f505-a4ed-ab0bf2316848">
      <Execution id="1bc450cc-5a51-487f-8c06-6735aa662a42" />
      <TestMethod codeBase="C:\GitHub\FLINK.NET\FlinkDotNet\FlinkDotNet.Core.Tests\bin\Release\net8.0\FlinkDotNet.Core.Tests.dll" adapterTypeName="executor://xunit/VsTestRunner3/netcore/" className="FlinkDotNet.Core.Tests.Networking.NetworkBufferTests" name="GetMemory_AfterDispose_ThrowsObjectDisposedException" />
    </UnitTest>
    <UnitTest name="FlinkDotNet.Core.Tests.Networking.NetworkBufferPoolTests.RequestMemorySegment_AfterDispose_ThrowsObjectDisposedException" storage="c:\github\flink.net\flinkdotnet\flinkdotnet.core.tests\bin\release\net8.0\flinkdotnet.core.tests.dll" id="47fa64f4-a9d3-55fb-17b1-75c82ed5f52d">
      <Execution id="096d97cf-47e9-4227-b366-082504ca5b4b" />
      <TestMethod codeBase="C:\GitHub\FLINK.NET\FlinkDotNet\FlinkDotNet.Core.Tests\bin\Release\net8.0\FlinkDotNet.Core.Tests.dll" adapterTypeName="executor://xunit/VsTestRunner3/netcore/" className="FlinkDotNet.Core.Tests.Networking.NetworkBufferPoolTests" name="RequestMemorySegment_AfterDispose_ThrowsObjectDisposedException" />
    </UnitTest>
    <UnitTest name="FlinkDotNet.Core.Tests.Networking.NetworkBufferTests.SetBarrierInfo_SetAsBarrier_UpdatesBarrierInfo" storage="c:\github\flink.net\flinkdotnet\flinkdotnet.core.tests\bin\release\net8.0\flinkdotnet.core.tests.dll" id="e5bca7f4-c6bb-e3b3-f4f8-4044771cec38">
      <Execution id="25cf26bd-49f7-42cc-94cc-190a28626d1e" />
      <TestMethod codeBase="C:\GitHub\FLINK.NET\FlinkDotNet\FlinkDotNet.Core.Tests\bin\Release\net8.0\FlinkDotNet.Core.Tests.dll" adapterTypeName="executor://xunit/VsTestRunner3/netcore/" className="FlinkDotNet.Core.Tests.Networking.NetworkBufferTests" name="SetBarrierInfo_SetAsBarrier_UpdatesBarrierInfo" />
    </UnitTest>
    <UnitTest name="FlinkDotNet.Core.Tests.Networking.NetworkBufferTests.SetBarrierInfo_AfterDispose_ThrowsObjectDisposedException" storage="c:\github\flink.net\flinkdotnet\flinkdotnet.core.tests\bin\release\net8.0\flinkdotnet.core.tests.dll" id="44d50157-3c3f-2ba9-de72-d678d384027f">
      <Execution id="025a5779-7c4a-4be1-80b4-3163e8d0c2db" />
      <TestMethod codeBase="C:\GitHub\FLINK.NET\FlinkDotNet\FlinkDotNet.Core.Tests\bin\Release\net8.0\FlinkDotNet.Core.Tests.dll" adapterTypeName="executor://xunit/VsTestRunner3/netcore/" className="FlinkDotNet.Core.Tests.Networking.NetworkBufferTests" name="SetBarrierInfo_AfterDispose_ThrowsObjectDisposedException" />
    </UnitTest>
    <UnitTest name="FlinkDotNet.Core.Tests.Networking.NetworkBufferPoolTests.ReturnBuffer_ValidBuffer_DisposesBuffer" storage="c:\github\flink.net\flinkdotnet\flinkdotnet.core.tests\bin\release\net8.0\flinkdotnet.core.tests.dll" id="00995b6d-d989-0c2b-976c-a453e71354be">
      <Execution id="8501993a-5fe1-4cc1-bba6-5b3683d3a650" />
      <TestMethod codeBase="C:\GitHub\FLINK.NET\FlinkDotNet\FlinkDotNet.Core.Tests\bin\Release\net8.0\FlinkDotNet.Core.Tests.dll" adapterTypeName="executor://xunit/VsTestRunner3/netcore/" className="FlinkDotNet.Core.Tests.Networking.NetworkBufferPoolTests" name="ReturnBuffer_ValidBuffer_DisposesBuffer" />
    </UnitTest>
    <UnitTest name="FlinkDotNet.Core.Tests.Networking.LocalBufferPoolTests.RequestBuffer_MinCapacityExceedsSegmentSize_ThrowsArgumentOutOfRangeException" storage="c:\github\flink.net\flinkdotnet\flinkdotnet.core.tests\bin\release\net8.0\flinkdotnet.core.tests.dll" id="c56abc75-95af-4171-77d6-8ed32ed99515">
      <Execution id="a93731b0-9066-4656-95cc-ceba6bc3e4d2" />
      <TestMethod codeBase="C:\GitHub\FLINK.NET\FlinkDotNet\FlinkDotNet.Core.Tests\bin\Release\net8.0\FlinkDotNet.Core.Tests.dll" adapterTypeName="executor://xunit/VsTestRunner3/netcore/" className="FlinkDotNet.Core.Tests.Networking.LocalBufferPoolTests" name="RequestBuffer_MinCapacityExceedsSegmentSize_ThrowsArgumentOutOfRangeException" />
    </UnitTest>
    <UnitTest name="FlinkDotNet.Core.Tests.Networking.NetworkBufferTests.Dispose_CallsReturnAction" storage="c:\github\flink.net\flinkdotnet\flinkdotnet.core.tests\bin\release\net8.0\flinkdotnet.core.tests.dll" id="39aedaac-fe8b-fcc8-dffa-fa925d0bc245">
      <Execution id="36504fa9-4824-46a3-820b-dec92f8fd83f" />
      <TestMethod codeBase="C:\GitHub\FLINK.NET\FlinkDotNet\FlinkDotNet.Core.Tests\bin\Release\net8.0\FlinkDotNet.Core.Tests.dll" adapterTypeName="executor://xunit/VsTestRunner3/netcore/" className="FlinkDotNet.Core.Tests.Networking.NetworkBufferTests" name="Dispose_CallsReturnAction" />
    </UnitTest>
    <UnitTest name="FlinkDotNet.Core.Tests.Networking.LocalBufferPoolTests.RequestBufferAsync_HasAvailableBuffers_ReturnsImmediately" storage="c:\github\flink.net\flinkdotnet\flinkdotnet.core.tests\bin\release\net8.0\flinkdotnet.core.tests.dll" id="e89ef1a3-8460-14e4-aaf0-6b759073300f">
      <Execution id="699ee199-58ea-4450-9d9a-f64d5f0219c6" />
      <TestMethod codeBase="C:\GitHub\FLINK.NET\FlinkDotNet\FlinkDotNet.Core.Tests\bin\Release\net8.0\FlinkDotNet.Core.Tests.dll" adapterTypeName="executor://xunit/VsTestRunner3/netcore/" className="FlinkDotNet.Core.Tests.Networking.LocalBufferPoolTests" name="RequestBufferAsync_HasAvailableBuffers_ReturnsImmediately" />
    </UnitTest>
    <UnitTest name="FlinkDotNet.Core.Tests.Networking.NetworkBufferTests.SetDataLength_NegativeLength_ThrowsArgumentOutOfRangeException" storage="c:\github\flink.net\flinkdotnet\flinkdotnet.core.tests\bin\release\net8.0\flinkdotnet.core.tests.dll" id="8b5784c8-3250-5186-9462-e5ed58ac74bb">
      <Execution id="255bf40e-36f6-4149-9610-2549b3cac59e" />
      <TestMethod codeBase="C:\GitHub\FLINK.NET\FlinkDotNet\FlinkDotNet.Core.Tests\bin\Release\net8.0\FlinkDotNet.Core.Tests.dll" adapterTypeName="executor://xunit/VsTestRunner3/netcore/" className="FlinkDotNet.Core.Tests.Networking.NetworkBufferTests" name="SetDataLength_NegativeLength_ThrowsArgumentOutOfRangeException" />
    </UnitTest>
    <UnitTest name="FlinkDotNet.Core.Tests.Networking.NetworkBufferPoolTests.RecycleMemorySegment_SegmentTooSmall_DoesNotAddToPool" storage="c:\github\flink.net\flinkdotnet\flinkdotnet.core.tests\bin\release\net8.0\flinkdotnet.core.tests.dll" id="4df568ed-035a-51c7-e14d-9da8c960042e">
      <Execution id="9f591a9a-0ea7-4863-89da-440cfd16657e" />
      <TestMethod codeBase="C:\GitHub\FLINK.NET\FlinkDotNet\FlinkDotNet.Core.Tests\bin\Release\net8.0\FlinkDotNet.Core.Tests.dll" adapterTypeName="executor://xunit/VsTestRunner3/netcore/" className="FlinkDotNet.Core.Tests.Networking.NetworkBufferPoolTests" name="RecycleMemorySegment_SegmentTooSmall_DoesNotAddToPool" />
    </UnitTest>
    <UnitTest name="FlinkDotNet.Core.Tests.Networking.NetworkBufferTests.GetReadOnlyMemory_ReturnsCorrectMemorySlice" storage="c:\github\flink.net\flinkdotnet\flinkdotnet.core.tests\bin\release\net8.0\flinkdotnet.core.tests.dll" id="cdf3c39b-4ed3-6e7e-2296-fb425b0e0997">
      <Execution id="0eff9046-89b5-4a39-89d5-72a8faead69e" />
      <TestMethod codeBase="C:\GitHub\FLINK.NET\FlinkDotNet\FlinkDotNet.Core.Tests\bin\Release\net8.0\FlinkDotNet.Core.Tests.dll" adapterTypeName="executor://xunit/VsTestRunner3/netcore/" className="FlinkDotNet.Core.Tests.Networking.NetworkBufferTests" name="GetReadOnlyMemory_ReturnsCorrectMemorySlice" />
    </UnitTest>
    <UnitTest name="FlinkDotNet.Core.Tests.Networking.NetworkBufferTests.Constructor_ValidParameters_InitializesCorrectly" storage="c:\github\flink.net\flinkdotnet\flinkdotnet.core.tests\bin\release\net8.0\flinkdotnet.core.tests.dll" id="b44622fe-a14a-6c07-d750-85fa05c09146">
      <Execution id="513527d9-0627-4fad-9ae4-3ed48df2299b" />
      <TestMethod codeBase="C:\GitHub\FLINK.NET\FlinkDotNet\FlinkDotNet.Core.Tests\bin\Release\net8.0\FlinkDotNet.Core.Tests.dll" adapterTypeName="executor://xunit/VsTestRunner3/netcore/" className="FlinkDotNet.Core.Tests.Networking.NetworkBufferTests" name="Constructor_ValidParameters_InitializesCorrectly" />
    </UnitTest>
    <UnitTest name="FlinkDotNet.Core.Tests.Networking.NetworkBufferTests.WriteAndReadStream_DataRoundTrip_WorksCorrectly" storage="c:\github\flink.net\flinkdotnet\flinkdotnet.core.tests\bin\release\net8.0\flinkdotnet.core.tests.dll" id="bd949ca4-9677-439d-5d6e-9b8987cf5392">
      <Execution id="915d2af6-cce0-4b15-abd9-e4213eced9c3" />
      <TestMethod codeBase="C:\GitHub\FLINK.NET\FlinkDotNet\FlinkDotNet.Core.Tests\bin\Release\net8.0\FlinkDotNet.Core.Tests.dll" adapterTypeName="executor://xunit/VsTestRunner3/netcore/" className="FlinkDotNet.Core.Tests.Networking.NetworkBufferTests" name="WriteAndReadStream_DataRoundTrip_WorksCorrectly" />
    </UnitTest>
    <UnitTest name="FlinkDotNet.Core.Tests.Networking.LocalBufferPoolTests.Constructor_ValidParameters_InitializesCorrectly" storage="c:\github\flink.net\flinkdotnet\flinkdotnet.core.tests\bin\release\net8.0\flinkdotnet.core.tests.dll" id="2408dcc0-41e5-6822-69c9-4a78d12d998f">
      <Execution id="63f87756-140d-468c-b40e-eaa0cb4619d2" />
      <TestMethod codeBase="C:\GitHub\FLINK.NET\FlinkDotNet\FlinkDotNet.Core.Tests\bin\Release\net8.0\FlinkDotNet.Core.Tests.dll" adapterTypeName="executor://xunit/VsTestRunner3/netcore/" className="FlinkDotNet.Core.Tests.Networking.LocalBufferPoolTests" name="Constructor_ValidParameters_InitializesCorrectly" />
    </UnitTest>
    <UnitTest name="FlinkDotNet.Core.Tests.Networking.LocalBufferPoolTests.BufferReturnCallback_Called_InvokesCallback" storage="c:\github\flink.net\flinkdotnet\flinkdotnet.core.tests\bin\release\net8.0\flinkdotnet.core.tests.dll" id="d8e421e3-b05c-b53f-a202-69abac722bc7">
      <Execution id="5b4391bd-1bf3-4d16-bffd-4e396eb18c12" />
      <TestMethod codeBase="C:\GitHub\FLINK.NET\FlinkDotNet\FlinkDotNet.Core.Tests\bin\Release\net8.0\FlinkDotNet.Core.Tests.dll" adapterTypeName="executor://xunit/VsTestRunner3/netcore/" className="FlinkDotNet.Core.Tests.Networking.LocalBufferPoolTests" name="BufferReturnCallback_Called_InvokesCallback" />
    </UnitTest>
    <UnitTest name="FlinkDotNet.Core.Tests.Networking.NetworkBufferTests.Constructor_NegativeDataOffset_ThrowsArgumentOutOfRangeException" storage="c:\github\flink.net\flinkdotnet\flinkdotnet.core.tests\bin\release\net8.0\flinkdotnet.core.tests.dll" id="6e60c938-0960-417a-7dd0-2fc5a670e860">
      <Execution id="7c30e3c2-2ed8-4696-a265-44277aa75ba1" />
      <TestMethod codeBase="C:\GitHub\FLINK.NET\FlinkDotNet\FlinkDotNet.Core.Tests\bin\Release\net8.0\FlinkDotNet.Core.Tests.dll" adapterTypeName="executor://xunit/VsTestRunner3/netcore/" className="FlinkDotNet.Core.Tests.Networking.NetworkBufferTests" name="Constructor_NegativeDataOffset_ThrowsArgumentOutOfRangeException" />
    </UnitTest>
    <UnitTest name="FlinkDotNet.Core.Tests.Networking.NetworkBufferPoolTests.Constructor_ZeroOrNegativeSegmentSize_ThrowsArgumentOutOfRangeException" storage="c:\github\flink.net\flinkdotnet\flinkdotnet.core.tests\bin\release\net8.0\flinkdotnet.core.tests.dll" id="7c804201-b7e6-5962-120b-7416e7b123af">
      <Execution id="c1f31554-5eca-471b-8ca5-1a9410c6461d" />
      <TestMethod codeBase="C:\GitHub\FLINK.NET\FlinkDotNet\FlinkDotNet.Core.Tests\bin\Release\net8.0\FlinkDotNet.Core.Tests.dll" adapterTypeName="executor://xunit/VsTestRunner3/netcore/" className="FlinkDotNet.Core.Tests.Networking.NetworkBufferPoolTests" name="Constructor_ZeroOrNegativeSegmentSize_ThrowsArgumentOutOfRangeException" />
    </UnitTest>
    <UnitTest name="FlinkDotNet.Core.Tests.Networking.NetworkBufferPoolTests.RequestBuffer_ZeroOrNegativeMinCapacity_ThrowsArgumentOutOfRangeException" storage="c:\github\flink.net\flinkdotnet\flinkdotnet.core.tests\bin\release\net8.0\flinkdotnet.core.tests.dll" id="e244c9f3-aeb7-b702-050d-1fea726a6dc2">
      <Execution id="0e9491ed-5a5c-4861-a67e-ed5d74c379b5" />
      <TestMethod codeBase="C:\GitHub\FLINK.NET\FlinkDotNet\FlinkDotNet.Core.Tests\bin\Release\net8.0\FlinkDotNet.Core.Tests.dll" adapterTypeName="executor://xunit/VsTestRunner3/netcore/" className="FlinkDotNet.Core.Tests.Networking.NetworkBufferPoolTests" name="RequestBuffer_ZeroOrNegativeMinCapacity_ThrowsArgumentOutOfRangeException" />
    </UnitTest>
    <UnitTest name="FlinkDotNet.Core.Tests.Networking.LocalBufferPoolTests.RequestBufferAsync_Cancelled_ThrowsOperationCancelledException" storage="c:\github\flink.net\flinkdotnet\flinkdotnet.core.tests\bin\release\net8.0\flinkdotnet.core.tests.dll" id="1f7c151b-b664-9774-0b53-970a11c04dde">
      <Execution id="a8304956-648a-49c4-8e7c-602b136e1857" />
      <TestMethod codeBase="C:\GitHub\FLINK.NET\FlinkDotNet\FlinkDotNet.Core.Tests\bin\Release\net8.0\FlinkDotNet.Core.Tests.dll" adapterTypeName="executor://xunit/VsTestRunner3/netcore/" className="FlinkDotNet.Core.Tests.Networking.LocalBufferPoolTests" name="RequestBufferAsync_Cancelled_ThrowsOperationCancelledException" />
    </UnitTest>
    <UnitTest name="FlinkDotNet.Core.Tests.Networking.NetworkBufferTests.GetReadStream_AfterDispose_ThrowsObjectDisposedException" storage="c:\github\flink.net\flinkdotnet\flinkdotnet.core.tests\bin\release\net8.0\flinkdotnet.core.tests.dll" id="10988faf-bd52-8e4d-b220-f7f40b8c320c">
      <Execution id="e6822168-c6a5-4fd3-839b-e6d203663d02" />
      <TestMethod codeBase="C:\GitHub\FLINK.NET\FlinkDotNet\FlinkDotNet.Core.Tests\bin\Release\net8.0\FlinkDotNet.Core.Tests.dll" adapterTypeName="executor://xunit/VsTestRunner3/netcore/" className="FlinkDotNet.Core.Tests.Networking.NetworkBufferTests" name="GetReadStream_AfterDispose_ThrowsObjectDisposedException" />
    </UnitTest>
    <UnitTest name="FlinkDotNet.Core.Tests.Networking.LocalBufferPoolTests.Constructor_NullGlobalPool_ThrowsArgumentNullException" storage="c:\github\flink.net\flinkdotnet\flinkdotnet.core.tests\bin\release\net8.0\flinkdotnet.core.tests.dll" id="4266a0e0-a925-068a-b467-898bc1bd9518">
      <Execution id="285bf69e-0e87-4eb3-be6f-236f278dcc9a" />
      <TestMethod codeBase="C:\GitHub\FLINK.NET\FlinkDotNet\FlinkDotNet.Core.Tests\bin\Release\net8.0\FlinkDotNet.Core.Tests.dll" adapterTypeName="executor://xunit/VsTestRunner3/netcore/" className="FlinkDotNet.Core.Tests.Networking.LocalBufferPoolTests" name="Constructor_NullGlobalPool_ThrowsArgumentNullException" />
    </UnitTest>
  </TestDefinitions>
  <TestEntries>
    <TestEntry testId="7be51bcd-eef0-9081-f3f2-bdb1031010d7" executionId="6a713889-2224-4ef9-9d44-6493531bc5c2" testListId="8c84fa94-04c1-424b-9868-57a2d4851a1d" />
    <TestEntry testId="905d35ea-5091-e7dd-6cf4-91f39aa8ff8b" executionId="9e5d5e7d-5ca2-47d6-b593-381bab625b7d" testListId="8c84fa94-04c1-424b-9868-57a2d4851a1d" />
    <TestEntry testId="54d8c0c8-522d-27b3-7121-63ebcbf7d52e" executionId="7b0d369e-abbf-41eb-a5ce-e02dbd0c9dc4" testListId="8c84fa94-04c1-424b-9868-57a2d4851a1d" />
    <TestEntry testId="e5bca7f4-c6bb-e3b3-f4f8-4044771cec38" executionId="25cf26bd-49f7-42cc-94cc-190a28626d1e" testListId="8c84fa94-04c1-424b-9868-57a2d4851a1d" />
    <TestEntry testId="07b7d6c4-d3a6-b5b9-d33a-b9f4e091b13c" executionId="ca97b695-a2f7-421b-a568-e2ec1f80fe1e" testListId="8c84fa94-04c1-424b-9868-57a2d4851a1d" />
    <TestEntry testId="bd949ca4-9677-439d-5d6e-9b8987cf5392" executionId="915d2af6-cce0-4b15-abd9-e4213eced9c3" testListId="8c84fa94-04c1-424b-9868-57a2d4851a1d" />
    <TestEntry testId="72faea48-f667-b82a-f125-03ec6f6c804c" executionId="c8c61801-ecff-45e6-8d96-7a638de9122d" testListId="8c84fa94-04c1-424b-9868-57a2d4851a1d" />
    <TestEntry testId="4df568ed-035a-51c7-e14d-9da8c960042e" executionId="9f591a9a-0ea7-4863-89da-440cfd16657e" testListId="8c84fa94-04c1-424b-9868-57a2d4851a1d" />
    <TestEntry testId="807b8640-260e-2d1e-835c-6fb56e7036ba" executionId="0bb44e89-16ce-4cf8-83a3-b4feb12df399" testListId="8c84fa94-04c1-424b-9868-57a2d4851a1d" />
    <TestEntry testId="10988faf-bd52-8e4d-b220-f7f40b8c320c" executionId="e6822168-c6a5-4fd3-839b-e6d203663d02" testListId="8c84fa94-04c1-424b-9868-57a2d4851a1d" />
    <TestEntry testId="696c9851-8a03-134e-8a69-0cfc85d29ec1" executionId="05e2ec43-f188-4492-aa7c-8d39b1698a22" testListId="8c84fa94-04c1-424b-9868-57a2d4851a1d" />
    <TestEntry testId="31e07c64-c38e-22f0-2817-1ae19aa58bc9" executionId="f5548bbd-c0d0-4ba9-a602-d21f8bc0cc95" testListId="8c84fa94-04c1-424b-9868-57a2d4851a1d" />
    <TestEntry testId="4766ffbd-91f7-017e-b1d1-d00b5cdd3dd8" executionId="379a94ed-e5b9-45ab-944b-49523f2f636c" testListId="8c84fa94-04c1-424b-9868-57a2d4851a1d" />
    <TestEntry testId="a256422f-3514-2970-c3e0-8ed75083fbe5" executionId="180bbd7c-032c-41ec-8ab1-501526278b3e" testListId="8c84fa94-04c1-424b-9868-57a2d4851a1d" />
    <TestEntry testId="9cc01a03-f1db-6fb2-8a86-19892748a31f" executionId="4cbc86a1-dee7-41d7-b149-9576b41983b7" testListId="8c84fa94-04c1-424b-9868-57a2d4851a1d" />
    <TestEntry testId="32c5f93f-a084-ac80-d064-3880eb6f4ed3" executionId="dc45403a-7f3d-4004-91db-a9809f2963eb" testListId="8c84fa94-04c1-424b-9868-57a2d4851a1d" />
    <TestEntry testId="59dcabdc-68fb-6252-6bc0-5a2eecfe33d2" executionId="7cb9224c-044d-476d-9f56-15514ec8ad4f" testListId="8c84fa94-04c1-424b-9868-57a2d4851a1d" />
    <TestEntry testId="19d8da7f-ef37-c332-6486-2651d2a014d4" executionId="b258a86c-83d4-477d-9eeb-7f35364c891f" testListId="8c84fa94-04c1-424b-9868-57a2d4851a1d" />
    <TestEntry testId="344503bc-6c81-b9a7-ee16-a788eafd597a" executionId="f6a1eef3-4177-49ab-be52-7cd33b578291" testListId="8c84fa94-04c1-424b-9868-57a2d4851a1d" />
    <TestEntry testId="337ed94b-c91f-0ddf-a7cb-79f7d937e256" executionId="eb4568ea-8ef3-4032-af21-cd5749ca138a" testListId="8c84fa94-04c1-424b-9868-57a2d4851a1d" />
    <TestEntry testId="47fa64f4-a9d3-55fb-17b1-75c82ed5f52d" executionId="096d97cf-47e9-4227-b366-082504ca5b4b" testListId="8c84fa94-04c1-424b-9868-57a2d4851a1d" />
    <TestEntry testId="607c5b15-3f13-4629-cd3b-710b6cc1f760" executionId="d6940661-458b-466b-bc1b-0ccfa9cfd39d" testListId="8c84fa94-04c1-424b-9868-57a2d4851a1d" />
    <TestEntry testId="e89ef1a3-8460-14e4-aaf0-6b759073300f" executionId="699ee199-58ea-4450-9d9a-f64d5f0219c6" testListId="8c84fa94-04c1-424b-9868-57a2d4851a1d" />
    <TestEntry testId="83935c83-2093-29a8-9be3-859e7ccd2201" executionId="73588b4c-fcb3-4e31-8451-592e8c3916a0" testListId="8c84fa94-04c1-424b-9868-57a2d4851a1d" />
    <TestEntry testId="eacee45c-3cdf-1094-a993-d274623f9768" executionId="f96d6515-6bda-42cd-ab8e-780e721a28fd" testListId="8c84fa94-04c1-424b-9868-57a2d4851a1d" />
    <TestEntry testId="52dbc590-8814-344f-1206-db97cd8b0aa6" executionId="538d8cf8-e6e1-4908-8a05-847c88d44286" testListId="8c84fa94-04c1-424b-9868-57a2d4851a1d" />
    <TestEntry testId="8142fb79-aa62-28cd-417a-94a032733cdb" executionId="1f33dbb0-7518-45bd-b8e5-b0d7f4b008a6" testListId="8c84fa94-04c1-424b-9868-57a2d4851a1d" />
    <TestEntry testId="62f94fe1-984a-b2cd-6abf-1d67c04ffb18" executionId="da44209c-9e2c-4e78-bd9b-f53515db1ba0" testListId="8c84fa94-04c1-424b-9868-57a2d4851a1d" />
    <TestEntry testId="51887692-0fa3-9c5d-f1b6-9c4224daf4e7" executionId="851f635f-78fd-45b9-9a72-078d100032cf" testListId="8c84fa94-04c1-424b-9868-57a2d4851a1d" />
    <TestEntry testId="166fd0b8-0c57-1528-487d-9303a78e301f" executionId="e57a7670-a5f2-445a-858a-5b9fedd0d57f" testListId="8c84fa94-04c1-424b-9868-57a2d4851a1d" />
    <TestEntry testId="cdf3c39b-4ed3-6e7e-2296-fb425b0e0997" executionId="0eff9046-89b5-4a39-89d5-72a8faead69e" testListId="8c84fa94-04c1-424b-9868-57a2d4851a1d" />
    <TestEntry testId="6a1d9361-99e6-7ba6-2a69-a925809d85ba" executionId="3ad5c356-0459-436e-bc76-1b7823fe083c" testListId="8c84fa94-04c1-424b-9868-57a2d4851a1d" />
    <TestEntry testId="4266a0e0-a925-068a-b467-898bc1bd9518" executionId="285bf69e-0e87-4eb3-be6f-236f278dcc9a" testListId="8c84fa94-04c1-424b-9868-57a2d4851a1d" />
    <TestEntry testId="324c62c8-7bdb-1662-2a1a-a8f766779d4c" executionId="6e6d2da6-b3bd-4049-a039-6c35f567cec6" testListId="8c84fa94-04c1-424b-9868-57a2d4851a1d" />
    <TestEntry testId="b6d7129a-d5ce-09b2-c9f1-fd36718471ea" executionId="03c72838-204d-4880-abd5-a2e81fa5baea" testListId="8c84fa94-04c1-424b-9868-57a2d4851a1d" />
    <TestEntry testId="51d7469e-214b-77d4-46b2-a3a36686c1d7" executionId="e397c0e5-a82d-49c6-965f-a5944b4814d5" testListId="8c84fa94-04c1-424b-9868-57a2d4851a1d" />
    <TestEntry testId="89d5bfd9-45f5-fe7a-33dc-7db6d6ae3ddb" executionId="4baa0f17-c113-4347-b0a5-ae5e63592ee5" testListId="8c84fa94-04c1-424b-9868-57a2d4851a1d" />
    <TestEntry testId="c56abc75-95af-4171-77d6-8ed32ed99515" executionId="a93731b0-9066-4656-95cc-ceba6bc3e4d2" testListId="8c84fa94-04c1-424b-9868-57a2d4851a1d" />
    <TestEntry testId="ab9dbfd2-cc63-f87d-ec92-f1ea8d88ceac" executionId="1e9580e4-4ee5-42cf-bef4-e89a7046e8f8" testListId="8c84fa94-04c1-424b-9868-57a2d4851a1d" />
    <TestEntry testId="8fce93d7-2d59-2bfa-f961-d62c676ac7c1" executionId="43ebefd7-c1b8-4b83-a128-f2b0befc5b9f" testListId="8c84fa94-04c1-424b-9868-57a2d4851a1d" />
    <TestEntry testId="7b3d090e-a5b3-0899-aa69-1804737c59c9" executionId="98598c6c-1a9d-4fc7-b83d-05105c3f9be5" testListId="8c84fa94-04c1-424b-9868-57a2d4851a1d" />
    <TestEntry testId="e244c9f3-aeb7-b702-050d-1fea726a6dc2" executionId="0e9491ed-5a5c-4861-a67e-ed5d74c379b5" testListId="8c84fa94-04c1-424b-9868-57a2d4851a1d" />
    <TestEntry testId="7c804201-b7e6-5962-120b-7416e7b123af" executionId="c1f31554-5eca-471b-8ca5-1a9410c6461d" testListId="8c84fa94-04c1-424b-9868-57a2d4851a1d" />
    <TestEntry testId="117b05a1-9afd-7814-69d8-44d1ec8f0c77" executionId="a47729dc-e80d-424f-8982-cf0de806bde5" testListId="8c84fa94-04c1-424b-9868-57a2d4851a1d" />
    <TestEntry testId="6e60c938-0960-417a-7dd0-2fc5a670e860" executionId="7c30e3c2-2ed8-4696-a265-44277aa75ba1" testListId="8c84fa94-04c1-424b-9868-57a2d4851a1d" />
    <TestEntry testId="b44622fe-a14a-6c07-d750-85fa05c09146" executionId="513527d9-0627-4fad-9ae4-3ed48df2299b" testListId="8c84fa94-04c1-424b-9868-57a2d4851a1d" />
    <TestEntry testId="87e98eb7-15a7-ad41-2e73-a5d0eeb9d16e" executionId="e776f452-8b44-4804-9ad4-1129c8727394" testListId="8c84fa94-04c1-424b-9868-57a2d4851a1d" />
    <TestEntry testId="4802005e-4e45-aad2-971b-7dbffcdccc81" executionId="10928159-ad07-4cc6-889f-f3219bbca765" testListId="8c84fa94-04c1-424b-9868-57a2d4851a1d" />
    <TestEntry testId="47fd8655-5914-1024-814e-c9f871ec748b" executionId="a3df539e-fbdf-421e-862e-6bb28443c706" testListId="8c84fa94-04c1-424b-9868-57a2d4851a1d" />
    <TestEntry testId="1f7c151b-b664-9774-0b53-970a11c04dde" executionId="a8304956-648a-49c4-8e7c-602b136e1857" testListId="8c84fa94-04c1-424b-9868-57a2d4851a1d" />
    <TestEntry testId="3bb32b69-8d71-cb9c-847c-a5c251ec15d1" executionId="6f632c3e-01f1-4845-9217-9248b2418b54" testListId="8c84fa94-04c1-424b-9868-57a2d4851a1d" />
    <TestEntry testId="f64249b4-537c-f505-a4ed-ab0bf2316848" executionId="1bc450cc-5a51-487f-8c06-6735aa662a42" testListId="8c84fa94-04c1-424b-9868-57a2d4851a1d" />
    <TestEntry testId="864bc673-b4a5-8620-03d9-9a32f8da8c26" executionId="0b0ac3bb-8b4e-4ece-a044-a7e757c7edf6" testListId="8c84fa94-04c1-424b-9868-57a2d4851a1d" />
    <TestEntry testId="1f36f315-e9d9-5ba1-0f5f-fb9a3ccfc188" executionId="9d147124-01b2-4e77-b528-eb9bec5938aa" testListId="8c84fa94-04c1-424b-9868-57a2d4851a1d" />
    <TestEntry testId="64b4703c-7c1d-0038-37d8-7cc8ec06372e" executionId="3821e090-e670-4726-b5a7-7c7adf5bba2c" testListId="8c84fa94-04c1-424b-9868-57a2d4851a1d" />
    <TestEntry testId="e571ed0d-a73c-7a49-8f33-fca3248eb6eb" executionId="24335e0a-02c7-4dc3-ae37-7025597bc506" testListId="8c84fa94-04c1-424b-9868-57a2d4851a1d" />
    <TestEntry testId="d8e421e3-b05c-b53f-a202-69abac722bc7" executionId="5b4391bd-1bf3-4d16-bffd-4e396eb18c12" testListId="8c84fa94-04c1-424b-9868-57a2d4851a1d" />
    <TestEntry testId="44d50157-3c3f-2ba9-de72-d678d384027f" executionId="025a5779-7c4a-4be1-80b4-3163e8d0c2db" testListId="8c84fa94-04c1-424b-9868-57a2d4851a1d" />
    <TestEntry testId="9b2c15fe-9347-0bf6-8f78-f9009ca2dc51" executionId="32655f86-5db7-4d4e-969d-aabc482802e3" testListId="8c84fa94-04c1-424b-9868-57a2d4851a1d" />
    <TestEntry testId="8b5784c8-3250-5186-9462-e5ed58ac74bb" executionId="255bf40e-36f6-4149-9610-2549b3cac59e" testListId="8c84fa94-04c1-424b-9868-57a2d4851a1d" />
    <TestEntry testId="876f9fd2-4270-4c7f-c737-382509de9a19" executionId="2690460a-5367-45b8-9739-e7d3abf7d692" testListId="8c84fa94-04c1-424b-9868-57a2d4851a1d" />
    <TestEntry testId="2408dcc0-41e5-6822-69c9-4a78d12d998f" executionId="63f87756-140d-468c-b40e-eaa0cb4619d2" testListId="8c84fa94-04c1-424b-9868-57a2d4851a1d" />
    <TestEntry testId="a3529dc7-d8c9-d9be-bf77-0552a0351e0a" executionId="7f713dda-6145-4405-afcb-3fe6268dad58" testListId="8c84fa94-04c1-424b-9868-57a2d4851a1d" />
    <TestEntry testId="00995b6d-d989-0c2b-976c-a453e71354be" executionId="8501993a-5fe1-4cc1-bba6-5b3683d3a650" testListId="8c84fa94-04c1-424b-9868-57a2d4851a1d" />
    <TestEntry testId="20adef52-1f40-6283-ae90-1b9255e0e765" executionId="c4f6a2df-7942-4637-89d7-3c12ab32892b" testListId="8c84fa94-04c1-424b-9868-57a2d4851a1d" />
    <TestEntry testId="ad4900b0-169e-0358-95b4-a40bf1bf093e" executionId="7ad7e81e-d285-4d52-8b1a-3dae333a3fa4" testListId="8c84fa94-04c1-424b-9868-57a2d4851a1d" />
    <TestEntry testId="9917d735-f8af-ea24-d134-35b4a3a5de31" executionId="f300db1a-95a2-403b-b5bd-0d8d9be04ec8" testListId="8c84fa94-04c1-424b-9868-57a2d4851a1d" />
    <TestEntry testId="39aedaac-fe8b-fcc8-dffa-fa925d0bc245" executionId="36504fa9-4824-46a3-820b-dec92f8fd83f" testListId="8c84fa94-04c1-424b-9868-57a2d4851a1d" />
  </TestEntries>
  <TestLists>
    <TestList name="Results Not in a List" id="8c84fa94-04c1-424b-9868-57a2d4851a1d" />
    <TestList name="All Loaded Results" id="19431567-8539-422a-85d7-44ee4e166bda" />
  </TestLists>
  <ResultSummary outcome="Completed">
    <Counters total="68" executed="68" passed="68" failed="0" error="0" timeout="0" aborted="0" inconclusive="0" passedButRunAborted="0" notRunnable="0" notExecuted="0" disconnected="0" warning="0" completed="0" inProgress="0" pending="0" />
    <Output>
      <StdOut>[xUnit.net 00:00:00.00] xUnit.net VSTest Adapter v3.1.1+bf6400fd51 (64-bit .NET 8.0.16)&#xD;
[xUnit.net 00:00:00.23]   Discovering: FlinkDotNet.Core.Tests&#xD;
[xUnit.net 00:00:00.27]   Discovered:  FlinkDotNet.Core.Tests&#xD;
[xUnit.net 00:00:00.29]   Starting:    FlinkDotNet.Core.Tests&#xD;
[xUnit.net 00:00:00.47]   Finished:    FlinkDotNet.Core.Tests&#xD;
</StdOut>
    </Output>
  </ResultSummary>
</TestRun>