<?xml version="1.0" encoding="utf-8"?>
<TestRun id="53a91a43-1dd3-4947-ace1-dee7e8109a89" name="DevStar@DEVSTAR 2025-06-14 22:27:07" runUser="DEVSTAR\DevStar" xmlns="http://microsoft.com/schemas/VisualStudio/TeamTest/2010">
  <Times creation="2025-06-14T22:27:07.1605805+10:00" queuing="2025-06-14T22:27:07.1605809+10:00" start="2025-06-14T22:27:05.9938225+10:00" finish="2025-06-14T22:27:07.1971691+10:00" />
  <TestSettings name="default" id="301e0f9d-1d75-46e6-82e9-f093ede78ddb">
    <Deployment runDeploymentRoot="DevStar_DEVSTAR_2025-06-14_22_27_07" />
  </TestSettings>
  <Results>
    <UnitTestResult executionId="9fba77f0-1ff4-44fe-ae3c-9d2b74014f02" testId="562d9dfc-230d-dbcb-f2fa-ada58a292005" testName="FlinkDotNet.Connectors.Sources.File.Tests.FileSourceFunctionTests.Run_SerializerReturnsNull_SkipsRecord" computerName="DEVSTAR" duration="00:00:00.0028122" startTime="2025-06-14T22:27:07.1131431+10:00" endTime="2025-06-14T22:27:07.1159468+10:00" testType="13cdc9d9-ddb5-4fa4-a97d-d965ccfc6d4b" outcome="Passed" testListId="8c84fa94-04c1-424b-9868-57a2d4851a1d" relativeResultsDirectory="9fba77f0-1ff4-44fe-ae3c-9d2b74014f02" />
    <UnitTestResult executionId="44ad8fc3-d565-4d68-9066-94447934557b" testId="f6c84960-1e5f-0c56-151f-de6f203485af" testName="FlinkDotNet.Connectors.Sources.File.Tests.FileSourceFunctionTests.Run_WithIntegerData_WorksCorrectly" computerName="DEVSTAR" duration="00:00:00.0060823" startTime="2025-06-14T22:27:07.1069248+10:00" endTime="2025-06-14T22:27:07.1130089+10:00" testType="13cdc9d9-ddb5-4fa4-a97d-d965ccfc6d4b" outcome="Passed" testListId="8c84fa94-04c1-424b-9868-57a2d4851a1d" relativeResultsDirectory="44ad8fc3-d565-4d68-9066-94447934557b" />
    <UnitTestResult executionId="d3ad3573-822e-4d49-bfec-1bffd6b9ff4c" testId="782f2a3d-ba2b-9bd9-0ec5-110f57bda0f5" testName="FlinkDotNet.Connectors.Sources.File.Tests.FileSourceFunctionTests.Run_CancelledDuringProcess_StopsProcessing" computerName="DEVSTAR" duration="00:00:00.0056191" startTime="2025-06-14T22:27:07.0936762+10:00" endTime="2025-06-14T22:27:07.0989602+10:00" testType="13cdc9d9-ddb5-4fa4-a97d-d965ccfc6d4b" outcome="Passed" testListId="8c84fa94-04c1-424b-9868-57a2d4851a1d" relativeResultsDirectory="d3ad3573-822e-4d49-bfec-1bffd6b9ff4c" />
    <UnitTestResult executionId="e1253199-bc01-47d6-bcac-7820560b1dc5" testId="e4d963a7-6df7-1abd-02e1-c48615081149" testName="FlinkDotNet.Connectors.Sources.File.Tests.FileSourceFunctionTests.Run_LogsStartAndFinishMessages" computerName="DEVSTAR" duration="00:00:00.0038315" startTime="2025-06-14T22:27:07.1021355+10:00" endTime="2025-06-14T22:27:07.1057358+10:00" testType="13cdc9d9-ddb5-4fa4-a97d-d965ccfc6d4b" outcome="Passed" testListId="8c84fa94-04c1-424b-9868-57a2d4851a1d" relativeResultsDirectory="e1253199-bc01-47d6-bcac-7820560b1dc5" />
    <UnitTestResult executionId="f9843caa-e2fd-491c-8b00-da0e0bce4f4d" testId="6d6478df-f663-3d5c-813a-e6048fb699e8" testName="FlinkDotNet.Connectors.Sources.File.Tests.FileSourceFunctionTests.Cancel_LogsMessage" computerName="DEVSTAR" duration="00:00:00.0021312" startTime="2025-06-14T22:27:07.1382236+10:00" endTime="2025-06-14T22:27:07.1382828+10:00" testType="13cdc9d9-ddb5-4fa4-a97d-d965ccfc6d4b" outcome="Passed" testListId="8c84fa94-04c1-424b-9868-57a2d4851a1d" relativeResultsDirectory="f9843caa-e2fd-491c-8b00-da0e0bce4f4d" />
    <UnitTestResult executionId="18faca30-0a68-46a0-9886-2ef02f7f687c" testId="7020fb84-400f-7a14-ed6b-9d16e12b238e" testName="FlinkDotNet.Connectors.Sources.File.Tests.FileSourceFunctionTests.Constructor_EmptyFilePath_ThrowsArgumentNullException" computerName="DEVSTAR" duration="00:00:00.0006549" startTime="2025-06-14T22:27:07.1480577+10:00" endTime="2025-06-14T22:27:07.1486424+10:00" testType="13cdc9d9-ddb5-4fa4-a97d-d965ccfc6d4b" outcome="Passed" testListId="8c84fa94-04c1-424b-9868-57a2d4851a1d" relativeResultsDirectory="18faca30-0a68-46a0-9886-2ef02f7f687c" />
    <UnitTestResult executionId="aa1e6053-f898-4998-a5bf-27bd16dbd9b9" testId="808b43fa-8042-1d40-5955-f9a8b10f5151" testName="FlinkDotNet.Connectors.Sources.File.Tests.FileSourceFunctionTests.Constructor_ValidParameters_CreatesInstance" computerName="DEVSTAR" duration="00:00:00.0023877" startTime="2025-06-14T22:27:07.1385288+10:00" endTime="2025-06-14T22:27:07.1385849+10:00" testType="13cdc9d9-ddb5-4fa4-a97d-d965ccfc6d4b" outcome="Passed" testListId="8c84fa94-04c1-424b-9868-57a2d4851a1d" relativeResultsDirectory="aa1e6053-f898-4998-a5bf-27bd16dbd9b9" />
    <UnitTestResult executionId="23951026-302c-4454-b3d0-31e20421ed0f" testId="07e6b67b-5e69-d8d9-3e77-55dfce746c30" testName="FlinkDotNet.Connectors.Sources.File.Tests.FileSourceFunctionTests.Run_ValidFile_ReadsAllLines" computerName="DEVSTAR" duration="00:00:00.0034524" startTime="2025-06-14T22:27:07.1378881+10:00" endTime="2025-06-14T22:27:07.1379865+10:00" testType="13cdc9d9-ddb5-4fa4-a97d-d965ccfc6d4b" outcome="Passed" testListId="8c84fa94-04c1-424b-9868-57a2d4851a1d" relativeResultsDirectory="23951026-302c-4454-b3d0-31e20421ed0f" />
    <UnitTestResult executionId="6dae8d10-01fc-429b-84a6-a9c89e94da7a" testId="d58b0b0b-e5fa-2d39-9f95-cbf0d3d09804" testName="FlinkDotNet.Connectors.Sources.File.Tests.FileSourceFunctionTests.Run_NonExistentFile_HandlesGracefully" computerName="DEVSTAR" duration="00:00:00.0011367" startTime="2025-06-14T22:27:07.1061313+10:00" endTime="2025-06-14T22:27:07.1068273+10:00" testType="13cdc9d9-ddb5-4fa4-a97d-d965ccfc6d4b" outcome="Passed" testListId="8c84fa94-04c1-424b-9868-57a2d4851a1d" relativeResultsDirectory="6dae8d10-01fc-429b-84a6-a9c89e94da7a" />
    <UnitTestResult executionId="56cc911d-5b15-4f04-9540-3c6f4b717090" testId="e2c0ddcf-8ff4-b6ce-40eb-d56672bdbac5" testName="FlinkDotNet.Connectors.Sources.File.Tests.FileSourceFunctionTests.Run_FileWithSpecialCharacters_HandlesCorrectly" computerName="DEVSTAR" duration="00:00:00.0025966" startTime="2025-06-14T22:27:07.0991190+10:00" endTime="2025-06-14T22:27:07.1017659+10:00" testType="13cdc9d9-ddb5-4fa4-a97d-d965ccfc6d4b" outcome="Passed" testListId="8c84fa94-04c1-424b-9868-57a2d4851a1d" relativeResultsDirectory="56cc911d-5b15-4f04-9540-3c6f4b717090" />
    <UnitTestResult executionId="a202103b-28e5-4a72-9511-b4fa2bb977b2" testId="1b789075-8435-5050-631e-c02b559425c7" testName="FlinkDotNet.Connectors.Sources.File.Tests.FileSourceFunctionTests.Run_EmptyFile_DoesNotCollectAnything" computerName="DEVSTAR" duration="00:00:00.1664881" startTime="2025-06-14T22:27:06.8922766+10:00" endTime="2025-06-14T22:27:07.0665447+10:00" testType="13cdc9d9-ddb5-4fa4-a97d-d965ccfc6d4b" outcome="Passed" testListId="8c84fa94-04c1-424b-9868-57a2d4851a1d" relativeResultsDirectory="a202103b-28e5-4a72-9511-b4fa2bb977b2" />
    <UnitTestResult executionId="0f00ee3a-09ef-4c2b-a085-625eb21fe8b9" testId="1ff95677-9a49-9bf8-9fa3-665b7624e704" testName="FlinkDotNet.Connectors.Sources.File.Tests.FileSourceFunctionTests.Run_CancelledBeforeStart_DoesNotProcess" computerName="DEVSTAR" duration="00:00:00.0028046" startTime="2025-06-14T22:27:07.1160897+10:00" endTime="2025-06-14T22:27:07.1188334+10:00" testType="13cdc9d9-ddb5-4fa4-a97d-d965ccfc6d4b" outcome="Passed" testListId="8c84fa94-04c1-424b-9868-57a2d4851a1d" relativeResultsDirectory="0f00ee3a-09ef-4c2b-a085-625eb21fe8b9" />
    <UnitTestResult executionId="8276df4c-d2fc-4666-b191-c889312ded97" testId="075c0ceb-47a9-9dbf-6697-ac773ccba1e3" testName="FlinkDotNet.Connectors.Sources.File.Tests.FileSourceFunctionTests.Constructor_NullFilePath_ThrowsArgumentNullException" computerName="DEVSTAR" duration="00:00:00.0005201" startTime="2025-06-14T22:27:07.1487508+10:00" endTime="2025-06-14T22:27:07.1492124+10:00" testType="13cdc9d9-ddb5-4fa4-a97d-d965ccfc6d4b" outcome="Passed" testListId="8c84fa94-04c1-424b-9868-57a2d4851a1d" relativeResultsDirectory="8276df4c-d2fc-4666-b191-c889312ded97" />
    <UnitTestResult executionId="5041fbc3-75b8-4e69-94c0-89895d9854b8" testId="e26151e9-3d86-93cb-139e-d02724ef0e0a" testName="FlinkDotNet.Connectors.Sources.File.Tests.FileSourceFunctionTests.Run_LargeFile_ProcessesAllLines" computerName="DEVSTAR" duration="00:00:00.0189654" startTime="2025-06-14T22:27:07.1386728+10:00" endTime="2025-06-14T22:27:07.1462833+10:00" testType="13cdc9d9-ddb5-4fa4-a97d-d965ccfc6d4b" outcome="Passed" testListId="8c84fa94-04c1-424b-9868-57a2d4851a1d" relativeResultsDirectory="5041fbc3-75b8-4e69-94c0-89895d9854b8" />
    <UnitTestResult executionId="94308f18-b5b5-4804-9791-5fb52707b5e0" testId="2ab715b0-453d-a94b-78df-106a326b386d" testName="FlinkDotNet.Connectors.Sources.File.Tests.FileSourceFunctionTests.Run_SerializerThrowsException_ContinuesProcessing" computerName="DEVSTAR" duration="00:00:00.0256921" startTime="2025-06-14T22:27:07.0759694+10:00" endTime="2025-06-14T22:27:07.0932304+10:00" testType="13cdc9d9-ddb5-4fa4-a97d-d965ccfc6d4b" outcome="Passed" testListId="8c84fa94-04c1-424b-9868-57a2d4851a1d" relativeResultsDirectory="94308f18-b5b5-4804-9791-5fb52707b5e0" />
    <UnitTestResult executionId="9558f700-d04d-494c-8706-c87fc2a17b14" testId="75559a36-8762-7af9-2569-2c2f98c93feb" testName="FlinkDotNet.Connectors.Sources.File.Tests.FileSourceFunctionTests.Constructor_NullSerializer_ThrowsArgumentNullException" computerName="DEVSTAR" duration="00:00:00.0015084" startTime="2025-06-14T22:27:07.1464499+10:00" endTime="2025-06-14T22:27:07.1478957+10:00" testType="13cdc9d9-ddb5-4fa4-a97d-d965ccfc6d4b" outcome="Passed" testListId="8c84fa94-04c1-424b-9868-57a2d4851a1d" relativeResultsDirectory="9558f700-d04d-494c-8706-c87fc2a17b14" />
  </Results>
  <TestDefinitions>
    <UnitTest name="FlinkDotNet.Connectors.Sources.File.Tests.FileSourceFunctionTests.Run_EmptyFile_DoesNotCollectAnything" storage="c:\github\flink.net\flinkdotnet\flinkdotnet.connectors.sources.file.tests\bin\release\net8.0\flinkdotnet.connectors.sources.file.tests.dll" id="1b789075-8435-5050-631e-c02b559425c7">
      <Execution id="a202103b-28e5-4a72-9511-b4fa2bb977b2" />
      <TestMethod codeBase="C:\GitHub\FLINK.NET\FlinkDotNet\FlinkDotNet.Connectors.Sources.File.Tests\bin\Release\net8.0\FlinkDotNet.Connectors.Sources.File.Tests.dll" adapterTypeName="executor://xunit/VsTestRunner3/netcore/" className="FlinkDotNet.Connectors.Sources.File.Tests.FileSourceFunctionTests" name="Run_EmptyFile_DoesNotCollectAnything" />
    </UnitTest>
    <UnitTest name="FlinkDotNet.Connectors.Sources.File.Tests.FileSourceFunctionTests.Run_CancelledBeforeStart_DoesNotProcess" storage="c:\github\flink.net\flinkdotnet\flinkdotnet.connectors.sources.file.tests\bin\release\net8.0\flinkdotnet.connectors.sources.file.tests.dll" id="1ff95677-9a49-9bf8-9fa3-665b7624e704">
      <Execution id="0f00ee3a-09ef-4c2b-a085-625eb21fe8b9" />
      <TestMethod codeBase="C:\GitHub\FLINK.NET\FlinkDotNet\FlinkDotNet.Connectors.Sources.File.Tests\bin\Release\net8.0\FlinkDotNet.Connectors.Sources.File.Tests.dll" adapterTypeName="executor://xunit/VsTestRunner3/netcore/" className="FlinkDotNet.Connectors.Sources.File.Tests.FileSourceFunctionTests" name="Run_CancelledBeforeStart_DoesNotProcess" />
    </UnitTest>
    <UnitTest name="FlinkDotNet.Connectors.Sources.File.Tests.FileSourceFunctionTests.Constructor_NullSerializer_ThrowsArgumentNullException" storage="c:\github\flink.net\flinkdotnet\flinkdotnet.connectors.sources.file.tests\bin\release\net8.0\flinkdotnet.connectors.sources.file.tests.dll" id="75559a36-8762-7af9-2569-2c2f98c93feb">
      <Execution id="9558f700-d04d-494c-8706-c87fc2a17b14" />
      <TestMethod codeBase="C:\GitHub\FLINK.NET\FlinkDotNet\FlinkDotNet.Connectors.Sources.File.Tests\bin\Release\net8.0\FlinkDotNet.Connectors.Sources.File.Tests.dll" adapterTypeName="executor://xunit/VsTestRunner3/netcore/" className="FlinkDotNet.Connectors.Sources.File.Tests.FileSourceFunctionTests" name="Constructor_NullSerializer_ThrowsArgumentNullException" />
    </UnitTest>
    <UnitTest name="FlinkDotNet.Connectors.Sources.File.Tests.FileSourceFunctionTests.Constructor_ValidParameters_CreatesInstance" storage="c:\github\flink.net\flinkdotnet\flinkdotnet.connectors.sources.file.tests\bin\release\net8.0\flinkdotnet.connectors.sources.file.tests.dll" id="808b43fa-8042-1d40-5955-f9a8b10f5151">
      <Execution id="aa1e6053-f898-4998-a5bf-27bd16dbd9b9" />
      <TestMethod codeBase="C:\GitHub\FLINK.NET\FlinkDotNet\FlinkDotNet.Connectors.Sources.File.Tests\bin\Release\net8.0\FlinkDotNet.Connectors.Sources.File.Tests.dll" adapterTypeName="executor://xunit/VsTestRunner3/netcore/" className="FlinkDotNet.Connectors.Sources.File.Tests.FileSourceFunctionTests" name="Constructor_ValidParameters_CreatesInstance" />
    </UnitTest>
    <UnitTest name="FlinkDotNet.Connectors.Sources.File.Tests.FileSourceFunctionTests.Run_LogsStartAndFinishMessages" storage="c:\github\flink.net\flinkdotnet\flinkdotnet.connectors.sources.file.tests\bin\release\net8.0\flinkdotnet.connectors.sources.file.tests.dll" id="e4d963a7-6df7-1abd-02e1-c48615081149">
      <Execution id="e1253199-bc01-47d6-bcac-7820560b1dc5" />
      <TestMethod codeBase="C:\GitHub\FLINK.NET\FlinkDotNet\FlinkDotNet.Connectors.Sources.File.Tests\bin\Release\net8.0\FlinkDotNet.Connectors.Sources.File.Tests.dll" adapterTypeName="executor://xunit/VsTestRunner3/netcore/" className="FlinkDotNet.Connectors.Sources.File.Tests.FileSourceFunctionTests" name="Run_LogsStartAndFinishMessages" />
    </UnitTest>
    <UnitTest name="FlinkDotNet.Connectors.Sources.File.Tests.FileSourceFunctionTests.Run_SerializerThrowsException_ContinuesProcessing" storage="c:\github\flink.net\flinkdotnet\flinkdotnet.connectors.sources.file.tests\bin\release\net8.0\flinkdotnet.connectors.sources.file.tests.dll" id="2ab715b0-453d-a94b-78df-106a326b386d">
      <Execution id="94308f18-b5b5-4804-9791-5fb52707b5e0" />
      <TestMethod codeBase="C:\GitHub\FLINK.NET\FlinkDotNet\FlinkDotNet.Connectors.Sources.File.Tests\bin\Release\net8.0\FlinkDotNet.Connectors.Sources.File.Tests.dll" adapterTypeName="executor://xunit/VsTestRunner3/netcore/" className="FlinkDotNet.Connectors.Sources.File.Tests.FileSourceFunctionTests" name="Run_SerializerThrowsException_ContinuesProcessing" />
    </UnitTest>
    <UnitTest name="FlinkDotNet.Connectors.Sources.File.Tests.FileSourceFunctionTests.Run_WithIntegerData_WorksCorrectly" storage="c:\github\flink.net\flinkdotnet\flinkdotnet.connectors.sources.file.tests\bin\release\net8.0\flinkdotnet.connectors.sources.file.tests.dll" id="f6c84960-1e5f-0c56-151f-de6f203485af">
      <Execution id="44ad8fc3-d565-4d68-9066-94447934557b" />
      <TestMethod codeBase="C:\GitHub\FLINK.NET\FlinkDotNet\FlinkDotNet.Connectors.Sources.File.Tests\bin\Release\net8.0\FlinkDotNet.Connectors.Sources.File.Tests.dll" adapterTypeName="executor://xunit/VsTestRunner3/netcore/" className="FlinkDotNet.Connectors.Sources.File.Tests.FileSourceFunctionTests" name="Run_WithIntegerData_WorksCorrectly" />
    </UnitTest>
    <UnitTest name="FlinkDotNet.Connectors.Sources.File.Tests.FileSourceFunctionTests.Run_LargeFile_ProcessesAllLines" storage="c:\github\flink.net\flinkdotnet\flinkdotnet.connectors.sources.file.tests\bin\release\net8.0\flinkdotnet.connectors.sources.file.tests.dll" id="e26151e9-3d86-93cb-139e-d02724ef0e0a">
      <Execution id="5041fbc3-75b8-4e69-94c0-89895d9854b8" />
      <TestMethod codeBase="C:\GitHub\FLINK.NET\FlinkDotNet\FlinkDotNet.Connectors.Sources.File.Tests\bin\Release\net8.0\FlinkDotNet.Connectors.Sources.File.Tests.dll" adapterTypeName="executor://xunit/VsTestRunner3/netcore/" className="FlinkDotNet.Connectors.Sources.File.Tests.FileSourceFunctionTests" name="Run_LargeFile_ProcessesAllLines" />
    </UnitTest>
    <UnitTest name="FlinkDotNet.Connectors.Sources.File.Tests.FileSourceFunctionTests.Run_NonExistentFile_HandlesGracefully" storage="c:\github\flink.net\flinkdotnet\flinkdotnet.connectors.sources.file.tests\bin\release\net8.0\flinkdotnet.connectors.sources.file.tests.dll" id="d58b0b0b-e5fa-2d39-9f95-cbf0d3d09804">
      <Execution id="6dae8d10-01fc-429b-84a6-a9c89e94da7a" />
      <TestMethod codeBase="C:\GitHub\FLINK.NET\FlinkDotNet\FlinkDotNet.Connectors.Sources.File.Tests\bin\Release\net8.0\FlinkDotNet.Connectors.Sources.File.Tests.dll" adapterTypeName="executor://xunit/VsTestRunner3/netcore/" className="FlinkDotNet.Connectors.Sources.File.Tests.FileSourceFunctionTests" name="Run_NonExistentFile_HandlesGracefully" />
    </UnitTest>
    <UnitTest name="FlinkDotNet.Connectors.Sources.File.Tests.FileSourceFunctionTests.Run_SerializerReturnsNull_SkipsRecord" storage="c:\github\flink.net\flinkdotnet\flinkdotnet.connectors.sources.file.tests\bin\release\net8.0\flinkdotnet.connectors.sources.file.tests.dll" id="562d9dfc-230d-dbcb-f2fa-ada58a292005">
      <Execution id="9fba77f0-1ff4-44fe-ae3c-9d2b74014f02" />
      <TestMethod codeBase="C:\GitHub\FLINK.NET\FlinkDotNet\FlinkDotNet.Connectors.Sources.File.Tests\bin\Release\net8.0\FlinkDotNet.Connectors.Sources.File.Tests.dll" adapterTypeName="executor://xunit/VsTestRunner3/netcore/" className="FlinkDotNet.Connectors.Sources.File.Tests.FileSourceFunctionTests" name="Run_SerializerReturnsNull_SkipsRecord" />
    </UnitTest>
    <UnitTest name="FlinkDotNet.Connectors.Sources.File.Tests.FileSourceFunctionTests.Run_FileWithSpecialCharacters_HandlesCorrectly" storage="c:\github\flink.net\flinkdotnet\flinkdotnet.connectors.sources.file.tests\bin\release\net8.0\flinkdotnet.connectors.sources.file.tests.dll" id="e2c0ddcf-8ff4-b6ce-40eb-d56672bdbac5">
      <Execution id="56cc911d-5b15-4f04-9540-3c6f4b717090" />
      <TestMethod codeBase="C:\GitHub\FLINK.NET\FlinkDotNet\FlinkDotNet.Connectors.Sources.File.Tests\bin\Release\net8.0\FlinkDotNet.Connectors.Sources.File.Tests.dll" adapterTypeName="executor://xunit/VsTestRunner3/netcore/" className="FlinkDotNet.Connectors.Sources.File.Tests.FileSourceFunctionTests" name="Run_FileWithSpecialCharacters_HandlesCorrectly" />
    </UnitTest>
    <UnitTest name="FlinkDotNet.Connectors.Sources.File.Tests.FileSourceFunctionTests.Constructor_NullFilePath_ThrowsArgumentNullException" storage="c:\github\flink.net\flinkdotnet\flinkdotnet.connectors.sources.file.tests\bin\release\net8.0\flinkdotnet.connectors.sources.file.tests.dll" id="075c0ceb-47a9-9dbf-6697-ac773ccba1e3">
      <Execution id="8276df4c-d2fc-4666-b191-c889312ded97" />
      <TestMethod codeBase="C:\GitHub\FLINK.NET\FlinkDotNet\FlinkDotNet.Connectors.Sources.File.Tests\bin\Release\net8.0\FlinkDotNet.Connectors.Sources.File.Tests.dll" adapterTypeName="executor://xunit/VsTestRunner3/netcore/" className="FlinkDotNet.Connectors.Sources.File.Tests.FileSourceFunctionTests" name="Constructor_NullFilePath_ThrowsArgumentNullException" />
    </UnitTest>
    <UnitTest name="FlinkDotNet.Connectors.Sources.File.Tests.FileSourceFunctionTests.Constructor_EmptyFilePath_ThrowsArgumentNullException" storage="c:\github\flink.net\flinkdotnet\flinkdotnet.connectors.sources.file.tests\bin\release\net8.0\flinkdotnet.connectors.sources.file.tests.dll" id="7020fb84-400f-7a14-ed6b-9d16e12b238e">
      <Execution id="18faca30-0a68-46a0-9886-2ef02f7f687c" />
      <TestMethod codeBase="C:\GitHub\FLINK.NET\FlinkDotNet\FlinkDotNet.Connectors.Sources.File.Tests\bin\Release\net8.0\FlinkDotNet.Connectors.Sources.File.Tests.dll" adapterTypeName="executor://xunit/VsTestRunner3/netcore/" className="FlinkDotNet.Connectors.Sources.File.Tests.FileSourceFunctionTests" name="Constructor_EmptyFilePath_ThrowsArgumentNullException" />
    </UnitTest>
    <UnitTest name="FlinkDotNet.Connectors.Sources.File.Tests.FileSourceFunctionTests.Cancel_LogsMessage" storage="c:\github\flink.net\flinkdotnet\flinkdotnet.connectors.sources.file.tests\bin\release\net8.0\flinkdotnet.connectors.sources.file.tests.dll" id="6d6478df-f663-3d5c-813a-e6048fb699e8">
      <Execution id="f9843caa-e2fd-491c-8b00-da0e0bce4f4d" />
      <TestMethod codeBase="C:\GitHub\FLINK.NET\FlinkDotNet\FlinkDotNet.Connectors.Sources.File.Tests\bin\Release\net8.0\FlinkDotNet.Connectors.Sources.File.Tests.dll" adapterTypeName="executor://xunit/VsTestRunner3/netcore/" className="FlinkDotNet.Connectors.Sources.File.Tests.FileSourceFunctionTests" name="Cancel_LogsMessage" />
    </UnitTest>
    <UnitTest name="FlinkDotNet.Connectors.Sources.File.Tests.FileSourceFunctionTests.Run_ValidFile_ReadsAllLines" storage="c:\github\flink.net\flinkdotnet\flinkdotnet.connectors.sources.file.tests\bin\release\net8.0\flinkdotnet.connectors.sources.file.tests.dll" id="07e6b67b-5e69-d8d9-3e77-55dfce746c30">
      <Execution id="23951026-302c-4454-b3d0-31e20421ed0f" />
      <TestMethod codeBase="C:\GitHub\FLINK.NET\FlinkDotNet\FlinkDotNet.Connectors.Sources.File.Tests\bin\Release\net8.0\FlinkDotNet.Connectors.Sources.File.Tests.dll" adapterTypeName="executor://xunit/VsTestRunner3/netcore/" className="FlinkDotNet.Connectors.Sources.File.Tests.FileSourceFunctionTests" name="Run_ValidFile_ReadsAllLines" />
    </UnitTest>
    <UnitTest name="FlinkDotNet.Connectors.Sources.File.Tests.FileSourceFunctionTests.Run_CancelledDuringProcess_StopsProcessing" storage="c:\github\flink.net\flinkdotnet\flinkdotnet.connectors.sources.file.tests\bin\release\net8.0\flinkdotnet.connectors.sources.file.tests.dll" id="782f2a3d-ba2b-9bd9-0ec5-110f57bda0f5">
      <Execution id="d3ad3573-822e-4d49-bfec-1bffd6b9ff4c" />
      <TestMethod codeBase="C:\GitHub\FLINK.NET\FlinkDotNet\FlinkDotNet.Connectors.Sources.File.Tests\bin\Release\net8.0\FlinkDotNet.Connectors.Sources.File.Tests.dll" adapterTypeName="executor://xunit/VsTestRunner3/netcore/" className="FlinkDotNet.Connectors.Sources.File.Tests.FileSourceFunctionTests" name="Run_CancelledDuringProcess_StopsProcessing" />
    </UnitTest>
  </TestDefinitions>
  <TestEntries>
    <TestEntry testId="562d9dfc-230d-dbcb-f2fa-ada58a292005" executionId="9fba77f0-1ff4-44fe-ae3c-9d2b74014f02" testListId="8c84fa94-04c1-424b-9868-57a2d4851a1d" />
    <TestEntry testId="f6c84960-1e5f-0c56-151f-de6f203485af" executionId="44ad8fc3-d565-4d68-9066-94447934557b" testListId="8c84fa94-04c1-424b-9868-57a2d4851a1d" />
    <TestEntry testId="782f2a3d-ba2b-9bd9-0ec5-110f57bda0f5" executionId="d3ad3573-822e-4d49-bfec-1bffd6b9ff4c" testListId="8c84fa94-04c1-424b-9868-57a2d4851a1d" />
    <TestEntry testId="e4d963a7-6df7-1abd-02e1-c48615081149" executionId="e1253199-bc01-47d6-bcac-7820560b1dc5" testListId="8c84fa94-04c1-424b-9868-57a2d4851a1d" />
    <TestEntry testId="6d6478df-f663-3d5c-813a-e6048fb699e8" executionId="f9843caa-e2fd-491c-8b00-da0e0bce4f4d" testListId="8c84fa94-04c1-424b-9868-57a2d4851a1d" />
    <TestEntry testId="7020fb84-400f-7a14-ed6b-9d16e12b238e" executionId="18faca30-0a68-46a0-9886-2ef02f7f687c" testListId="8c84fa94-04c1-424b-9868-57a2d4851a1d" />
    <TestEntry testId="808b43fa-8042-1d40-5955-f9a8b10f5151" executionId="aa1e6053-f898-4998-a5bf-27bd16dbd9b9" testListId="8c84fa94-04c1-424b-9868-57a2d4851a1d" />
    <TestEntry testId="07e6b67b-5e69-d8d9-3e77-55dfce746c30" executionId="23951026-302c-4454-b3d0-31e20421ed0f" testListId="8c84fa94-04c1-424b-9868-57a2d4851a1d" />
    <TestEntry testId="d58b0b0b-e5fa-2d39-9f95-cbf0d3d09804" executionId="6dae8d10-01fc-429b-84a6-a9c89e94da7a" testListId="8c84fa94-04c1-424b-9868-57a2d4851a1d" />
    <TestEntry testId="e2c0ddcf-8ff4-b6ce-40eb-d56672bdbac5" executionId="56cc911d-5b15-4f04-9540-3c6f4b717090" testListId="8c84fa94-04c1-424b-9868-57a2d4851a1d" />
    <TestEntry testId="1b789075-8435-5050-631e-c02b559425c7" executionId="a202103b-28e5-4a72-9511-b4fa2bb977b2" testListId="8c84fa94-04c1-424b-9868-57a2d4851a1d" />
    <TestEntry testId="1ff95677-9a49-9bf8-9fa3-665b7624e704" executionId="0f00ee3a-09ef-4c2b-a085-625eb21fe8b9" testListId="8c84fa94-04c1-424b-9868-57a2d4851a1d" />
    <TestEntry testId="075c0ceb-47a9-9dbf-6697-ac773ccba1e3" executionId="8276df4c-d2fc-4666-b191-c889312ded97" testListId="8c84fa94-04c1-424b-9868-57a2d4851a1d" />
    <TestEntry testId="e26151e9-3d86-93cb-139e-d02724ef0e0a" executionId="5041fbc3-75b8-4e69-94c0-89895d9854b8" testListId="8c84fa94-04c1-424b-9868-57a2d4851a1d" />
    <TestEntry testId="2ab715b0-453d-a94b-78df-106a326b386d" executionId="94308f18-b5b5-4804-9791-5fb52707b5e0" testListId="8c84fa94-04c1-424b-9868-57a2d4851a1d" />
    <TestEntry testId="75559a36-8762-7af9-2569-2c2f98c93feb" executionId="9558f700-d04d-494c-8706-c87fc2a17b14" testListId="8c84fa94-04c1-424b-9868-57a2d4851a1d" />
  </TestEntries>
  <TestLists>
    <TestList name="Results Not in a List" id="8c84fa94-04c1-424b-9868-57a2d4851a1d" />
    <TestList name="All Loaded Results" id="19431567-8539-422a-85d7-44ee4e166bda" />
  </TestLists>
  <ResultSummary outcome="Completed">
    <Counters total="16" executed="16" passed="16" failed="0" error="0" timeout="0" aborted="0" inconclusive="0" passedButRunAborted="0" notRunnable="0" notExecuted="0" disconnected="0" warning="0" completed="0" inProgress="0" pending="0" />
    <Output>
      <StdOut>[xUnit.net 00:00:00.00] xUnit.net VSTest Adapter v3.1.1+bf6400fd51 (64-bit .NET 8.0.16)&#xD;
[xUnit.net 00:00:00.11]   Discovering: FlinkDotNet.Connectors.Sources.File.Tests&#xD;
[xUnit.net 00:00:00.14]   Discovered:  FlinkDotNet.Connectors.Sources.File.Tests&#xD;
[xUnit.net 00:00:00.16]   Starting:    FlinkDotNet.Connectors.Sources.File.Tests&#xD;
[xUnit.net 00:00:00.44]   Finished:    FlinkDotNet.Connectors.Sources.File.Tests&#xD;
</StdOut>
    </Output>
  </ResultSummary>
</TestRun>